******************************************************************************
                  TI ARM Linker PC v18.1.4                     
******************************************************************************
>> Linked Sun Nov 18 17:08:36 2018

OUTPUT FILE NAME:   <Period_Meas.out>
ENTRY POINT SYMBOL: "_c_int00"  address: 000039f9


MEMORY CONFIGURATION

         name            origin    length      used     unused   attr    fill
----------------------  --------  ---------  --------  --------  ----  --------
  FLASH                 00000000   00040000  0000754e  00038ab2  R  X
  SRAM                  20000000   00008000  00001866  0000679a  RW X


SEGMENT ALLOCATION MAP

run origin  load origin   length   init length attrs members
----------  ----------- ---------- ----------- ----- -------
00000000    00000000    00007558   00007558    r-x
  00000000    00000000    0000003c   0000003c    r-- .resetVecs
  00000040    00000040    000053aa   000053aa    r-x .text
  000053ec    000053ec    00001f40   00001f40    r-- .const
  00007330    00007330    00000228   00000228    r-- .cinit
20000000    20000000    00001868   00000000    rw-
  20000000    20000000    00000360   00000000    rw- .vecs
  20000360    20000360    00000da4   00000000    rw- .bss
  20001104    20001104    00000462   00000000    rw- .data
  20001568    20001568    00000300   00000000    rw- .stack


SECTION ALLOCATION MAP

 output                                  attributes/
section   page    origin      length       input sections
--------  ----  ----------  ----------   ----------------
.text      0    00000040    000053aa     
                  00000040    00000430     sysbios.aem4f : BIOS.obj (.text:ti_sysbios_family_arm_m3_Hwi_excDumpRegs__I)
                  00000470    0000034c     ti.targets.arm.rtsarm.aem4f : System.oem4f (.text:xdc_runtime_System_doPrint__I)
                  000007bc    00000004     driverlib.lib : timer.obj (.text:TimerIntClear)
                  000007c0    000002d0     sysbios.aem4f : BIOS.obj (.text:ti_sysbios_knl_Semaphore_pend__E)
                  00000a90    0000026c                   : BIOS.obj (.text:ti_sysbios_heaps_HeapMem_free__E)
                  00000cfc    00000004     rtsv7M4_T_le_v4SPD16_eabi.lib : exit.c.obj (.text:abort:abort)
                  00000d00    00000250     sysbios.aem4f : BIOS.obj (.text:ti_sysbios_heaps_HeapMem_alloc__E)
                  00000f50    000001fc                   : BIOS.obj (.text:ti_sysbios_family_arm_m3_Hwi_excHandlerMax__I)
                  0000114c    00000004     period_rtos_pem4f.oem4f (.text:ti_sysbios_BIOS_RtsGateProxy_enter__E)
                  00001150    000001f0     sysbios.aem4f : BIOS.obj (.text:ti_sysbios_knl_Task_sleep__E)
                  00001340    00000174                   : BIOS.obj (.text:ti_sysbios_family_arm_m3_Hwi_excBusFault__I)
                  000014b4    00000004     period_rtos_pem4f.oem4f (.text:ti_sysbios_BIOS_RtsGateProxy_leave__E)
                  000014b8    00000164     sysbios.aem4f : BIOS.obj (.text:ti_sysbios_family_arm_m3_Hwi_excUsageFault__I)
                  0000161c    00000150     drivers_tivaware.aem4f : GPIOTiva.oem4f (.text:GPIO_setConfig)
                  0000176c    00000004     sysbios.aem4f : BIOS.obj (.text:ti_sysbios_family_arm_lm4_Timer_masterEnable__I)
                  00001770    00000148                   : BIOS.obj (.text:ti_sysbios_family_arm_m3_Hwi_excMemFault__I)
                  000018b8    0000013c                   : BIOS.obj (.text:ti_sysbios_heaps_HeapMem_Instance_init__E)
                  000019f4    00000004     period_rtos_pem4f.oem4f (.text:ti_sysbios_family_arm_m3_TaskSupport_Module__startupDone__S)
                  000019f8    00000134     sysbios.aem4f : BIOS.obj (.text:ti_sysbios_family_arm_lm4_Timer_start__E)
                  00001b2c    00000130     driverlib.lib : gpio.obj (.text:GPIOPadConfigSet)
                  00001c5c    00000118     ti.targets.arm.rtsarm.aem4f : Error.oem4f (.text:xdc_runtime_Error_policyDefault__E)
                  00001d74    00000100     Boot.aem4f : Boot_sysctl.oem4f (.text:ti_catalog_arm_cortexm4_tiva_ce_Boot_sysCtlClockSetI__I)
                  00001e74    00000100     ti.targets.arm.rtsarm.aem4f : Core-mem.oem4f (.text:xdc_runtime_Core_createObject__I)
                  00001f74    000000f8                                 : Startup.oem4f (.text:xdc_runtime_Startup_startMods__I)
                  0000206c    000000f8     period_rtos_pem4f.oem4f (.text:xdc_runtime_System_printfExtend__I)
                  00002164    000000f4     sysbios.aem4f : m3_Hwi_asm.obj (.text:ti_sysbios_family_arm_m3_Hwi_dispatch__I)
                  00002258    000000ec                   : BIOS.obj (.text:ti_sysbios_knl_Semaphore_post__E)
                  00002344    000000cc     ti.targets.arm.rtsarm.aem4f : Core-smem.oem4f (.text:xdc_runtime_Core_constructObject__I)
                  00002410    000000bc     sysbios.aem4f : BIOS.obj (.text:ti_sysbios_family_arm_m3_Hwi_excDebugMon__I)
                  000024cc    00000004     period_rtos_pem4f.oem4f (.text:ti_sysbios_heaps_HeapMem_Module_GateProxy_enter__E)
                  000024d0    000000bc     sysbios.aem4f : BIOS.obj (.text:ti_sysbios_family_arm_m3_Hwi_excHardFault__I)
                  0000258c    00000004     period_rtos_pem4f.oem4f (.text:ti_sysbios_heaps_HeapMem_Module_GateProxy_leave__E)
                  00002590    000000b4     sysbios.aem4f : BIOS.obj (.text:ti_sysbios_gates_GateMutex_enter__E)
                  00002644    00000004     period_rtos_pem4f.oem4f (.text:ti_sysbios_knl_Clock_TimerProxy_getMaxTicks__E)
                  00002648    000000b4     sysbios.aem4f : BIOS.obj (.text:ti_sysbios_knl_Task_checkStacks__E)
                  000026fc    00000004     period_rtos_pem4f.oem4f (.text:ti_sysbios_knl_Queue_destruct)
                  00002700    000000ac     sysbios.aem4f : BIOS.obj (.text:ti_sysbios_family_arm_lm4_Timer_enableTiva__I)
                  000027ac    00000004     period_rtos_pem4f.oem4f (.text:ti_sysbios_knl_Semaphore_destruct)
                  000027b0    000000a8     sysbios.aem4f : BIOS.obj (.text:ti_sysbios_family_arm_lm4_Timer_enableTimers__I)
                  00002858    000000a8                   : BIOS.obj (.text:ti_sysbios_knl_Task_postInit__I)
                  00002900    000000a0     auto_init.aem4f : auto_init.oem4f (.text)
                  000029a0    000000a0     ti.targets.arm.rtsarm.aem4f : Text.oem4f (.text:xdc_runtime_Text_putMod__E)
                  00002a40    0000009c     rtsv7M4_T_le_v4SPD16_eabi.lib : memcpy_t2.asm.obj (.text)
                  00002adc    00000004     ti.targets.arm.rtsarm.aem4f : Error.oem4f (.text:xdc_runtime_Error_getSite__E)
                  00002ae0    0000009c     sysbios.aem4f : BIOS.obj (.text:ti_sysbios_knl_Semaphore_Instance_init__E)
                  00002b7c    0000009a     ti.targets.arm.rtsarm.aem4f : Text.oem4f (.text:xdc_runtime_Text_putSite__E)
                  00002c16    00000002     rtsv7M4_T_le_v4SPD16_eabi.lib : _lock.c.obj (.text:_nop)
                  00002c18    00000098     Boot.aem4f : Boot.oem4f (.text:ti_catalog_arm_cortexm4_tiva_ce_Boot_sysCtlClockSet__E)
                  00002cb0    00000094     period_main.obj (.text:periodInit)
                  00002d44    00000004     period_rtos_pem4f.oem4f (.text:xdc_runtime_System_Module_GateProxy_enter__E)
                  00002d48    00000094     sysbios.aem4f : BIOS.obj (.text:ti_sysbios_family_arm_m3_Hwi_Instance_init__E)
                  00002ddc    00000004     period_rtos_pem4f.oem4f (.text:xdc_runtime_System_Module_GateProxy_leave__E)
                  00002de0    00000094     sysbios.aem4f : BIOS.obj (.text:ti_sysbios_family_arm_m3_Hwi_initNVIC__E)
                  00002e74    00000090     period_main.obj (.text:main)
                  00002f04    0000008c     drivers_tivaware.aem4f : GPIOTiva.oem4f (.text:GPIO_init)
                  00002f90    0000008c     sysbios.aem4f : m3_TaskSupport_asm.obj (.text:ti_sysbios_family_arm_m3_TaskSupport_buildTaskStack)
                  0000301c    00000004     ti.targets.arm.rtsarm.aem4f : System.oem4f (.text:xdc_runtime_System_aprintf_va__F)
                  00003020    00000084     sysbios.aem4f : BIOS.obj (.text:ti_sysbios_family_arm_m3_Hwi_postInit__I)
                  000030a4    0000007c     period_main.obj (.text:pwmInit)
                  00003120    0000007a     rtsv7M4_T_le_v4SPD16_eabi.lib : memset_t2.asm.obj (.text)
                  0000319a    00000006     driverlib.lib : gpio.obj (.text:GPIOIntClear)
                  000031a0    00000070     sysbios.aem4f : BIOS.obj (.text:ti_sysbios_knl_Clock_workFunc__E)
                  00003210    00000070                   : BIOS.obj (.text:ti_sysbios_knl_Task_exit__E)
                  00003280    0000006d     ti.targets.arm.rtsarm.aem4f : System.oem4f (.text:xdc_runtime_System_formatNum__I)
                  000032ed    00000001     --HOLE-- [fill = 0]
                  000032ee    00000002     rtsv7M4_T_le_v4SPD16_eabi.lib : div0.asm.obj (.text)
                  000032f0    0000006c     sysbios.aem4f : BIOS.obj (.text:ti_sysbios_knl_Swi_restoreHwi__E)
                  0000335c    0000006c     ti.targets.arm.rtsarm.aem4f : Error.oem4f (.text:xdc_runtime_Error_print__E)
                  000033c8    0000006c                                 : Memory.oem4f (.text:xdc_runtime_Memory_alloc__E)
                  00003434    00000068     driverlib.lib : interrupt.obj (.text:IntEnable)
                  0000349c    00000068     rtsv7M4_T_le_v4SPD16_eabi.lib : copy_decompress_lzss.c.obj (.text:decompress:lzss:__TI_decompress_lzss)
                  00003504    00000066     ti.targets.arm.rtsarm.aem4f : Core-mem.oem4f (.text:xdc_runtime_Core_deleteObject__I)
                  0000356a    00000002     period_rtos_pem4f.oem4f (.text:ti_sysbios_BIOS_nullFunc__I)
                  0000356c    00000064     drivers_tivaware.aem4f : GPIOTiva.oem4f (.text:GPIO_hwiIntFxn)
                  000035d0    00000064     sysbios.aem4f : BIOS.obj (.text:ti_sysbios_family_arm_lm4_Timer_Module_startup__E)
                  00003634    00000064     period_rtos_pem4f.oem4f (.text:ti_sysbios_family_arm_m3_Hwi_create)
                  00003698    00000064     sysbios.aem4f : BIOS.obj (.text:ti_sysbios_family_arm_m3_Hwi_dispatchC__I)
                  000036fc    00000060     driverlib.lib : timer.obj (.text:TimerConfigure)
                  0000375c    00000004     ti.targets.arm.rtsarm.aem4f : System.oem4f (.text:xdc_runtime_System_printf_va__F)
                  00003760    00000060     sysbios.aem4f : BIOS.obj (.text:ti_sysbios_family_arm_lm4_Timer_isrStub__E)
                  000037c0    00000060                   : BIOS.obj (.text:ti_sysbios_knl_Task_schedule__I)
                  00003820    0000005c                   : BIOS.obj (.text:ti_sysbios_knl_Swi_run__I)
                  0000387c    00000002     period_rtos_pem4f.oem4f (.text:xdc_runtime_Startup_reset__I)
                  0000387e    00000002     --HOLE-- [fill = 0]
                  00003880    0000005c     sysbios.aem4f : BIOS.obj (.text:ti_sysbios_knl_Swi_schedule__I)
                  000038dc    00000004     --HOLE-- [fill = 0]
                  000038e0    0000005c                   : BIOS.obj (.text:ti_sysbios_knl_Task_Module_startup__E)
                  0000393c    00000004     --HOLE-- [fill = 0]
                  00003940    0000005c                   : BIOS.obj (.text:ti_sysbios_knl_Task_startCore__E)
                  0000399c    0000005b     ti.targets.arm.rtsarm.aem4f : Text.oem4f (.text:xdc_runtime_Text_putLab__E)
                  000039f7    00000001     --HOLE-- [fill = 0]
                  000039f8    00000058     boot.aem4f : boot.oem4f (.text)
                  00003a50    00000058     rtsv7M4_T_le_v4SPD16_eabi.lib : hostwrite.c.obj (.text:HOSTwrite)
                  00003aa8    00000058     sysbios.aem4f : m3_Hwi_asm_switch.obj (.text:ti_sysbios_family_arm_m3_Hwi_initStacks__E)
                  00003b00    00000056     driverlib.lib : gpio.obj (.text:GPIOIntTypeSet)
                  00003b56    00000002     --HOLE-- [fill = 0]
                  00003b58    00000054     ti.targets.arm.rtsarm.aem4f : Assert.oem4f (.text:xdc_runtime_Assert_raise__I)
                  00003bac    00000050     drivers_tivaware.aem4f : GPIOTiva.oem4f (.text:GPIO_setCallback)
                  00003bfc    00000050                            : GPIOTiva.oem4f (.text:GPIO_toggle)
                  00003c4c    00000050                            : GPIOTiva.oem4f (.text:GPIO_write)
                  00003c9c    00000050     driverlib.lib : sysctl.obj (.text:SysCtlPeripheralReset)
                  00003cec    00000004     --HOLE-- [fill = 0]
                  00003cf0    00000050     sysbios.aem4f : BIOS.obj (.text:ti_sysbios_family_arm_m3_Hwi_Module_startup__E)
                  00003d40    00000050     ti.targets.arm.rtsarm.aem4f : Startup.oem4f (.text:xdc_runtime_Startup_exec__E)
                  00003d90    00000050                                 : Text.oem4f (.text:xdc_runtime_Text_visitRope2__I)
                  00003de0    0000004c     rtsv7M4_T_le_v4SPD16_eabi.lib : cpy_tbl.c.obj (.text:copy_in)
                  00003e2c    00000004     --HOLE-- [fill = 0]
                  00003e30    0000004c     sysbios.aem4f : BIOS.obj (.text:ti_sysbios_heaps_HeapMem_getStats__E)
                  00003e7c    00000004     --HOLE-- [fill = 0]
                  00003e80    0000004c                   : BIOS.obj (.text:ti_sysbios_knl_Swi_runLoop__I)
                  00003ecc    00000004     --HOLE-- [fill = 0]
                  00003ed0    0000004c                   : BIOS.obj (.text:ti_sysbios_knl_Task_allBlockedFunction__I)
                  00003f1c    00000048     driverlib.lib : gpio.obj (.text:GPIOPinConfigure)
                  00003f64    00000004     --HOLE-- [fill = 0]
                  00003f68    00000048     sysbios.aem4f : BIOS.obj (.text:ti_sysbios_family_arm_m3_Hwi_disableInterrupt__E)
                  00003fb0    00000048                   : BIOS.obj (.text:ti_sysbios_family_arm_m3_Hwi_enableInterrupt__E)
                  00003ff8    00000048                   : BIOS.obj (.text:ti_sysbios_family_arm_m3_Hwi_excReserved__I)
                  00004040    00000046     ti.targets.arm.rtsarm.aem4f : Core-params.oem4f (.text:xdc_runtime_Core_assignParams__I)
                  00004086    00000002     --HOLE-- [fill = 0]
                  00004088    00000044     sysbios.aem4f : BIOS.obj (.text:ti_sysbios_family_arm_m3_Hwi_getStackInfo__E)
                  000040cc    00000004     --HOLE-- [fill = 0]
                  000040d0    00000044                   : BIOS.obj (.text:ti_sysbios_knl_Swi_post__E)
                  00004114    00000044     ti.targets.arm.rtsarm.aem4f : Error.oem4f (.text:xdc_runtime_Error_setX__E)
                  00004158    00000044                                 : SysMin.oem4f (.text:xdc_runtime_SysMin_flush__E)
                  0000419c    00000044                                 : Text.oem4f (.text:xdc_runtime_Text_xprintf__I)
                  000041e0    00000040     EK_TM4C123GXL.obj (.text:EK_TM4C123GXL_initGeneral)
                  00004220    00000040     rtsv7M4_T_le_v4SPD16_eabi.lib : u_divt2.asm.obj (.text)
                  00004260    00000040     sysbios.aem4f : BIOS.obj (.text:ti_sysbios_family_arm_lm4_Timer_startup__E)
                  000042a0    0000003c     period_main.obj (.text:captureEvent_HWI)
                  000042dc    00000004     --HOLE-- [fill = 0]
                  000042e0    0000003c     sysbios.aem4f : BIOS.obj (.text:ti_sysbios_family_arm_m3_Hwi_excSvCall__I)
                  0000431c    00000004     --HOLE-- [fill = 0]
                  00004320    0000003c                   : BIOS.obj (.text:ti_sysbios_heaps_HeapMem_init__I)
                  0000435c    00000004     --HOLE-- [fill = 0]
                  00004360    0000003c                   : BIOS.obj (.text:ti_sysbios_knl_Swi_restore__E)
                  0000439c    00000038     driverlib.lib : sysctl.obj (.text:SysCtlPeripheralReady)
                  000043d4    00000038     rtsv7M4_T_le_v4SPD16_eabi.lib : trgmsg.c.obj (.text:__TI_writemsg)
                  0000440c    00000004     --HOLE-- [fill = 0]
                  00004410    00000038     sysbios.aem4f : BIOS.obj (.text:ti_sysbios_family_arm_m3_Hwi_excNoIsr__I)
                  00004448    00000038                   : BIOS.obj (.text:ti_sysbios_knl_Task_processVitalTaskFlag__I)
                  00004480    00000038     ti.targets.arm.rtsarm.aem4f : SysMin.oem4f (.text:xdc_runtime_SysMin_putch__E)
                  000044b8    00000038                                 : System.oem4f (.text:xdc_runtime_System_atexit__E)
                  000044f0    00000034     driverlib.lib : sysctl.obj (.text:SysCtlPeripheralEnable)
                  00004524    00000034     rtsv7M4_T_le_v4SPD16_eabi.lib : trgmsg.c.obj (.text:__TI_readmsg)
                  00004558    00000034     sysbios.aem4f : BIOS.obj (.text:ti_sysbios_family_arm_m3_Hwi_Instance_finalize__E)
                  0000458c    00000004     --HOLE-- [fill = 0]
                  00004590    00000034                   : BIOS.obj (.text:ti_sysbios_family_arm_m3_Hwi_excNmi__I)
                  000045c4    00000004     --HOLE-- [fill = 0]
                  000045c8    00000034                   : BIOS.obj (.text:ti_sysbios_hal_Hwi_checkStack)
                  000045fc    00000034     ti.targets.arm.rtsarm.aem4f : Core-label.oem4f (.text:xdc_runtime_Core_assignLabel__I)
                  00004630    00000033                                 : Text.oem4f (.text:xdc_runtime_Text_printVisFxn__I)
                  00004663    00000005     --HOLE-- [fill = 0]
                  00004668    00000032     sysbios.aem4f : BIOS.obj (.text:ti_sysbios_hal_Hwi_initStack)
                  0000469a    00000002     --HOLE-- [fill = 0]
                  0000469c    00000030     EK_TM4C123GXL.obj (.text:EK_TM4C123GXL_initGPIO)
                  000046cc    00000030     period_rtos_pem4f.oem4f (.text:ti_sysbios_BIOS_atExitFunc__I)
                  000046fc    00000004     --HOLE-- [fill = 0]
                  00004700    00000030     sysbios.aem4f : BIOS.obj (.text:ti_sysbios_family_arm_lm4_Timer_stop__E)
                  00004730    00000030                   : BIOS.obj (.text:ti_sysbios_family_arm_m3_TaskSupport_start__E)
                  00004760    00000030     period_rtos_pem4f.oem4f (.text:ti_sysbios_gates_GateHwi_Object__create__S)
                  00004790    00000030     period_rtos_pem4f.oem4f (.text:ti_sysbios_gates_GateMutex_Object__create__S)
                  000047c0    00000030     period_rtos_pem4f.oem4f (.text:ti_sysbios_heaps_HeapMem_Object__create__S)
                  000047f0    00000030     period_rtos_pem4f.oem4f (.text:ti_sysbios_knl_Semaphore_construct)
                  00004820    00000030     sysbios.aem4f : BIOS.obj (.text:ti_sysbios_knl_Semaphore_pendTimeout__I)
                  00004850    00000030                   : BIOS.obj (.text:ti_sysbios_knl_Task_unblockI__E)
                  00004880    00000030     ti.targets.arm.rtsarm.aem4f : SysMin.oem4f (.text:xdc_runtime_SysMin_abort__E)
                  000048b0    00000030                                 : System.oem4f (.text:xdc_runtime_System_processAtExit__E)
                  000048e0    0000002c     period_rtos_pem4f.oem4f (.text:ti_sysbios_knl_Clock_doTick__I)
                  0000490c    0000002c     period_rtos_pem4f.oem4f (.text:ti_sysbios_knl_Queue_construct)
                  00004938    0000002c     sysbios.aem4f : BIOS.obj (.text:ti_sysbios_knl_Task_restore__E)
                  00004964    0000002c     ti.targets.arm.rtsarm.aem4f : Text.oem4f (.text:xdc_runtime_Text_cordText__E)
                  00004990    0000002a     driverlib.lib : gpio.obj (.text:GPIODirModeSet)
                  000049ba    0000002a     ti.targets.arm.rtsarm.aem4f : System.oem4f (.text:xdc_runtime_System_putchar__I)
                  000049e4    00000004     --HOLE-- [fill = 0]
                  000049e8    00000028     sysbios.aem4f : BIOS.obj (.text:ti_sysbios_knl_Swi_Module_startup__E)
                  00004a10    00000026                   : m3_Hwi_asm.obj (.text:ti_sysbios_family_arm_m3_Hwi_pendSV__I)
                  00004a36    00000026     ti.targets.arm.rtsarm.aem4f : System.oem4f (.text:xdc_runtime_System_avprintf__E)
                  00004a5c    00000024     period_rtos_pem4f.oem4f (.text:ti_sysbios_BIOS_errorRaiseHook__I)
                  00004a80    00000024     period_rtos_pem4f.oem4f (.text:ti_sysbios_BIOS_registerRTSLock__I)
                  00004aa4    00000024     period_rtos_pem4f.oem4f (.text:ti_sysbios_BIOS_removeRTSLock__I)
                  00004ac8    00000024     period_rtos_pem4f.oem4f (.text:ti_sysbios_BIOS_startFunc__I)
                  00004aec    00000024     period_rtos_pem4f.oem4f (.text:ti_sysbios_gates_GateMutex_Object__delete__S)
                  00004b10    00000024     sysbios.aem4f : BIOS.obj (.text:ti_sysbios_knl_Clock_Module_startup__E)
                  00004b34    00000004     --HOLE-- [fill = 0]
                  00004b38    00000024                   : BIOS.obj (.text:ti_sysbios_knl_Task_restoreHwi__E)
                  00004b5c    00000024     ti.targets.arm.rtsarm.aem4f : System.oem4f (.text:xdc_runtime_System_vprintf__E)
                  00004b80    00000022     driverlib.lib : pwm.obj (.text:PWMGenConfigure)
                  00004ba2    00000006                   : gpio.obj (.text:GPIOPinRead)
                  00004ba8    00000022     sysbios.aem4f : BIOS.obj (.text:ti_sysbios_family_arm_lm4_Timer_write__I)
                  00004bca    00000022     period_rtos_pem4f.oem4f (.text:xdc_runtime_SysMin_output__I)
                  00004bec    00000020     period_rtos_pem4f.oem4f (.text:ti_sysbios_BIOS_rtsLock__I)
                  00004c0c    00000020     sysbios.aem4f : m3_Hwi_asm.obj (.text:ti_sysbios_family_arm_m3_Hwi_excHandlerAsm__I)
                  00004c2c    00000004     --HOLE-- [fill = 0]
                  00004c30    00000020                   : BIOS.obj (.text:ti_sysbios_family_arm_m3_Hwi_excHandler__I)
                  00004c50    00000020     period_rtos_pem4f.oem4f (.text:ti_sysbios_gates_GateHwi_Object__delete__S)
                  00004c70    00000020     period_rtos_pem4f.oem4f (.text:ti_sysbios_heaps_HeapMem_Object__delete__S)
                  00004c90    00000020     sysbios.aem4f : BIOS.obj (.text:ti_sysbios_knl_Idle_run__E)
                  00004cb0    00000020     period_rtos_pem4f.oem4f (.text:ti_sysbios_knl_Semaphore_Object__destruct__S)
                  00004cd0    00000020     ti.targets.arm.rtsarm.aem4f : Registry.oem4f (.text:xdc_runtime_Registry_findById__E)
                  00004cf0    00000020                                 : SysMin.oem4f (.text:xdc_runtime_SysMin_Module_startup__E)
                  00004d10    0000001e     driverlib.lib : pwm.obj (.text:PWMPulseWidthSet)
                  00004d2e    0000001e     sysbios.aem4f : m3_Hwi_asm_switch.obj (.text:ti_sysbios_family_xxx_Hwi_switchAndRunFunc)
                  00004d4c    0000001c     drivers_tivaware.aem4f : GPIOTiva.oem4f (.text:getGpioIntIndex)
                  00004d68    0000001c     sysbios.aem4f : BIOS.obj (.text:ti_sysbios_gates_GateMutex_Instance_init__E)
                  00004d84    0000001c     period_rtos_pem4f.oem4f (.text:ti_sysbios_knl_Queue_Object__destruct__S)
                  00004da0    0000001c     sysbios.aem4f : BIOS.obj (.text:ti_sysbios_knl_Task_enter__I)
                  00004dbc    0000001c     ti.targets.arm.rtsarm.aem4f : Error.oem4f (.text:xdc_runtime_Error_raiseX__E)
                  00004dd8    0000001c                                 : Memory.oem4f (.text:xdc_runtime_Memory_valloc__E)
                  00004df4    0000001c                                 : SysMin.oem4f (.text:xdc_runtime_SysMin_exit__E)
                  00004e10    0000001c                                 : System.oem4f (.text:xdc_runtime_System_abort__E)
                  00004e2c    0000001a     period_main.obj (.text:heartBeat_TASK)
                  00004e46    0000001a     period_rtos_pem4f.oem4f (.text:ti_sysbios_family_arm_m3_Hwi_Handle__label__S)
                  00004e60    0000001a     period_rtos_pem4f.oem4f (.text:ti_sysbios_gates_GateHwi_Handle__label__S)
                  00004e7a    0000001a     period_rtos_pem4f.oem4f (.text:ti_sysbios_gates_GateMutex_Handle__label__S)
                  00004e94    0000001a     period_rtos_pem4f.oem4f (.text:ti_sysbios_heaps_HeapMem_Handle__label__S)
                  00004eae    0000001a     period_rtos_pem4f.oem4f (.text:ti_sysbios_knl_Swi_Handle__label__S)
                  00004ec8    0000001a     period_rtos_pem4f.oem4f (.text:ti_sysbios_knl_Task_Handle__label__S)
                  00004ee2    0000001a     period_rtos_pem4f.oem4f (.text:xdc_runtime_System_aprintf__E)
                  00004efc    0000001a     period_rtos_pem4f.oem4f (.text:xdc_runtime_System_printf__E)
                  00004f16    00000002     --HOLE-- [fill = 0]
                  00004f18    00000018     rtsv7M4_T_le_v4SPD16_eabi.lib : args_main.c.obj (.text:_args_main)
                  00004f30    00000018     period_rtos_pem4f.oem4f (.text:ti_sysbios_BIOS_rtsUnlock__I)
                  00004f48    00000018     period_rtos_pem4f.oem4f (.text:ti_sysbios_family_arm_lm4_Timer_Module__startupDone__F)
                  00004f60    00000018     period_rtos_pem4f.oem4f (.text:ti_sysbios_family_arm_m3_Hwi_Module__startupDone__F)
                  00004f78    00000018     sysbios.aem4f : m3_TaskSupport_asm.obj (.text:ti_sysbios_family_arm_m3_TaskSupport_swap__E)
                  00004f90    00000018                   : BIOS.obj (.text:ti_sysbios_gates_GateMutex_leave__E)
                  00004fa8    00000018                   : BIOS.obj (.text:ti_sysbios_knl_Task_sleepTimeout__I)
                  00004fc0    00000018     ti.targets.arm.rtsarm.aem4f : Error.oem4f (.text:xdc_runtime_Error_check__E)
                  00004fd8    00000018                                 : System.oem4f (.text:xdc_runtime_System_exit__E)
                  00004ff0    00000018                                 : Text.oem4f (.text:xdc_runtime_Text_ropeText__E)
                  00005008    00000016     driverlib.lib : timer.obj (.text:TimerControlEvent)
                  0000501e    00000016     period_rtos_pem4f.oem4f (.text:ti_sysbios_BIOS_exitFunc__I)
                  00005034    00000014     driverlib.lib : sysctl.obj (.text:SysCtlPWMClockSet)
                  00005048    00000014                   : timer.obj (.text:TimerDisable)
                  0000505c    00000014     rtsv7M4_T_le_v4SPD16_eabi.lib : strlen.c.obj (.text:strlen)
                  00005070    00000014     period_rtos_pem4f.oem4f (.text:ti_sysbios_family_arm_m3_Hwi_Object__get__S)
                  00005084    00000004     --HOLE-- [fill = 0]
                  00005088    00000014     sysbios.aem4f : BIOS.obj (.text:ti_sysbios_family_arm_m3_Hwi_switchFromBootStack__E)
                  0000509c    00000014     period_rtos_pem4f.oem4f (.text:ti_sysbios_heaps_HeapMem_Object__get__S)
                  000050b0    00000014     period_rtos_pem4f.oem4f (.text:ti_sysbios_knl_Swi_Object__get__S)
                  000050c4    00000012     driverlib.lib : gpio.obj (.text:GPIOPinTypeGPIOInput)
                  000050d6    00000012                   : gpio.obj (.text:GPIOPinTypePWM)
                  000050e8    00000012                   : gpio.obj (.text:GPIOPinTypeTimer)
                  000050fa    00000012                   : pwm.obj (.text:PWMOutputState)
                  0000510c    00000012                   : timer.obj (.text:TimerLoadSet)
                  0000511e    00000012                   : timer.obj (.text:TimerPrescaleSet)
                  00005130    00000012     sysbios.aem4f : BIOS.obj (.text:ti_sysbios_hal_Hwi_Module_startup__E)
                  00005142    00000012     period_rtos_pem4f.oem4f (.text:xdc_runtime_Startup_exec__I)
                  00005154    00000010     driverlib.lib : pwm.obj (.text:PWMGenPeriodSet)
                  00005164    00000004     --HOLE-- [fill = 0]
                  00005168    00000010     sysbios.aem4f : BIOS.obj (.text:ti_sysbios_BIOS_setThreadType__E)
                  00005178    00000010                   : BIOS.obj (.text:ti_sysbios_BIOS_start__E)
                  00005188    00000010                   : m3_TaskSupport_asm.obj (.text:ti_sysbios_family_arm_m3_TaskSupport_glue)
                  00005198    00000010                   : BIOS.obj (.text:ti_sysbios_gates_GateMutex_Instance_finalize__E)
                  000051a8    00000010                   : BIOS.obj (.text:ti_sysbios_knl_Semaphore_Instance_finalize__E)
                  000051b8    00000010                   : BIOS.obj (.text:ti_sysbios_knl_Swi_disable__E)
                  000051c8    00000010     period_rtos_pem4f.oem4f (.text:ti_sysbios_knl_Task_Object__get__S)
                  000051d8    00000010     sysbios.aem4f : BIOS.obj (.text:ti_sysbios_knl_Task_disable__E)
                  000051e8    00000010     ti.targets.arm.rtsarm.aem4f : Gate.oem4f (.text:xdc_runtime_Gate_leaveSystem__E)
                  000051f8    00000010                                 : Memory.oem4f (.text:xdc_runtime_Memory_free__E)
                  00005208    00000010                                 : SysMin.oem4f (.text:xdc_runtime_SysMin_ready__E)
                  00005218    00000010                                 : System.oem4f (.text:xdc_runtime_System_vsnprintf__E)
                  00005228    00000010     period_rtos_pem4f.oem4f (.text:xdc_runtime_Text_visitRope__I)
                  00005238    0000000e     driverlib.lib : gpio.obj (.text:GPIOIntStatus)
                  00005246    0000000e                   : timer.obj (.text:TimerEnable)
                  00005254    0000000e     rtsv7M4_T_le_v4SPD16_eabi.lib : copy_decompress_none.c.obj (.text:decompress:none:__TI_decompress_none)
                  00005262    00000006     driverlib.lib : gpio.obj (.text:GPIOPinWrite)
                  00005268    0000000e     sysbios.aem4f : BIOS.obj (.text:ti_sysbios_knl_Idle_loop__E)
                  00005276    00000002     --HOLE-- [fill = 0]
                  00005278    0000000e                   : BIOS.obj (.text:ti_sysbios_knl_Queue_empty__E)
                  00005286    00000002     --HOLE-- [fill = 0]
                  00005288    0000000c     period_rtos_pem4f.oem4f (.text:.bootCodeSection:ti_catalog_arm_cortexm4_tiva_ce_Boot_init__I)
                  00005294    0000000c     driverlib.lib : pwm.obj (.text:PWMGenEnable)
                  000052a0    0000000c     rtsv7M4_T_le_v4SPD16_eabi.lib : _lock.c.obj (.text:_register_lock)
                  000052ac    0000000c                                   : _lock.c.obj (.text:_register_unlock)
                  000052b8    0000000c                                   : copy_zero_init.c.obj (.text:decompress:ZI:__TI_zero_init)
                  000052c4    00000004     --HOLE-- [fill = 0]
                  000052c8    0000000c     sysbios.aem4f : BIOS.obj (.text:ti_sysbios_family_arm_lm4_Timer_getMaxTicks__E)
                  000052d4    0000000c     period_rtos_pem4f.oem4f (.text:ti_sysbios_family_arm_m3_Hwi_Params__init__S)
                  000052e0    0000000c     sysbios.aem4f : BIOS.obj (.text:ti_sysbios_family_arm_m3_Hwi_disableFxn__E)
                  000052ec    00000004     --HOLE-- [fill = 0]
                  000052f0    0000000c                   : BIOS.obj (.text:ti_sysbios_family_arm_m3_TaskSupport_checkStack__E)
                  000052fc    00000004     --HOLE-- [fill = 0]
                  00005300    0000000c                   : BIOS.obj (.text:ti_sysbios_gates_GateHwi_enter__E)
                  0000530c    0000000c     period_rtos_pem4f.oem4f (.text:ti_sysbios_knl_Queue_Object__get__S)
                  00005318    0000000c     ti.targets.arm.rtsarm.aem4f : Error.oem4f (.text:xdc_runtime_Error_init__E)
                  00005324    0000000c                                 : Gate.oem4f (.text:xdc_runtime_Gate_enterSystem__E)
                  00005330    0000000c                                 : Memory.oem4f (.text:xdc_runtime_Memory_calloc__E)
                  0000533c    0000000c                                 : Memory.oem4f (.text:xdc_runtime_Memory_getMaxDefaultTypeAlign__E)
                  00005348    0000000a     driverlib.lib : timer.obj (.text:TimerValueGet)
                  00005352    0000000a     period_rtos_pem4f.oem4f (.text:xdc_runtime_IHeap_alloc)
                  0000535c    0000000a     period_rtos_pem4f.oem4f (.text:xdc_runtime_IHeap_free)
                  00005366    00000008     driverlib.lib : timer.obj (.text:TimerIntEnable)
                  0000536e    00000008     sysbios.aem4f : BIOS.obj (.text:ti_sysbios_family_arm_lm4_Timer_masterDisable__I)
                  00005376    00000002     --HOLE-- [fill = 0]
                  00005378    00000008                   : BIOS.obj (.text:ti_sysbios_family_arm_m3_Hwi_doSwiRestore__I)
                  00005380    00000008                   : BIOS.obj (.text:ti_sysbios_family_arm_m3_Hwi_startup__E)
                  00005388    00000006     Boot.aem4f : Boot_sysctl.oem4f (.text:ti_catalog_arm_cortexm4_tiva_ce_Boot_sysCtlDelayI__I)
                  0000538e    00000002     --HOLE-- [fill = 0]
                  00005390    00000006     sysbios.aem4f : BIOS.obj (.text:ti_sysbios_family_arm_m3_Hwi_doTaskRestore__I)
                  00005396    00000002     --HOLE-- [fill = 0]
                  00005398    00000006                   : BIOS.obj (.text:ti_sysbios_family_arm_m3_Hwi_restoreFxn__E)
                  0000539e    00000002     --HOLE-- [fill = 0]
                  000053a0    00000006                   : BIOS.obj (.text:ti_sysbios_gates_GateHwi_leave__E)
                  000053a6    00000002     --HOLE-- [fill = 0]
                  000053a8    00000006                   : BIOS.obj (.text:ti_sysbios_heaps_HeapMem_isBlocking__E)
                  000053ae    00000002     --HOLE-- [fill = 0]
                  000053b0    00000006                   : BIOS.obj (.text:ti_sysbios_knl_Queue_Instance_init__E)
                  000053b6    00000002     --HOLE-- [fill = 0]
                  000053b8    00000006                   : BIOS.obj (.text:ti_sysbios_knl_Swi_startup__E)
                  000053be    00000006     ti.targets.arm.rtsarm.aem4f : System.oem4f (.text:xdc_runtime_System_Module_startup__E)
                  000053c4    00000004     --HOLE-- [fill = 0]
                  000053c8    00000004     sysbios.aem4f : BIOS.obj (.text:ti_sysbios_gates_GateHwi_query__E)
                  000053cc    00000004     --HOLE-- [fill = 0]
                  000053d0    00000004                   : BIOS.obj (.text:ti_sysbios_gates_GateMutex_query__E)
                  000053d4    00000004     --HOLE-- [fill = 0]
                  000053d8    00000004                   : BIOS.obj (.text:ti_sysbios_knl_Task_startup__E)
                  000053dc    00000004     --HOLE-- [fill = 0]
                  000053e0    00000002                   : BIOS.obj (.text:ti_sysbios_gates_GateHwi_Instance_init__E)
                  000053e2    00000006     --HOLE-- [fill = 0]
                  000053e8    00000002                   : BIOS.obj (.text:ti_sysbios_knl_Clock_logTick__E)

.const     0    000053ec    00001f40     
                  000053ec    0000188f     period_rtos_pem4f.oem4f (.const:xdc_runtime_Text_charTab__A)
                  00006c7b    00000001     period_rtos_pem4f.oem4f (.const:xdc_runtime_Error_policy__C)
                  00006c7c    000000bc     period_rtos_pem4f.oem4f (.const:xdc_runtime_Text_nodeTab__A)
                  00006d38    00000090     driverlib.lib : gpio.obj (.const:g_pui32GPIOBaseAddrs)
                  00006dc8    00000070                   : interrupt.obj (.const)
                  00006e38    00000054     drivers_tivaware.aem4f : GPIOTiva.oem4f (.const:.string)
                  00006e8c    00000048     period_rtos_pem4f.oem4f (.const:.string)
                  00006ed4    00000048     drivers_tivaware.aem4f : GPIOTiva.oem4f (.const:gpioBaseAddresses)
                  00006f1c    00000030     period_rtos_pem4f.oem4f (.const:ti_sysbios_family_arm_m3_Hwi_Object__PARAMS__C)
                  00006f4c    00000028     period_rtos_pem4f.oem4f (.const:ti_sysbios_heaps_HeapMem_Module__FXNS__C)
                  00006f74    00000024     period_rtos_pem4f.oem4f (.const:ti_sysbios_gates_GateHwi_Module__FXNS__C)
                  00006f98    00000024     period_rtos_pem4f.oem4f (.const:ti_sysbios_gates_GateMutex_Module__FXNS__C)
                  00006fbc    00000024     period_rtos_pem4f.oem4f (.const:ti_sysbios_heaps_HeapMem_Object__PARAMS__C)
                  00006fe0    00000024     period_rtos_pem4f.oem4f (.const:ti_sysbios_knl_Semaphore_Object__PARAMS__C)
                  00007004    00000020     period_rtos_pem4f.oem4f (.const:ti_sysbios_family_arm_m3_Hwi_Object__DESC__C)
                  00007024    00000020     period_rtos_pem4f.oem4f (.const:ti_sysbios_gates_GateHwi_Object__DESC__C)
                  00007044    00000020     period_rtos_pem4f.oem4f (.const:ti_sysbios_gates_GateMutex_Object__DESC__C)
                  00007064    00000020     period_rtos_pem4f.oem4f (.const:ti_sysbios_heaps_HeapMem_Object__DESC__C)
                  00007084    00000020     period_rtos_pem4f.oem4f (.const:ti_sysbios_knl_Queue_Object__DESC__C)
                  000070a4    00000020     period_rtos_pem4f.oem4f (.const:ti_sysbios_knl_Semaphore_Object__DESC__C)
                  000070c4    00000020     period_rtos_pem4f.oem4f (.const:xdc_runtime_Startup_sfxnTab__A)
                  000070e4    00000018     period_rtos_pem4f.oem4f (.const:ti_sysbios_gates_GateHwi_Object__PARAMS__C)
                  000070fc    00000018     period_rtos_pem4f.oem4f (.const:ti_sysbios_gates_GateMutex_Object__PARAMS__C)
                  00007114    00000018     period_rtos_pem4f.oem4f (.const:ti_sysbios_knl_Queue_Object__PARAMS__C)
                  0000712c    00000014     EK_TM4C123GXL.obj (.const:GPIOTiva_config)
                  00007140    00000014     period_rtos_pem4f.oem4f (.const:xdc_runtime_Startup_firstFxns__A)
                  00007154    00000010     period_rtos_pem4f.oem4f (.const:xdc_runtime_Startup_sfxnRts__A)
                  00007164    00000008     period_rtos_pem4f.oem4f (.const:ti_sysbios_family_arm_m3_Hwi_excHookFuncs__A)
                  0000716c    00000008     period_rtos_pem4f.oem4f (.const:ti_sysbios_knl_Idle_funcList__C)
                  00007174    00000008     period_rtos_pem4f.oem4f (.const:xdc_runtime_Startup_firstFxns__C)
                  0000717c    00000008     period_rtos_pem4f.oem4f (.const:xdc_runtime_Startup_lastFxns__C)
                  00007184    00000004     period_rtos_pem4f.oem4f (.const:ti_catalog_arm_cortexm4_tiva_ce_Boot_A_mustUseEnhancedClockMode__C)
                  00007188    00000004     period_rtos_pem4f.oem4f (.const:ti_catalog_arm_cortexm4_tiva_ce_Boot_Module__diagsEnabled__C)
                  0000718c    00000004     period_rtos_pem4f.oem4f (.const:ti_catalog_arm_cortexm4_tiva_ce_Boot_Module__diagsIncluded__C)
                  00007190    00000004     period_rtos_pem4f.oem4f (.const:ti_catalog_arm_cortexm4_tiva_ce_Boot_Module__diagsMask__C)
                  00007194    00000004     period_rtos_pem4f.oem4f (.const:ti_sysbios_family_arm_lm4_Timer_enableFunc__C)
                  00007198    00000004     period_rtos_pem4f.oem4f (.const:ti_sysbios_family_arm_lm4_Timer_numTimerDevices__C)
                  0000719c    00000004     period_rtos_pem4f.oem4f (.const:ti_sysbios_family_arm_lm4_Timer_startupNeeded__C)
                  000071a0    00000004     period_rtos_pem4f.oem4f (.const:ti_sysbios_family_arm_m3_Hwi_E_NMI__C)
                  000071a4    00000004     period_rtos_pem4f.oem4f (.const:ti_sysbios_family_arm_m3_Hwi_E_alreadyDefined__C)
                  000071a8    00000004     period_rtos_pem4f.oem4f (.const:ti_sysbios_family_arm_m3_Hwi_E_busFault__C)
                  000071ac    00000004     period_rtos_pem4f.oem4f (.const:ti_sysbios_family_arm_m3_Hwi_E_debugMon__C)
                  000071b0    00000004     period_rtos_pem4f.oem4f (.const:ti_sysbios_family_arm_m3_Hwi_E_hardFault__C)
                  000071b4    00000004     period_rtos_pem4f.oem4f (.const:ti_sysbios_family_arm_m3_Hwi_E_memFault__C)
                  000071b8    00000004     period_rtos_pem4f.oem4f (.const:ti_sysbios_family_arm_m3_Hwi_E_noIsr__C)
                  000071bc    00000004     period_rtos_pem4f.oem4f (.const:ti_sysbios_family_arm_m3_Hwi_E_reserved__C)
                  000071c0    00000004     period_rtos_pem4f.oem4f (.const:ti_sysbios_family_arm_m3_Hwi_E_svCall__C)
                  000071c4    00000004     period_rtos_pem4f.oem4f (.const:ti_sysbios_family_arm_m3_Hwi_E_usageFault__C)
                  000071c8    00000004     period_rtos_pem4f.oem4f (.const:ti_sysbios_family_arm_m3_Hwi_NUM_INTERRUPTS__C)
                  000071cc    00000004     period_rtos_pem4f.oem4f (.const:ti_sysbios_family_arm_m3_Hwi_Object__count__C)
                  000071d0    00000004     period_rtos_pem4f.oem4f (.const:ti_sysbios_family_arm_m3_Hwi_ccr__C)
                  000071d4    00000004     period_rtos_pem4f.oem4f (.const:ti_sysbios_family_arm_m3_Hwi_excHandlerFunc__C)
                  000071d8    00000004     period_rtos_pem4f.oem4f (.const:ti_sysbios_family_arm_m3_Hwi_excHookFuncs__C)
                  000071dc    00000004     period_rtos_pem4f.oem4f (.const:ti_sysbios_family_arm_m3_Hwi_nullIsrFunc__C)
                  000071e0    00000004     period_rtos_pem4f.oem4f (.const:ti_sysbios_family_arm_m3_Hwi_priGroup__C)
                  000071e4    00000004     period_rtos_pem4f.oem4f (.const:ti_sysbios_gates_GateMutex_A_badContext__C)
                  000071e8    00000004     period_rtos_pem4f.oem4f (.const:ti_sysbios_gates_GateMutex_Instance_State_sem__O)
                  000071ec    00000004     period_rtos_pem4f.oem4f (.const:ti_sysbios_gates_GateMutex_Module__diagsEnabled__C)
                  000071f0    00000004     period_rtos_pem4f.oem4f (.const:ti_sysbios_gates_GateMutex_Module__diagsIncluded__C)
                  000071f4    00000004     period_rtos_pem4f.oem4f (.const:ti_sysbios_gates_GateMutex_Module__diagsMask__C)
                  000071f8    00000004     period_rtos_pem4f.oem4f (.const:ti_sysbios_hal_Hwi_E_stackOverflow__C)
                  000071fc    00000004     period_rtos_pem4f.oem4f (.const:ti_sysbios_heaps_HeapMem_A_align__C)
                  00007200    00000004     period_rtos_pem4f.oem4f (.const:ti_sysbios_heaps_HeapMem_A_heapSize__C)
                  00007204    00000004     period_rtos_pem4f.oem4f (.const:ti_sysbios_heaps_HeapMem_A_invalidFree__C)
                  00007208    00000004     period_rtos_pem4f.oem4f (.const:ti_sysbios_heaps_HeapMem_A_zeroBlock__C)
                  0000720c    00000004     period_rtos_pem4f.oem4f (.const:ti_sysbios_heaps_HeapMem_E_memory__C)
                  00007210    00000004     period_rtos_pem4f.oem4f (.const:ti_sysbios_heaps_HeapMem_Module__diagsEnabled__C)
                  00007214    00000004     period_rtos_pem4f.oem4f (.const:ti_sysbios_heaps_HeapMem_Module__diagsIncluded__C)
                  00007218    00000004     period_rtos_pem4f.oem4f (.const:ti_sysbios_heaps_HeapMem_Module__diagsMask__C)
                  0000721c    00000004     period_rtos_pem4f.oem4f (.const:ti_sysbios_heaps_HeapMem_Module__gateObj__C)
                  00007220    00000004     period_rtos_pem4f.oem4f (.const:ti_sysbios_heaps_HeapMem_Object__count__C)
                  00007224    00000004     period_rtos_pem4f.oem4f (.const:ti_sysbios_heaps_HeapMem_reqAlign__C)
                  00007228    00000004     period_rtos_pem4f.oem4f (.const:ti_sysbios_knl_Clock_Module_State_clockQ__O)
                  0000722c    00000004     period_rtos_pem4f.oem4f (.const:ti_sysbios_knl_Idle_funcList__A)
                  00007230    00000004     period_rtos_pem4f.oem4f (.const:ti_sysbios_knl_Semaphore_A_badContext__C)
                  00007234    00000004     period_rtos_pem4f.oem4f (.const:ti_sysbios_knl_Semaphore_A_noEvents__C)
                  00007238    00000004     period_rtos_pem4f.oem4f (.const:ti_sysbios_knl_Semaphore_A_overflow__C)
                  0000723c    00000004     period_rtos_pem4f.oem4f (.const:ti_sysbios_knl_Semaphore_A_pendTaskDisabled__C)
                  00007240    00000004     period_rtos_pem4f.oem4f (.const:ti_sysbios_knl_Semaphore_Instance_State_pendQ__O)
                  00007244    00000004     period_rtos_pem4f.oem4f (.const:ti_sysbios_knl_Semaphore_Module__diagsEnabled__C)
                  00007248    00000004     period_rtos_pem4f.oem4f (.const:ti_sysbios_knl_Semaphore_Module__diagsIncluded__C)
                  0000724c    00000004     period_rtos_pem4f.oem4f (.const:ti_sysbios_knl_Semaphore_Module__diagsMask__C)
                  00007250    00000004     period_rtos_pem4f.oem4f (.const:ti_sysbios_knl_Swi_Object__count__C)
                  00007254    00000004     period_rtos_pem4f.oem4f (.const:ti_sysbios_knl_Task_A_badTimeout__C)
                  00007258    00000004     period_rtos_pem4f.oem4f (.const:ti_sysbios_knl_Task_A_sleepTaskDisabled__C)
                  0000725c    00000004     period_rtos_pem4f.oem4f (.const:ti_sysbios_knl_Task_E_spOutOfBounds__C)
                  00007260    00000004     period_rtos_pem4f.oem4f (.const:ti_sysbios_knl_Task_E_stackOverflow__C)
                  00007264    00000004     period_rtos_pem4f.oem4f (.const:ti_sysbios_knl_Task_Module_State_inactiveQ__O)
                  00007268    00000004     period_rtos_pem4f.oem4f (.const:ti_sysbios_knl_Task_Module__diagsEnabled__C)
                  0000726c    00000004     period_rtos_pem4f.oem4f (.const:ti_sysbios_knl_Task_Module__diagsIncluded__C)
                  00007270    00000004     period_rtos_pem4f.oem4f (.const:ti_sysbios_knl_Task_Module__diagsMask__C)
                  00007274    00000004     period_rtos_pem4f.oem4f (.const:ti_sysbios_knl_Task_Object__count__C)
                  00007278    00000004     period_rtos_pem4f.oem4f (.const:ti_sysbios_knl_Task_allBlockedFunc__C)
                  0000727c    00000004     period_rtos_pem4f.oem4f (.const:ti_sysbios_knl_Task_numConstructedTasks__C)
                  00007280    00000004     period_rtos_pem4f.oem4f (.const:xdc_runtime_Assert_E_assertFailed__C)
                  00007284    00000004     period_rtos_pem4f.oem4f (.const:xdc_runtime_Core_A_initializedParams__C)
                  00007288    00000004     period_rtos_pem4f.oem4f (.const:xdc_runtime_Core_Module__diagsEnabled__C)
                  0000728c    00000004     period_rtos_pem4f.oem4f (.const:xdc_runtime_Core_Module__diagsIncluded__C)
                  00007290    00000004     period_rtos_pem4f.oem4f (.const:xdc_runtime_Core_Module__diagsMask__C)
                  00007294    00000004     period_rtos_pem4f.oem4f (.const:xdc_runtime_Error_E_memory__C)
                  00007298    00000004     period_rtos_pem4f.oem4f (.const:xdc_runtime_Error_Module__diagsEnabled__C)
                  0000729c    00000004     period_rtos_pem4f.oem4f (.const:xdc_runtime_Error_Module__diagsIncluded__C)
                  000072a0    00000004     period_rtos_pem4f.oem4f (.const:xdc_runtime_Error_Module__diagsMask__C)
                  000072a4    00000004     period_rtos_pem4f.oem4f (.const:xdc_runtime_Error_Module__loggerFxn8__C)
                  000072a8    00000004     period_rtos_pem4f.oem4f (.const:xdc_runtime_Error_Module__loggerObj__C)
                  000072ac    00000004     period_rtos_pem4f.oem4f (.const:xdc_runtime_Error_policyFxn__C)
                  000072b0    00000004     period_rtos_pem4f.oem4f (.const:xdc_runtime_Error_raiseHook__C)
                  000072b4    00000004     period_rtos_pem4f.oem4f (.const:xdc_runtime_IGateProvider_Interface__BASE__C)
                  000072b8    00000004     period_rtos_pem4f.oem4f (.const:xdc_runtime_IHeap_Interface__BASE__C)
                  000072bc    00000004     period_rtos_pem4f.oem4f (.const:xdc_runtime_IModule_Interface__BASE__C)
                  000072c0    00000004     period_rtos_pem4f.oem4f (.const:xdc_runtime_Log_L_error__C)
                  000072c4    00000004     period_rtos_pem4f.oem4f (.const:xdc_runtime_Memory_defaultHeapInstance__C)
                  000072c8    00000004     period_rtos_pem4f.oem4f (.const:xdc_runtime_Startup_execImpl__C)
                  000072cc    00000004     period_rtos_pem4f.oem4f (.const:xdc_runtime_Startup_maxPasses__C)
                  000072d0    00000004     period_rtos_pem4f.oem4f (.const:xdc_runtime_Startup_sfxnRts__C)
                  000072d4    00000004     period_rtos_pem4f.oem4f (.const:xdc_runtime_Startup_sfxnTab__C)
                  000072d8    00000004     period_rtos_pem4f.oem4f (.const:xdc_runtime_SysMin_bufSize__C)
                  000072dc    00000004     period_rtos_pem4f.oem4f (.const:xdc_runtime_SysMin_outputFunc__C)
                  000072e0    00000004     period_rtos_pem4f.oem4f (.const:xdc_runtime_System_Module__gateObj__C)
                  000072e4    00000004     period_rtos_pem4f.oem4f (.const:xdc_runtime_System_abortFxn__C)
                  000072e8    00000004     period_rtos_pem4f.oem4f (.const:xdc_runtime_System_exitFxn__C)
                  000072ec    00000004     period_rtos_pem4f.oem4f (.const:xdc_runtime_System_extendFxn__C)
                  000072f0    00000004     period_rtos_pem4f.oem4f (.const:xdc_runtime_System_maxAtexitHandlers__C)
                  000072f4    00000004     period_rtos_pem4f.oem4f (.const:xdc_runtime_Text_charTab__C)
                  000072f8    00000004     period_rtos_pem4f.oem4f (.const:xdc_runtime_Text_nameEmpty__C)
                  000072fc    00000004     period_rtos_pem4f.oem4f (.const:xdc_runtime_Text_nameStatic__C)
                  00007300    00000004     period_rtos_pem4f.oem4f (.const:xdc_runtime_Text_nameUnknown__C)
                  00007304    00000004     period_rtos_pem4f.oem4f (.const:xdc_runtime_Text_nodeTab__C)
                  00007308    00000004     period_rtos_pem4f.oem4f (.const:xdc_runtime_Text_visitRopeFxn__C)
                  0000730c    00000002     period_rtos_pem4f.oem4f (.const:ti_catalog_arm_cortexm4_tiva_ce_Boot_Module__id__C)
                  0000730e    00000002     period_rtos_pem4f.oem4f (.const:ti_sysbios_family_arm_m3_Hwi_Module__id__C)
                  00007310    00000002     period_rtos_pem4f.oem4f (.const:ti_sysbios_gates_GateMutex_Module__id__C)
                  00007312    00000002     period_rtos_pem4f.oem4f (.const:ti_sysbios_hal_Hwi_Module__id__C)
                  00007314    00000002     period_rtos_pem4f.oem4f (.const:ti_sysbios_heaps_HeapMem_Module__id__C)
                  00007316    00000002     period_rtos_pem4f.oem4f (.const:ti_sysbios_knl_Semaphore_Module__id__C)
                  00007318    00000002     period_rtos_pem4f.oem4f (.const:ti_sysbios_knl_Task_Module__id__C)
                  0000731a    00000002     period_rtos_pem4f.oem4f (.const:xdc_runtime_Core_Module__id__C)
                  0000731c    00000002     period_rtos_pem4f.oem4f (.const:xdc_runtime_Error_Module__loggerDefined__C)
                  0000731e    00000002     period_rtos_pem4f.oem4f (.const:xdc_runtime_Error_maxDepth__C)
                  00007320    00000002     period_rtos_pem4f.oem4f (.const:xdc_runtime_Memory_Module__id__C)
                  00007322    00000002     period_rtos_pem4f.oem4f (.const:xdc_runtime_SysMin_flushAtExit__C)
                  00007324    00000002     period_rtos_pem4f.oem4f (.const:xdc_runtime_Text_charCnt__C)
                  00007326    00000002     period_rtos_pem4f.oem4f (.const:xdc_runtime_Text_isLoaded__C)
                  00007328    00000002     period_rtos_pem4f.oem4f (.const:xdc_runtime_Text_registryModsLastId__C)
                  0000732a    00000002     period_rtos_pem4f.oem4f (.const:xdc_runtime_Text_unnamedModsLastId__C)

.cinit     0    00007330    00000228     
                  00007330    000001f0     (.cinit..data.load) [load image, compression = lzss]
                  00007520    0000000c     (__TI_handler_table)
                  0000752c    00000004     --HOLE-- [fill = 0]
                  00007530    00000008     (.cinit..bss.load) [load image, compression = zero_init]
                  00007538    00000008     (.cinit..vecs.load) [load image, compression = zero_init]
                  00007540    00000018     (__TI_cinit_table)

.init_array 
*          0    00000000    00000000     UNINITIALIZED

.resetVecs 
*          0    00000000    0000003c     
                  00000000    0000003c     period_rtos_pem4f.oem4f (.resetVecs)

.bss       0    20000360    00000da4     UNINITIALIZED
                  20000360    00000400     period_rtos_pem4f.oem4f (.bss:taskStackSection)
                  20000760    00000400     (.common:ti_sysbios_heaps_HeapMem_Instance_State_0_buf__A)
                  20000b60    00000360     (.common:ti_sysbios_family_arm_m3_Hwi_dispatchTable)
                  20000ec0    00000120     rtsv7M4_T_le_v4SPD16_eabi.lib : trgmsg.c.obj (.bss:_CIOBUF_)
                  20000fe0    00000090     drivers_tivaware.aem4f : GPIOTiva.oem4f (.bss:gpioCallbackInfo)
                  20001070    00000080     (.common:xdc_runtime_SysMin_Module_State_0_outbuf__A)
                  200010f0    00000008     (.common:parmbuf)
                  200010f8    00000004     (.common:first)
                  200010fc    00000004     (.common:gpioInterruptVectors)
                  20001100    00000004     (.common:period)

.data      0    20001104    00000462     UNINITIALIZED
                  20001104    00000098     period_rtos_pem4f.oem4f (.data:ti_sysbios_knl_Task_Object__table__V)
                  2000119c    00000080     period_rtos_pem4f.oem4f (.data:ti_sysbios_knl_Swi_Module_State_0_readyQ__A)
                  2000121c    00000080     period_rtos_pem4f.oem4f (.data:ti_sysbios_knl_Task_Module_State_0_readyQ__A)
                  2000129c    00000044     period_rtos_pem4f.oem4f (.data:ti_sysbios_knl_Task_Module__state__V)
                  200012e0    00000040     period_rtos_pem4f.oem4f (.data:ti_sysbios_family_arm_lm4_Timer_Object__table__V)
                  20001320    00000038     period_rtos_pem4f.oem4f (.data:ti_sysbios_gates_GateMutex_Object__table__V)
                  20001358    00000034     period_rtos_pem4f.oem4f (.data:ti_sysbios_family_arm_m3_Hwi_Module__state__V)
                  2000138c    00000030     period_rtos_pem4f.oem4f (.data:ti_sysbios_family_arm_lm4_Timer_Module_State_0_device__A)
                  200013bc    00000030     period_rtos_pem4f.oem4f (.data:ti_sysbios_family_arm_m3_Hwi_Object__table__V)
                  200013ec    00000030     period_rtos_pem4f.oem4f (.data:ti_sysbios_knl_Swi_Object__table__V)
                  2000141c    0000002c     period_rtos_pem4f.oem4f (.data:ti_sysbios_knl_Clock_Module__state__V)
                  20001448    00000024     period_rtos_pem4f.oem4f (.data:ti_sysbios_BIOS_Module__state__V)
                  2000146c    0000001c     period_rtos_pem4f.oem4f (.data:ti_sysbios_knl_Swi_Module__state__V)
                  20001488    00000018     period_rtos_pem4f.oem4f (.data:ti_sysbios_family_arm_lm4_Timer_Module_State_0_handles__A)
                  200014a0    00000018     period_rtos_pem4f.oem4f (.data:ti_sysbios_heaps_HeapMem_Object__table__V)
                  200014b8    00000014     EK_TM4C123GXL.obj (.data:gpioPinConfigs)
                  200014cc    0000000c     period_rtos_pem4f.oem4f (.data:ti_sysbios_family_arm_lm4_Timer_Module__state__V)
                  200014d8    0000000c     period_rtos_pem4f.oem4f (.data:xdc_runtime_SysMin_Module__state__V)
                  200014e4    00000008     rtsv7M4_T_le_v4SPD16_eabi.lib : _lock.c.obj (.data:$O1$$)
                  200014ec    00000008     EK_TM4C123GXL.obj (.data:gpioCallbackFunctions)
                  200014f4    00000008     period_rtos_pem4f.oem4f (.data:ti_sysbios_family_arm_m3_Hwi_Module__root__V)
                  200014fc    00000008     period_rtos_pem4f.oem4f (.data:ti_sysbios_gates_GateHwi_Module__root__V)
                  20001504    00000008     period_rtos_pem4f.oem4f (.data:ti_sysbios_gates_GateMutex_Module__root__V)
                  2000150c    00000008     period_rtos_pem4f.oem4f (.data:ti_sysbios_heaps_HeapMem_Module__root__V)
                  20001514    00000008     period_rtos_pem4f.oem4f (.data:ti_sysbios_knl_Queue_Module__root__V)
                  2000151c    00000008     period_rtos_pem4f.oem4f (.data:ti_sysbios_knl_Semaphore_Module__root__V)
                  20001524    00000008     period_rtos_pem4f.oem4f (.data:xdc_runtime_Registry_Module__state__V)
                  2000152c    00000008     period_rtos_pem4f.oem4f (.data:xdc_runtime_Startup_Module__state__V)
                  20001534    00000008     period_rtos_pem4f.oem4f (.data:xdc_runtime_System_Module_State_0_atexitHandlers__A)
                  2000153c    00000008     period_rtos_pem4f.oem4f (.data:xdc_runtime_System_Module__state__V)
                  20001544    00000005     drivers_tivaware.aem4f : GPIOTiva.oem4f (.data)
                  20001549    00000001     --HOLE--
                  2000154a    00000002     period_rtos_pem4f.oem4f (.data:ti_sysbios_family_arm_m3_Hwi_Module_State_0_excActive__A)
                  2000154c    00000004     rtsv7M4_T_le_v4SPD16_eabi.lib : stkdepth_vars.c.obj (.data)
                  20001550    00000004     period_rtos_pem4f.oem4f (.data:ti_sysbios_family_arm_m3_Hwi_Module_State_0_excContext__A)
                  20001554    00000004     period_rtos_pem4f.oem4f (.data:ti_sysbios_family_arm_m3_Hwi_Module_State_0_excStack__A)
                  20001558    00000004     period_rtos_pem4f.oem4f (.data:ti_sysbios_gates_GateHwi_Object__table__V)
                  2000155c    00000004     period_rtos_pem4f.oem4f (.data:ti_sysbios_knl_Task_Module_State_0_idleTask__A)
                  20001560    00000004     period_rtos_pem4f.oem4f (.data:xdc_runtime_Memory_Module__state__V)
                  20001564    00000002     period_rtos_pem4f.oem4f (.data:xdc_runtime_Error_Module__state__V)

.stack     0    20001568    00000300     UNINITIALIZED
                  20001568    00000300     --HOLE--

.bootVecs 
*          0    00000000    00000008     DSECT
                  00000000    00000008     boot.aem4f : boot.oem4f (.bootVecs)

.vecs      0    20000000    00000360     UNINITIALIZED
                  20000000    00000360     period_rtos_pem4f.oem4f (.vecs)

xdc.meta   0    00000000    000000e6     COPY SECTION
                  00000000    000000e6     period_rtos_pem4f.oem4f (xdc.meta)

MODULE SUMMARY

       Module                       code    ro data   rw data
       ------                       ----    -------   -------
    .\
       period_main.obj              502     0         8      
    +--+----------------------------+-------+---------+---------+
       Total:                       502     0         8      
                                                             
    .\project_includes\
       EK_TM4C123GXL.obj            112     20        28     
    +--+----------------------------+-------+---------+---------+
       Total:                       112     20        28     
                                                             
    C:\Users\Julio\workspace_v8\Period_Meas\Debug\configPkg\package\cfg\
       period_rtos_pem4f.oem4f      1558    7628      4980   
    +--+----------------------------+-------+---------+---------+
       Total:                       1558    7628      4980   
                                                             
    C:/ti/tirtos_tivac_2_16_00_08/products/TivaWare_C_Series-2.1.1.71b/driverlib/ccs/Debug/driverlib.lib
       gpio.obj                     590     144       0      
       interrupt.obj                104     112       0      
       timer.obj                    210     0         0      
       sysctl.obj                   208     0         0      
       pwm.obj                      110     0         0      
    +--+----------------------------+-------+---------+---------+
       Total:                       1222    256       0      
                                                             
    C:/ti/tirtos_tivac_2_16_00_08/products/tidrivers_tivac_2_16_00_08/packages/ti/drivers/lib/drivers_tivaware.aem4f
       GPIOTiva.oem4f               844     156       153    
    +--+----------------------------+-------+---------+---------+
       Total:                       844     156       153    
                                                             
    C:\Users\Julio\workspace_v8\Period_Meas\src\sysbios\sysbios.aem4f
       BIOS.obj                     10906   0         0      
       m3_Hwi_asm.obj               314     0         0      
       m3_TaskSupport_asm.obj       180     0         0      
       m3_Hwi_asm_switch.obj        118     0         0      
    +--+----------------------------+-------+---------+---------+
       Total:                       11518   0         0      
                                                             
    C:\ti\ccsv8\tools\compiler\ti-cgt-arm_18.1.4.LTS\lib\rtsv7M4_T_le_v4SPD16_eabi.lib
       trgmsg.c.obj                 108     0         288    
       memcpy_t2.asm.obj            156     0         0      
       memset_t2.asm.obj            122     0         0      
       copy_decompress_lzss.c.obj   104     0         0      
       hostwrite.c.obj              88      0         0      
       cpy_tbl.c.obj                76      0         0      
       u_divt2.asm.obj              64      0         0      
       _lock.c.obj                  26      0         8      
       args_main.c.obj              24      0         0      
       strlen.c.obj                 20      0         0      
       copy_decompress_none.c.obj   14      0         0      
       copy_zero_init.c.obj         12      0         0      
       hostopen.c.obj               0       0         8      
       exit.c.obj                   4       0         0      
       stkdepth_vars.c.obj          0       0         4      
       div0.asm.obj                 2       0         0      
    +--+----------------------------+-------+---------+---------+
       Total:                       820     0         308    
                                                             
    C:\ti\tirtos_tivac_2_16_00_08\products\bios_6_45_01_29\packages\ti\catalog\arm\cortexm4\tiva\ce\lib\Boot.aem4f
       Boot_sysctl.oem4f            262     0         0      
       Boot.oem4f                   152     0         0      
    +--+----------------------------+-------+---------+---------+
       Total:                       414     0         0      
                                                             
    C:\ti\tirtos_tivac_2_16_00_08\products\bios_6_45_01_29\packages\ti\targets\arm\rtsarm\lib\auto_init.aem4f
       auto_init.oem4f              160     0         0      
    +--+----------------------------+-------+---------+---------+
       Total:                       160     0         0      
                                                             
    C:\ti\tirtos_tivac_2_16_00_08\products\bios_6_45_01_29\packages\ti\targets\arm\rtsarm\lib\boot.aem4f
       boot.oem4f                   88      0         0      
    +--+----------------------------+-------+---------+---------+
       Total:                       88      0         0      
                                                             
    C:\ti\tirtos_tivac_2_16_00_08\products\bios_6_45_01_29\packages\ti\targets\arm\rtsarm\lib\ti.targets.arm.rtsarm.aem4f
       System.oem4f                 1255    0         0      
       Text.oem4f                   672     0         0      
       Error.oem4f                  524     0         0      
       Core-mem.oem4f               358     0         0      
       Startup.oem4f                328     0         0      
       SysMin.oem4f                 248     0         0      
       Core-smem.oem4f              204     0         0      
       Memory.oem4f                 176     0         0      
       Assert.oem4f                 84      0         0      
       Core-params.oem4f            70      0         0      
       Core-label.oem4f             52      0         0      
       Registry.oem4f               32      0         0      
       Gate.oem4f                   28      0         0      
    +--+----------------------------+-------+---------+---------+
       Total:                       4031    0         0      
                                                             
       Stack:                       0       0         768    
       Linker Generated:            0       548       0      
    +--+----------------------------+-------+---------+---------+
       Grand Total:                 21269   8608      6245   


LINKER GENERATED COPY TABLES

__TI_cinit_table @ 00007540 records: 3, size/record: 8, table size: 24
	.data: load addr=00007330, load size=000001f0 bytes, run addr=20001104, run size=00000462 bytes, compression=lzss
	.bss: load addr=00007530, load size=00000008 bytes, run addr=20000360, run size=00000da4 bytes, compression=zero_init
	.vecs: load addr=00007538, load size=00000008 bytes, run addr=20000000, run size=00000360 bytes, compression=zero_init


LINKER GENERATED HANDLER TABLE

__TI_handler_table @ 00007520 records: 3, size/record: 4, table size: 12
	index: 0, handler: __TI_decompress_lzss
	index: 1, handler: __TI_decompress_none
	index: 2, handler: __TI_zero_init


GLOBAL SYMBOLS: SORTED ALPHABETICALLY BY Name 

address   name                                                              
-------   ----                                                              
00000cfd  C$$EXIT                                                           
00004403  C$$IO$$                                                           
0000469d  EK_TM4C123GXL_initGPIO                                            
000041e1  EK_TM4C123GXL_initGeneral                                         
00004991  GPIODirModeSet                                                    
0000319b  GPIOIntClear                                                      
00005239  GPIOIntStatus                                                     
00003b01  GPIOIntTypeSet                                                    
00001b2d  GPIOPadConfigSet                                                  
00003f1d  GPIOPinConfigure                                                  
00004ba3  GPIOPinRead                                                       
000050c5  GPIOPinTypeGPIOInput                                              
000050d7  GPIOPinTypePWM                                                    
000050e9  GPIOPinTypeTimer                                                  
00005263  GPIOPinWrite                                                      
0000712c  GPIOTiva_config                                                   
0000356d  GPIO_hwiIntFxn                                                    
00002f05  GPIO_init                                                         
00003bad  GPIO_setCallback                                                  
0000161d  GPIO_setConfig                                                    
00003bfd  GPIO_toggle                                                       
00003c4d  GPIO_write                                                        
00003a51  HOSTwrite                                                         
00003435  IntEnable                                                         
00004b81  PWMGenConfigure                                                   
00005295  PWMGenEnable                                                      
00005155  PWMGenPeriodSet                                                   
000050fb  PWMOutputState                                                    
00004d11  PWMPulseWidthSet                                                  
UNDEFED   SHT$$INIT_ARRAY$$Base                                             
UNDEFED   SHT$$INIT_ARRAY$$Limit                                            
00005035  SysCtlPWMClockSet                                                 
000044f1  SysCtlPeripheralEnable                                            
0000439d  SysCtlPeripheralReady                                             
00003c9d  SysCtlPeripheralReset                                             
000036fd  TimerConfigure                                                    
00005009  TimerControlEvent                                                 
00005049  TimerDisable                                                      
00005247  TimerEnable                                                       
000007bd  TimerIntClear                                                     
00005367  TimerIntEnable                                                    
0000510d  TimerLoadSet                                                      
0000511f  TimerPrescaleSet                                                  
00005349  TimerValueGet                                                     
00000000  __ASM__                                                           
20000ec0  __CIOBUF_                                                         
00000064  __ISA__                                                           
00000077  __PLAT__                                                          
20001868  __STACK_END                                                       
00000300  __STACK_SIZE                                                      
00000098  __TARG__                                                          
00007540  __TI_CINIT_Base                                                   
00007558  __TI_CINIT_Limit                                                  
00007520  __TI_Handler_Table_Base                                           
0000752c  __TI_Handler_Table_Limit                                          
00002901  __TI_auto_init                                                    
0000349d  __TI_decompress_lzss                                              
00005255  __TI_decompress_none                                              
ffffffff  __TI_pprof_out_hndl                                               
ffffffff  __TI_prof_data_size                                               
ffffffff  __TI_prof_data_start                                              
00004525  __TI_readmsg                                                      
00007330  __TI_static_base__                                                
000043d5  __TI_writemsg                                                     
000052b9  __TI_zero_init                                                    
000000be  __TRDR__                                                          
000032ef  __aeabi_idiv0                                                     
000032ef  __aeabi_ldiv0                                                     
00003121  __aeabi_memclr                                                    
00003121  __aeabi_memclr4                                                   
00003121  __aeabi_memclr8                                                   
00002a41  __aeabi_memcpy                                                    
00002a41  __aeabi_memcpy4                                                   
00002a41  __aeabi_memcpy8                                                   
00003123  __aeabi_memset                                                    
00003123  __aeabi_memset4                                                   
00003123  __aeabi_memset8                                                   
00004221  __aeabi_uidiv                                                     
00004221  __aeabi_uidivmod                                                  
ffffffff  __binit__                                                         
ffffffff  __c_args__                                                        
20001568  __stack                                                           
00004f19  _args_main                                                        
000039f9  _c_int00                                                          
200014e4  _lock                                                             
00002c17  _nop                                                              
000052a1  _register_lock                                                    
000052ad  _register_unlock                                                  
200014e8  _unlock                                                           
00000cfd  abort                                                             
ffffffff  binit                                                             
000042a1  captureEvent_HWI                                                  
00003de1  copy_in                                                           
200010f8  first                                                             
200014ec  gpioCallbackFunctions                                             
200014b8  gpioPinConfigs                                                    
00004e2d  heartBeat_TASK                                                    
00002e75  main                                                              
2000154c  main_func_sp                                                      
00002a41  memcpy                                                            
00003129  memset                                                            
000051d9  osi_TaskDisable                                                   
00005179  osi_start                                                         
200010f0  parmbuf                                                           
20001100  period                                                            
00002cb1  periodInit                                                        
000030a5  pwmInit                                                           
0000505d  strlen                                                            
00007184  ti_catalog_arm_cortexm4_tiva_ce_Boot_A_mustUseEnhancedClockMode__C
00007188  ti_catalog_arm_cortexm4_tiva_ce_Boot_Module__diagsEnabled__C      
0000718c  ti_catalog_arm_cortexm4_tiva_ce_Boot_Module__diagsIncluded__C     
00007190  ti_catalog_arm_cortexm4_tiva_ce_Boot_Module__diagsMask__C         
0000730c  ti_catalog_arm_cortexm4_tiva_ce_Boot_Module__id__C                
00005289  ti_catalog_arm_cortexm4_tiva_ce_Boot_init__I                      
00001d75  ti_catalog_arm_cortexm4_tiva_ce_Boot_sysCtlClockSetI__I           
00002c19  ti_catalog_arm_cortexm4_tiva_ce_Boot_sysCtlClockSet__E            
00005389  ti_catalog_arm_cortexm4_tiva_ce_Boot_sysCtlDelayI__I              
20001448  ti_sysbios_BIOS_Module__state__V                                  
00004e7b  ti_sysbios_BIOS_RtsGateProxy_Handle__label__S                     
00004aed  ti_sysbios_BIOS_RtsGateProxy_Object__delete__S                    
0000114d  ti_sysbios_BIOS_RtsGateProxy_enter__E                             
000014b5  ti_sysbios_BIOS_RtsGateProxy_leave__E                             
000053d1  ti_sysbios_BIOS_RtsGateProxy_query__E                             
000046cd  ti_sysbios_BIOS_atExitFunc__I                                     
00004a5d  ti_sysbios_BIOS_errorRaiseHook__I                                 
0000501f  ti_sysbios_BIOS_exitFunc__I                                       
0000356b  ti_sysbios_BIOS_nullFunc__I                                       
00004a81  ti_sysbios_BIOS_registerRTSLock__I                                
00004aa5  ti_sysbios_BIOS_removeRTSLock__I                                  
00004bed  ti_sysbios_BIOS_rtsLock__I                                        
00004f31  ti_sysbios_BIOS_rtsUnlock__I                                      
00005169  ti_sysbios_BIOS_setThreadType__E                                  
00004ac9  ti_sysbios_BIOS_startFunc__I                                      
00005179  ti_sysbios_BIOS_start__E                                          
2000138c  ti_sysbios_family_arm_lm4_Timer_Module_State_0_device__A          
20001488  ti_sysbios_family_arm_lm4_Timer_Module_State_0_handles__A         
00004f49  ti_sysbios_family_arm_lm4_Timer_Module__startupDone__F            
00004f49  ti_sysbios_family_arm_lm4_Timer_Module__startupDone__S            
200014cc  ti_sysbios_family_arm_lm4_Timer_Module__state__V                  
000035d1  ti_sysbios_family_arm_lm4_Timer_Module_startup__E                 
200012e0  ti_sysbios_family_arm_lm4_Timer_Object__table__V                  
00007194  ti_sysbios_family_arm_lm4_Timer_enableFunc__C                     
000027b1  ti_sysbios_family_arm_lm4_Timer_enableTimers__I                   
00002701  ti_sysbios_family_arm_lm4_Timer_enableTiva__I                     
000052c9  ti_sysbios_family_arm_lm4_Timer_getMaxTicks__E                    
00003761  ti_sysbios_family_arm_lm4_Timer_isrStub__E                        
0000536f  ti_sysbios_family_arm_lm4_Timer_masterDisable__I                  
0000176d  ti_sysbios_family_arm_lm4_Timer_masterEnable__I                   
00007198  ti_sysbios_family_arm_lm4_Timer_numTimerDevices__C                
000019f9  ti_sysbios_family_arm_lm4_Timer_start__E                          
0000719c  ti_sysbios_family_arm_lm4_Timer_startupNeeded__C                  
00004261  ti_sysbios_family_arm_lm4_Timer_startup__E                        
00004701  ti_sysbios_family_arm_lm4_Timer_stop__E                           
00004ba9  ti_sysbios_family_arm_lm4_Timer_write__I                          
000071a0  ti_sysbios_family_arm_m3_Hwi_E_NMI__C                             
000071a4  ti_sysbios_family_arm_m3_Hwi_E_alreadyDefined__C                  
000071a8  ti_sysbios_family_arm_m3_Hwi_E_busFault__C                        
000071ac  ti_sysbios_family_arm_m3_Hwi_E_debugMon__C                        
000071b0  ti_sysbios_family_arm_m3_Hwi_E_hardFault__C                       
000071b4  ti_sysbios_family_arm_m3_Hwi_E_memFault__C                        
000071b8  ti_sysbios_family_arm_m3_Hwi_E_noIsr__C                           
000071bc  ti_sysbios_family_arm_m3_Hwi_E_reserved__C                        
000071c0  ti_sysbios_family_arm_m3_Hwi_E_svCall__C                          
000071c4  ti_sysbios_family_arm_m3_Hwi_E_usageFault__C                      
00004e47  ti_sysbios_family_arm_m3_Hwi_Handle__label__S                     
00004559  ti_sysbios_family_arm_m3_Hwi_Instance_finalize__E                 
00002d49  ti_sysbios_family_arm_m3_Hwi_Instance_init__E                     
[...]
00005239  GPIOIntStatus                                                     
00005247  TimerEnable                                                       
00005255  __TI_decompress_none                                              
00005263  GPIOPinWrite                                                      
00005269  ti_sysbios_knl_Idle_loop__E                                       
00005279  ti_sysbios_knl_Queue_empty__E                                     
00005289  ti_catalog_arm_cortexm4_tiva_ce_Boot_init__I                      
00005295  PWMGenEnable                                                      
000052a1  _register_lock                                                    
000052ad  _register_unlock                                                  
000052b9  __TI_zero_init                                                    
000052c9  ti_sysbios_family_arm_lm4_Timer_getMaxTicks__E                    
000052d5  ti_sysbios_family_arm_m3_Hwi_Params__init__S                      
000052d5  ti_sysbios_hal_Hwi_HwiProxy_Params__init__S                       
000052e1  ti_sysbios_family_arm_m3_Hwi_disableFxn__E                        
000052e1  ti_sysbios_hal_Hwi_HwiProxy_disable__E                            
000052f1  ti_sysbios_family_arm_m3_TaskSupport_checkStack__E                
000052f1  ti_sysbios_knl_Task_SupportProxy_checkStack__E                    
00005301  ti_sysbios_gates_GateHwi_enter__E                                 
0000530d  ti_sysbios_knl_Queue_Object__get__S                               
00005319  xdc_runtime_Error_init__E                                         
00005325  xdc_runtime_Gate_enterSystem__E                                   
00005331  xdc_runtime_Memory_calloc__E                                      
0000533d  xdc_runtime_Memory_getMaxDefaultTypeAlign__E                      
00005349  TimerValueGet                                                     
00005353  xdc_runtime_Memory_HeapProxy_alloc__E                             
0000535d  xdc_runtime_Memory_HeapProxy_free__E                              
00005367  TimerIntEnable                                                    
0000536f  ti_sysbios_family_arm_lm4_Timer_masterDisable__I                  
00005379  ti_sysbios_family_arm_m3_Hwi_doSwiRestore__I                      
00005381  ti_sysbios_family_arm_m3_Hwi_startup__E                           
00005381  ti_sysbios_hal_Hwi_HwiProxy_startup__E                            
00005381  ti_sysbios_hal_Hwi_startup__E                                     
00005389  ti_catalog_arm_cortexm4_tiva_ce_Boot_sysCtlDelayI__I              
00005391  ti_sysbios_family_arm_m3_Hwi_doTaskRestore__I                     
00005399  ti_sysbios_family_arm_m3_Hwi_restoreFxn__E                        
00005399  ti_sysbios_hal_Hwi_HwiProxy_restore__E                            
000053a1  ti_sysbios_gates_GateHwi_leave__E                                 
000053a9  ti_sysbios_heaps_HeapMem_isBlocking__E                            
000053b1  ti_sysbios_knl_Queue_Instance_init__E                             
000053b9  ti_sysbios_knl_Swi_startup__E                                     
000053bf  xdc_runtime_System_Module_startup__E                              
000053c9  ti_sysbios_gates_GateHwi_query__E                                 
000053c9  xdc_runtime_Main_Module_GateProxy_query__E                        
000053c9  xdc_runtime_System_Module_GateProxy_query__E                      
000053d1  ti_sysbios_BIOS_RtsGateProxy_query__E                             
000053d1  ti_sysbios_gates_GateMutex_query__E                               
000053d1  ti_sysbios_heaps_HeapMem_Module_GateProxy_query__E                
000053d9  ti_sysbios_knl_Task_startup__E                                    
000053e1  ti_sysbios_gates_GateHwi_Instance_init__E                         
000053e9  ti_sysbios_knl_Clock_logTick__E                                   
000053ec  xdc_runtime_Text_charTab__A                                       
00006c7b  xdc_runtime_Error_policy__C                                       
00006c7c  xdc_runtime_Text_nodeTab__A                                       
00006f1c  ti_sysbios_family_arm_m3_Hwi_Object__PARAMS__C                    
00006f4c  ti_sysbios_heaps_HeapMem_Module__FXNS__C                          
00006f74  ti_sysbios_gates_GateHwi_Module__FXNS__C                          
00006f98  ti_sysbios_gates_GateMutex_Module__FXNS__C                        
00006fbc  ti_sysbios_heaps_HeapMem_Object__PARAMS__C                        
00006fe0  ti_sysbios_knl_Semaphore_Object__PARAMS__C                        
00007004  ti_sysbios_family_arm_m3_Hwi_Object__DESC__C                      
00007024  ti_sysbios_gates_GateHwi_Object__DESC__C                          
00007044  ti_sysbios_gates_GateMutex_Object__DESC__C                        
00007064  ti_sysbios_heaps_HeapMem_Object__DESC__C                          
00007084  ti_sysbios_knl_Queue_Object__DESC__C                              
000070a4  ti_sysbios_knl_Semaphore_Object__DESC__C                          
000070c4  xdc_runtime_Startup_sfxnTab__A                                    
000070e4  ti_sysbios_gates_GateHwi_Object__PARAMS__C                        
000070fc  ti_sysbios_gates_GateMutex_Object__PARAMS__C                      
00007114  ti_sysbios_knl_Queue_Object__PARAMS__C                            
0000712c  GPIOTiva_config                                                   
00007140  xdc_runtime_Startup_firstFxns__A                                  
00007154  xdc_runtime_Startup_sfxnRts__A                                    
00007164  ti_sysbios_family_arm_m3_Hwi_excHookFuncs__A                      
0000716c  ti_sysbios_knl_Idle_funcList__C                                   
00007174  xdc_runtime_Startup_firstFxns__C                                  
0000717c  xdc_runtime_Startup_lastFxns__C                                   
00007184  ti_catalog_arm_cortexm4_tiva_ce_Boot_A_mustUseEnhancedClockMode__C
00007188  ti_catalog_arm_cortexm4_tiva_ce_Boot_Module__diagsEnabled__C      
0000718c  ti_catalog_arm_cortexm4_tiva_ce_Boot_Module__diagsIncluded__C     
00007190  ti_catalog_arm_cortexm4_tiva_ce_Boot_Module__diagsMask__C         
00007194  ti_sysbios_family_arm_lm4_Timer_enableFunc__C                     
00007198  ti_sysbios_family_arm_lm4_Timer_numTimerDevices__C                
0000719c  ti_sysbios_family_arm_lm4_Timer_startupNeeded__C                  
000071a0  ti_sysbios_family_arm_m3_Hwi_E_NMI__C                             
000071a4  ti_sysbios_family_arm_m3_Hwi_E_alreadyDefined__C                  
000071a8  ti_sysbios_family_arm_m3_Hwi_E_busFault__C                        
000071ac  ti_sysbios_family_arm_m3_Hwi_E_debugMon__C                        
000071b0  ti_sysbios_family_arm_m3_Hwi_E_hardFault__C                       
000071b4  ti_sysbios_family_arm_m3_Hwi_E_memFault__C                        
000071b8  ti_sysbios_family_arm_m3_Hwi_E_noIsr__C                           
000071bc  ti_sysbios_family_arm_m3_Hwi_E_reserved__C                        
000071c0  ti_sysbios_family_arm_m3_Hwi_E_svCall__C                          
000071c4  ti_sysbios_family_arm_m3_Hwi_E_usageFault__C                      
000071c8  ti_sysbios_family_arm_m3_Hwi_NUM_INTERRUPTS__C                    
000071cc  ti_sysbios_family_arm_m3_Hwi_Object__count__C                     
000071d0  ti_sysbios_family_arm_m3_Hwi_ccr__C                               
000071d4  ti_sysbios_family_arm_m3_Hwi_excHandlerFunc__C                    
000071d8  ti_sysbios_family_arm_m3_Hwi_excHookFuncs__C                      
000071dc  ti_sysbios_family_arm_m3_Hwi_nullIsrFunc__C                       
000071e0  ti_sysbios_family_arm_m3_Hwi_priGroup__C                          
000071e4  ti_sysbios_gates_GateMutex_A_badContext__C                        
000071e8  ti_sysbios_gates_GateMutex_Instance_State_sem__O                  
000071ec  ti_sysbios_gates_GateMutex_Module__diagsEnabled__C                
000071f0  ti_sysbios_gates_GateMutex_Module__diagsIncluded__C               
000071f4  ti_sysbios_gates_GateMutex_Module__diagsMask__C                   
000071f8  ti_sysbios_hal_Hwi_E_stackOverflow__C                             
000071fc  ti_sysbios_heaps_HeapMem_A_align__C                               
00007200  ti_sysbios_heaps_HeapMem_A_heapSize__C                            
00007204  ti_sysbios_heaps_HeapMem_A_invalidFree__C                         
00007208  ti_sysbios_heaps_HeapMem_A_zeroBlock__C                           
0000720c  ti_sysbios_heaps_HeapMem_E_memory__C                              
00007210  ti_sysbios_heaps_HeapMem_Module__diagsEnabled__C                  
00007214  ti_sysbios_heaps_HeapMem_Module__diagsIncluded__C                 
00007218  ti_sysbios_heaps_HeapMem_Module__diagsMask__C                     
0000721c  ti_sysbios_heaps_HeapMem_Module__gateObj__C                       
00007220  ti_sysbios_heaps_HeapMem_Object__count__C                         
00007224  ti_sysbios_heaps_HeapMem_reqAlign__C                              
00007228  ti_sysbios_knl_Clock_Module_State_clockQ__O                       
0000722c  ti_sysbios_knl_Idle_funcList__A                                   
00007230  ti_sysbios_knl_Semaphore_A_badContext__C                          
00007234  ti_sysbios_knl_Semaphore_A_noEvents__C                            
00007238  ti_sysbios_knl_Semaphore_A_overflow__C                            
0000723c  ti_sysbios_knl_Semaphore_A_pendTaskDisabled__C                    
00007240  ti_sysbios_knl_Semaphore_Instance_State_pendQ__O                  
00007244  ti_sysbios_knl_Semaphore_Module__diagsEnabled__C                  
00007248  ti_sysbios_knl_Semaphore_Module__diagsIncluded__C                 
0000724c  ti_sysbios_knl_Semaphore_Module__diagsMask__C                     
00007250  ti_sysbios_knl_Swi_Object__count__C                               
00007254  ti_sysbios_knl_Task_A_badTimeout__C                               
00007258  ti_sysbios_knl_Task_A_sleepTaskDisabled__C                        
0000725c  ti_sysbios_knl_Task_E_spOutOfBounds__C                            
00007260  ti_sysbios_knl_Task_E_stackOverflow__C                            
00007264  ti_sysbios_knl_Task_Module_State_inactiveQ__O                     
00007268  ti_sysbios_knl_Task_Module__diagsEnabled__C                       
0000726c  ti_sysbios_knl_Task_Module__diagsIncluded__C                      
00007270  ti_sysbios_knl_Task_Module__diagsMask__C                          
00007274  ti_sysbios_knl_Task_Object__count__C                              
00007278  ti_sysbios_knl_Task_allBlockedFunc__C                             
0000727c  ti_sysbios_knl_Task_numConstructedTasks__C                        
00007280  xdc_runtime_Assert_E_assertFailed__C                              
00007284  xdc_runtime_Core_A_initializedParams__C                           
00007288  xdc_runtime_Core_Module__diagsEnabled__C                          
0000728c  xdc_runtime_Core_Module__diagsIncluded__C                         
00007290  xdc_runtime_Core_Module__diagsMask__C                             
00007294  xdc_runtime_Error_E_memory__C                                     
00007298  xdc_runtime_Error_Module__diagsEnabled__C                         
0000729c  xdc_runtime_Error_Module__diagsIncluded__C                        
000072a0  xdc_runtime_Error_Module__diagsMask__C                            
000072a4  xdc_runtime_Error_Module__loggerFxn8__C                           
000072a8  xdc_runtime_Error_Module__loggerObj__C                            
000072ac  xdc_runtime_Error_policyFxn__C                                    
000072b0  xdc_runtime_Error_raiseHook__C                                    
000072b4  xdc_runtime_IGateProvider_Interface__BASE__C                      
000072b8  xdc_runtime_IHeap_Interface__BASE__C                              
000072bc  xdc_runtime_IModule_Interface__BASE__C                            
000072c0  xdc_runtime_Log_L_error__C                                        
000072c4  xdc_runtime_Memory_defaultHeapInstance__C                         
000072c8  xdc_runtime_Startup_execImpl__C                                   
000072cc  xdc_runtime_Startup_maxPasses__C                                  
000072d0  xdc_runtime_Startup_sfxnRts__C                                    
000072d4  xdc_runtime_Startup_sfxnTab__C                                    
000072d8  xdc_runtime_SysMin_bufSize__C                                     
000072dc  xdc_runtime_SysMin_outputFunc__C                                  
000072e0  xdc_runtime_System_Module__gateObj__C                             
000072e4  xdc_runtime_System_abortFxn__C                                    
000072e8  xdc_runtime_System_exitFxn__C                                     
000072ec  xdc_runtime_System_extendFxn__C                                   
000072f0  xdc_runtime_System_maxAtexitHandlers__C                           
000072f4  xdc_runtime_Text_charTab__C                                       
000072f8  xdc_runtime_Text_nameEmpty__C                                     
000072fc  xdc_runtime_Text_nameStatic__C                                    
00007300  xdc_runtime_Text_nameUnknown__C                                   
00007304  xdc_runtime_Text_nodeTab__C                                       
00007308  xdc_runtime_Text_visitRopeFxn__C                                  
0000730c  ti_catalog_arm_cortexm4_tiva_ce_Boot_Module__id__C                
0000730e  ti_sysbios_family_arm_m3_Hwi_Module__id__C                        
00007310  ti_sysbios_gates_GateMutex_Module__id__C                          
00007312  ti_sysbios_hal_Hwi_Module__id__C                                  
00007314  ti_sysbios_heaps_HeapMem_Module__id__C                            
00007316  ti_sysbios_knl_Semaphore_Module__id__C                            
00007318  ti_sysbios_knl_Task_Module__id__C                                 
0000731a  xdc_runtime_Core_Module__id__C                                    
0000731c  xdc_runtime_Error_Module__loggerDefined__C                        
0000731e  xdc_runtime_Error_maxDepth__C                                     
00007320  xdc_runtime_Memory_Module__id__C                                  
00007322  xdc_runtime_SysMin_flushAtExit__C                                 
00007324  xdc_runtime_Text_charCnt__C                                       
00007326  xdc_runtime_Text_isLoaded__C                                      
00007328  xdc_runtime_Text_registryModsLastId__C                            
0000732a  xdc_runtime_Text_unnamedModsLastId__C                             
00007330  __TI_static_base__                                                
00007520  __TI_Handler_Table_Base                                           
0000752c  __TI_Handler_Table_Limit                                          
00007540  __TI_CINIT_Base                                                   
00007558  __TI_CINIT_Limit                                                  
20000000  ti_sysbios_family_arm_m3_Hwi_ramVectors                           
20000360  ti_sysbios_knl_Task_Instance_State_0_stack__A                     
20000560  ti_sysbios_knl_Task_Instance_State_1_stack__A                     
20000760  ti_sysbios_heaps_HeapMem_Instance_State_0_buf__A                  
20000b60  ti_sysbios_family_arm_m3_Hwi_dispatchTable                        
20000ec0  __CIOBUF_                                                         
20001070  xdc_runtime_SysMin_Module_State_0_outbuf__A                       
200010f0  parmbuf                                                           
200010f8  first                                                             
20001100  period                                                            
20001104  ti_sysbios_knl_Task_Object__table__V                              
2000119c  ti_sysbios_knl_Swi_Module_State_0_readyQ__A                       
2000121c  ti_sysbios_knl_Task_Module_State_0_readyQ__A                      
2000129c  ti_sysbios_knl_Task_Module__state__V                              
200012e0  ti_sysbios_family_arm_lm4_Timer_Object__table__V                  
20001320  ti_sysbios_gates_GateMutex_Object__table__V                       
20001358  ti_sysbios_family_arm_m3_Hwi_Module__state__V                     
2000138c  ti_sysbios_family_arm_lm4_Timer_Module_State_0_device__A          
200013bc  ti_sysbios_family_arm_m3_Hwi_Object__table__V                     
200013ec  ti_sysbios_knl_Swi_Object__table__V                               
2000141c  ti_sysbios_knl_Clock_Module__state__V                             
20001448  ti_sysbios_BIOS_Module__state__V                                  
2000146c  ti_sysbios_knl_Swi_Module__state__V                               
20001488  ti_sysbios_family_arm_lm4_Timer_Module_State_0_handles__A         
200014a0  ti_sysbios_heaps_HeapMem_Object__table__V                         
200014b8  gpioPinConfigs                                                    
200014cc  ti_sysbios_family_arm_lm4_Timer_Module__state__V                  
200014d8  xdc_runtime_SysMin_Module__state__V                               
200014e4  _lock                                                             
200014e8  _unlock                                                           
200014ec  gpioCallbackFunctions                                             
200014f4  ti_sysbios_family_arm_m3_Hwi_Module__root__V                      
200014fc  ti_sysbios_gates_GateHwi_Module__root__V                          
20001504  ti_sysbios_gates_GateMutex_Module__root__V                        
2000150c  ti_sysbios_heaps_HeapMem_Module__root__V                          
20001514  ti_sysbios_knl_Queue_Module__root__V                              
2000151c  ti_sysbios_knl_Semaphore_Module__root__V                          
20001524  xdc_runtime_Registry_Module__state__V                             
2000152c  xdc_runtime_Startup_Module__state__V                              
20001534  xdc_runtime_System_Module_State_0_atexitHandlers__A               
2000153c  xdc_runtime_System_Module__state__V                               
2000154a  ti_sysbios_family_arm_m3_Hwi_Module_State_0_excActive__A          
2000154c  main_func_sp                                                      
20001550  ti_sysbios_family_arm_m3_Hwi_Module_State_0_excContext__A         
20001554  ti_sysbios_family_arm_m3_Hwi_Module_State_0_excStack__A           
20001558  ti_sysbios_gates_GateHwi_Object__table__V                         
2000155c  ti_sysbios_knl_Task_Module_State_0_idleTask__A                    
20001560  xdc_runtime_Memory_Module__state__V                               
20001564  xdc_runtime_Error_Module__state__V                                
20001568  __stack                                                           
20001868  __STACK_END                                                       
e000e000  ti_sysbios_family_arm_m3_Hwi_nvic                                 
ffffffff  __TI_pprof_out_hndl                                               
ffffffff  __TI_prof_data_size                                               
ffffffff  __TI_prof_data_start                                              
ffffffff  __binit__                                                         
ffffffff  __c_args__                                                        
ffffffff  binit                                                             
UNDEFED   SHT$$INIT_ARRAY$$Base                                             
UNDEFED   SHT$$INIT_ARRAY$$Limit                                            

[551 symbols]
