******************************************************************************
                  TI ARM Linker PC v18.1.4                     
******************************************************************************
>> Linked Mon Nov 19 08:19:00 2018

OUTPUT FILE NAME:   <SR04_Drive.out>
ENTRY POINT SYMBOL: "_c_int00"  address: 00003b11


MEMORY CONFIGURATION

         name            origin    length      used     unused   attr    fill
----------------------  --------  ---------  --------  --------  ----  --------
  FLASH                 00000000   00040000  000076c0  00038940  R  X
  SRAM                  20000000   00008000  00001aea  00006516  RW X


SEGMENT ALLOCATION MAP

run origin  load origin   length   init length attrs members
----------  ----------- ---------- ----------- ----- -------
00000000    00000000    000076c8   000076c8    r-x
  00000000    00000000    0000003c   0000003c    r-- .resetVecs
  00000040    00000040    000054aa   000054aa    r-x .text
  000054ec    000054ec    00001f92   00001f92    r-- .const
  00007480    00007480    00000248   00000248    r-- .cinit
20000000    20000000    00001af0   00000000    rw-
  20000000    20000000    00000360   00000000    rw- .vecs
  20000360    20000360    00000fa0   00000000    rw- .bss
  20001300    20001300    000004ea   00000000    rw- .data
  200017f0    200017f0    00000300   00000000    rw- .stack


SECTION ALLOCATION MAP

 output                                  attributes/
section   page    origin      length       input sections
--------  ----  ----------  ----------   ----------------
.text      0    00000040    000054aa     
                  00000040    00000430     sysbios.aem4f : BIOS.obj (.text:ti_sysbios_family_arm_m3_Hwi_excDumpRegs__I)
                  00000470    0000034c     ti.targets.arm.rtsarm.aem4f : System.oem4f (.text:xdc_runtime_System_doPrint__I)
                  000007bc    00000004     driverlib.lib : timer.obj (.text:TimerIntClear)
                  000007c0    000002d0     sysbios.aem4f : BIOS.obj (.text:ti_sysbios_knl_Semaphore_pend__E)
                  00000a90    0000026c                   : BIOS.obj (.text:ti_sysbios_heaps_HeapMem_free__E)
                  00000cfc    00000004     rtsv7M4_T_le_v4SPD16_eabi.lib : exit.c.obj (.text:abort:abort)
                  00000d00    00000250     sysbios.aem4f : BIOS.obj (.text:ti_sysbios_heaps_HeapMem_alloc__E)
                  00000f50    000001fc                   : BIOS.obj (.text:ti_sysbios_family_arm_m3_Hwi_excHandlerMax__I)
                  0000114c    00000004     sr04_rtos_pem4f.oem4f (.text:ti_sysbios_BIOS_RtsGateProxy_enter__E)
                  00001150    000001f0     sysbios.aem4f : BIOS.obj (.text:ti_sysbios_knl_Task_sleep__E)
                  00001340    00000174                   : BIOS.obj (.text:ti_sysbios_family_arm_m3_Hwi_excBusFault__I)
                  000014b4    00000004     sr04_rtos_pem4f.oem4f (.text:ti_sysbios_BIOS_RtsGateProxy_leave__E)
                  000014b8    00000164     sysbios.aem4f : BIOS.obj (.text:ti_sysbios_family_arm_m3_Hwi_excUsageFault__I)
                  0000161c    00000150     drivers_tivaware.aem4f : GPIOTiva.oem4f (.text:GPIO_setConfig)
                  0000176c    00000004     sysbios.aem4f : BIOS.obj (.text:ti_sysbios_family_arm_lm4_Timer_masterEnable__I)
                  00001770    00000148                   : BIOS.obj (.text:ti_sysbios_family_arm_m3_Hwi_excMemFault__I)
                  000018b8    0000013c                   : BIOS.obj (.text:ti_sysbios_heaps_HeapMem_Instance_init__E)
                  000019f4    00000004     sr04_rtos_pem4f.oem4f (.text:ti_sysbios_family_arm_m3_TaskSupport_Module__startupDone__S)
                  000019f8    00000134     sysbios.aem4f : BIOS.obj (.text:ti_sysbios_family_arm_lm4_Timer_start__E)
                  00001b2c    00000130     driverlib.lib : gpio.obj (.text:GPIOPadConfigSet)
                  00001c5c    00000118     ti.targets.arm.rtsarm.aem4f : Error.oem4f (.text:xdc_runtime_Error_policyDefault__E)
                  00001d74    00000100     Boot.aem4f : Boot_sysctl.oem4f (.text:ti_catalog_arm_cortexm4_tiva_ce_Boot_sysCtlClockSetI__I)
                  00001e74    00000100     ti.targets.arm.rtsarm.aem4f : Core-mem.oem4f (.text:xdc_runtime_Core_createObject__I)
                  00001f74    000000f8                                 : Startup.oem4f (.text:xdc_runtime_Startup_startMods__I)
                  0000206c    000000f8     sr04_rtos_pem4f.oem4f (.text:xdc_runtime_System_printfExtend__I)
                  00002164    000000f4     sysbios.aem4f : m3_Hwi_asm.obj (.text:ti_sysbios_family_arm_m3_Hwi_dispatch__I)
                  00002258    000000f0     driverlib.lib : sysctl.obj (.text:SysCtlClockSet)
                  00002348    000000ec     sysbios.aem4f : BIOS.obj (.text:ti_sysbios_knl_Semaphore_post__E)
                  00002434    000000dc     sr04.obj (.text:sr04_Init)
                  00002510    000000cc     ti.targets.arm.rtsarm.aem4f : Core-smem.oem4f (.text:xdc_runtime_Core_constructObject__I)
                  000025dc    00000004     sr04_rtos_pem4f.oem4f (.text:ti_sysbios_heaps_HeapMem_Module_GateProxy_enter__E)
                  000025e0    000000bc     sysbios.aem4f : BIOS.obj (.text:ti_sysbios_family_arm_m3_Hwi_excDebugMon__I)
                  0000269c    00000004     sr04_rtos_pem4f.oem4f (.text:ti_sysbios_heaps_HeapMem_Module_GateProxy_leave__E)
                  000026a0    000000bc     sysbios.aem4f : BIOS.obj (.text:ti_sysbios_family_arm_m3_Hwi_excHardFault__I)
                  0000275c    00000004     sr04_rtos_pem4f.oem4f (.text:ti_sysbios_knl_Clock_TimerProxy_getMaxTicks__E)
                  00002760    000000b4     sysbios.aem4f : BIOS.obj (.text:ti_sysbios_gates_GateMutex_enter__E)
                  00002814    00000004     sr04_rtos_pem4f.oem4f (.text:ti_sysbios_knl_Queue_destruct)
                  00002818    000000b4     sysbios.aem4f : BIOS.obj (.text:ti_sysbios_knl_Task_checkStacks__E)
                  000028cc    00000004     sr04_rtos_pem4f.oem4f (.text:ti_sysbios_knl_Semaphore_destruct)
                  000028d0    000000ac     sysbios.aem4f : BIOS.obj (.text:ti_sysbios_family_arm_lm4_Timer_enableTiva__I)
                  0000297c    00000004     ti.targets.arm.rtsarm.aem4f : Error.oem4f (.text:xdc_runtime_Error_getSite__E)
                  00002980    000000a8     sysbios.aem4f : BIOS.obj (.text:ti_sysbios_family_arm_lm4_Timer_enableTimers__I)
                  00002a28    000000a8                   : BIOS.obj (.text:ti_sysbios_knl_Task_postInit__I)
                  00002ad0    000000a0     auto_init.aem4f : auto_init.oem4f (.text)
                  00002b70    000000a0     ti.targets.arm.rtsarm.aem4f : Text.oem4f (.text:xdc_runtime_Text_putMod__E)
                  00002c10    0000009c     rtsv7M4_T_le_v4SPD16_eabi.lib : memcpy_t2.asm.obj (.text)
                  00002cac    00000004     sr04_rtos_pem4f.oem4f (.text:xdc_runtime_System_Module_GateProxy_enter__E)
                  00002cb0    0000009c     sysbios.aem4f : BIOS.obj (.text:ti_sysbios_knl_Semaphore_Instance_init__E)
                  00002d4c    0000009a     ti.targets.arm.rtsarm.aem4f : Text.oem4f (.text:xdc_runtime_Text_putSite__E)
                  00002de6    00000002     rtsv7M4_T_le_v4SPD16_eabi.lib : _lock.c.obj (.text:_nop)
                  00002de8    00000098     Boot.aem4f : Boot.oem4f (.text:ti_catalog_arm_cortexm4_tiva_ce_Boot_sysCtlClockSet__E)
                  00002e80    00000094     sysbios.aem4f : BIOS.obj (.text:ti_sysbios_family_arm_m3_Hwi_Instance_init__E)
                  00002f14    00000004     sr04_rtos_pem4f.oem4f (.text:xdc_runtime_System_Module_GateProxy_leave__E)
                  00002f18    00000094     sysbios.aem4f : BIOS.obj (.text:ti_sysbios_family_arm_m3_Hwi_initNVIC__E)
                  00002fac    00000090     sr04_main.obj (.text:main)
                  0000303c    0000008c     drivers_tivaware.aem4f : GPIOTiva.oem4f (.text:GPIO_init)
                  000030c8    0000008c     sysbios.aem4f : m3_TaskSupport_asm.obj (.text:ti_sysbios_family_arm_m3_TaskSupport_buildTaskStack)
                  00003154    00000004     ti.targets.arm.rtsarm.aem4f : System.oem4f (.text:xdc_runtime_System_aprintf_va__F)
                  00003158    00000084     sysbios.aem4f : BIOS.obj (.text:ti_sysbios_family_arm_m3_Hwi_postInit__I)
                  000031dc    0000007a     rtsv7M4_T_le_v4SPD16_eabi.lib : memset_t2.asm.obj (.text)
                  00003256    00000002                                   : div0.asm.obj (.text)
                  00003258    00000070     sysbios.aem4f : BIOS.obj (.text:ti_sysbios_knl_Clock_workFunc__E)
                  000032c8    00000070                   : BIOS.obj (.text:ti_sysbios_knl_Task_exit__E)
                  00003338    0000006d     ti.targets.arm.rtsarm.aem4f : System.oem4f (.text:xdc_runtime_System_formatNum__I)
                  000033a5    00000001     --HOLE-- [fill = 0]
                  000033a6    00000002     sr04_rtos_pem4f.oem4f (.text:ti_sysbios_BIOS_nullFunc__I)
                  000033a8    0000006c     sysbios.aem4f : BIOS.obj (.text:ti_sysbios_knl_Swi_restoreHwi__E)
                  00003414    0000006c     ti.targets.arm.rtsarm.aem4f : Error.oem4f (.text:xdc_runtime_Error_print__E)
                  00003480    0000006c                                 : Memory.oem4f (.text:xdc_runtime_Memory_alloc__E)
                  000034ec    00000068     driverlib.lib : interrupt.obj (.text:IntEnable)
                  00003554    00000068     rtsv7M4_T_le_v4SPD16_eabi.lib : copy_decompress_lzss.c.obj (.text:decompress:lzss:__TI_decompress_lzss)
                  000035bc    00000066     ti.targets.arm.rtsarm.aem4f : Core-mem.oem4f (.text:xdc_runtime_Core_deleteObject__I)
                  00003622    00000002     sr04_rtos_pem4f.oem4f (.text:xdc_runtime_Startup_reset__I)
                  00003624    00000064     drivers_tivaware.aem4f : GPIOTiva.oem4f (.text:GPIO_hwiIntFxn)
                  00003688    00000064     sysbios.aem4f : BIOS.obj (.text:ti_sysbios_family_arm_lm4_Timer_Module_startup__E)
                  000036ec    00000064     sr04_rtos_pem4f.oem4f (.text:ti_sysbios_family_arm_m3_Hwi_create)
                  00003750    00000064     sysbios.aem4f : BIOS.obj (.text:ti_sysbios_family_arm_m3_Hwi_dispatchC__I)
                  000037b4    00000060     driverlib.lib : timer.obj (.text:TimerConfigure)
                  00003814    00000004     ti.targets.arm.rtsarm.aem4f : System.oem4f (.text:xdc_runtime_System_printf_va__F)
                  00003818    00000060     sysbios.aem4f : BIOS.obj (.text:ti_sysbios_family_arm_lm4_Timer_isrStub__E)
                  00003878    00000060                   : BIOS.obj (.text:ti_sysbios_knl_Task_schedule__I)
                  000038d8    00000060     sr04.obj (.text:triggerPin_init)
                  00003938    0000005c     sysbios.aem4f : BIOS.obj (.text:ti_sysbios_knl_Swi_run__I)
                  00003994    00000004     --HOLE-- [fill = 0]
                  00003998    0000005c                   : BIOS.obj (.text:ti_sysbios_knl_Swi_schedule__I)
                  000039f4    00000004     --HOLE-- [fill = 0]
                  000039f8    0000005c                   : BIOS.obj (.text:ti_sysbios_knl_Task_Module_startup__E)
                  00003a54    00000004     --HOLE-- [fill = 0]
                  00003a58    0000005c                   : BIOS.obj (.text:ti_sysbios_knl_Task_startCore__E)
                  00003ab4    0000005b     ti.targets.arm.rtsarm.aem4f : Text.oem4f (.text:xdc_runtime_Text_putLab__E)
                  00003b0f    00000001     --HOLE-- [fill = 0]
                  00003b10    00000058     boot.aem4f : boot.oem4f (.text)
                  00003b68    00000058     rtsv7M4_T_le_v4SPD16_eabi.lib : hostwrite.c.obj (.text:HOSTwrite)
                  00003bc0    00000058     sysbios.aem4f : m3_Hwi_asm_switch.obj (.text:ti_sysbios_family_arm_m3_Hwi_initStacks__E)
                  00003c18    00000056     driverlib.lib : gpio.obj (.text:GPIOIntTypeSet)
                  00003c6e    00000002     --HOLE-- [fill = 0]
                  00003c70    00000054     ti.targets.arm.rtsarm.aem4f : Assert.oem4f (.text:xdc_runtime_Assert_raise__I)
                  00003cc4    00000050     drivers_tivaware.aem4f : GPIOTiva.oem4f (.text:GPIO_setCallback)
                  00003d14    00000050                            : GPIOTiva.oem4f (.text:GPIO_toggle)
                  00003d64    00000050                            : GPIOTiva.oem4f (.text:GPIO_write)
                  00003db4    00000050     driverlib.lib : sysctl.obj (.text:SysCtlPeripheralReset)
                  00003e04    00000004     --HOLE-- [fill = 0]
                  00003e08    00000050     sysbios.aem4f : BIOS.obj (.text:ti_sysbios_family_arm_m3_Hwi_Module_startup__E)
                  00003e58    00000050     ti.targets.arm.rtsarm.aem4f : Startup.oem4f (.text:xdc_runtime_Startup_exec__E)
                  00003ea8    00000050                                 : Text.oem4f (.text:xdc_runtime_Text_visitRope2__I)
                  00003ef8    0000004c     rtsv7M4_T_le_v4SPD16_eabi.lib : cpy_tbl.c.obj (.text:copy_in)
                  00003f44    00000004     --HOLE-- [fill = 0]
                  00003f48    0000004c     sysbios.aem4f : BIOS.obj (.text:ti_sysbios_heaps_HeapMem_getStats__E)
                  00003f94    00000004     --HOLE-- [fill = 0]
                  00003f98    0000004c                   : BIOS.obj (.text:ti_sysbios_knl_Swi_runLoop__I)
                  00003fe4    00000004     --HOLE-- [fill = 0]
                  00003fe8    0000004c                   : BIOS.obj (.text:ti_sysbios_knl_Task_allBlockedFunction__I)
                  00004034    00000048     driverlib.lib : gpio.obj (.text:GPIOPinConfigure)
                  0000407c    00000004     --HOLE-- [fill = 0]
                  00004080    00000048     sysbios.aem4f : BIOS.obj (.text:ti_sysbios_family_arm_m3_Hwi_disableInterrupt__E)
                  000040c8    00000048                   : BIOS.obj (.text:ti_sysbios_family_arm_m3_Hwi_enableInterrupt__E)
                  00004110    00000048                   : BIOS.obj (.text:ti_sysbios_family_arm_m3_Hwi_excReserved__I)
                  00004158    00000046     ti.targets.arm.rtsarm.aem4f : Core-params.oem4f (.text:xdc_runtime_Core_assignParams__I)
                  0000419e    00000002     --HOLE-- [fill = 0]
                  000041a0    00000044     sysbios.aem4f : BIOS.obj (.text:ti_sysbios_family_arm_m3_Hwi_getStackInfo__E)
                  000041e4    00000004     --HOLE-- [fill = 0]
                  000041e8    00000044                   : BIOS.obj (.text:ti_sysbios_knl_Swi_post__E)
                  0000422c    00000044     ti.targets.arm.rtsarm.aem4f : Error.oem4f (.text:xdc_runtime_Error_setX__E)
                  00004270    00000044                                 : SysMin.oem4f (.text:xdc_runtime_SysMin_flush__E)
                  000042b4    00000044                                 : Text.oem4f (.text:xdc_runtime_Text_xprintf__I)
                  000042f8    00000040     EK_TM4C123GXL.obj (.text:EK_TM4C123GXL_initGeneral)
                  00004338    00000040     sr04.obj (.text:captureEvent_HWI)
                  00004378    00000040     rtsv7M4_T_le_v4SPD16_eabi.lib : u_divt2.asm.obj (.text)
                  000043b8    00000040     sysbios.aem4f : BIOS.obj (.text:ti_sysbios_family_arm_lm4_Timer_startup__E)
                  000043f8    0000003c                   : BIOS.obj (.text:ti_sysbios_family_arm_m3_Hwi_excSvCall__I)
                  00004434    00000004     --HOLE-- [fill = 0]
                  00004438    0000003c                   : BIOS.obj (.text:ti_sysbios_heaps_HeapMem_init__I)
                  00004474    00000004     --HOLE-- [fill = 0]
                  00004478    0000003c                   : BIOS.obj (.text:ti_sysbios_knl_Swi_restore__E)
                  000044b4    00000038     driverlib.lib : sysctl.obj (.text:SysCtlPeripheralReady)
                  000044ec    00000038     rtsv7M4_T_le_v4SPD16_eabi.lib : trgmsg.c.obj (.text:__TI_writemsg)
                  00004524    00000004     --HOLE-- [fill = 0]
                  00004528    00000038     sysbios.aem4f : BIOS.obj (.text:ti_sysbios_family_arm_m3_Hwi_excNoIsr__I)
                  00004560    00000038                   : BIOS.obj (.text:ti_sysbios_knl_Task_processVitalTaskFlag__I)
                  00004598    00000038     ti.targets.arm.rtsarm.aem4f : SysMin.oem4f (.text:xdc_runtime_SysMin_putch__E)
                  000045d0    00000038                                 : System.oem4f (.text:xdc_runtime_System_atexit__E)
                  00004608    00000034     driverlib.lib : sysctl.obj (.text:SysCtlPeripheralEnable)
                  0000463c    00000034     rtsv7M4_T_le_v4SPD16_eabi.lib : trgmsg.c.obj (.text:__TI_readmsg)
                  00004670    00000034     sysbios.aem4f : BIOS.obj (.text:ti_sysbios_family_arm_m3_Hwi_Instance_finalize__E)
                  000046a4    00000004     --HOLE-- [fill = 0]
                  000046a8    00000034                   : BIOS.obj (.text:ti_sysbios_family_arm_m3_Hwi_excNmi__I)
                  000046dc    00000004     --HOLE-- [fill = 0]
                  000046e0    00000034                   : BIOS.obj (.text:ti_sysbios_hal_Hwi_checkStack)
                  00004714    00000034     sr04.obj (.text:triggerPin_HWI)
                  00004748    00000034     ti.targets.arm.rtsarm.aem4f : Core-label.oem4f (.text:xdc_runtime_Core_assignLabel__I)
                  0000477c    00000033                                 : Text.oem4f (.text:xdc_runtime_Text_printVisFxn__I)
                  000047af    00000001     --HOLE-- [fill = 0]
                  000047b0    00000032     sysbios.aem4f : BIOS.obj (.text:ti_sysbios_hal_Hwi_initStack)
                  000047e2    00000002     --HOLE-- [fill = 0]
                  000047e4    00000030     EK_TM4C123GXL.obj (.text:EK_TM4C123GXL_initGPIO)
                  00004814    00000030     sr04_rtos_pem4f.oem4f (.text:ti_sysbios_BIOS_atExitFunc__I)
                  00004844    00000004     --HOLE-- [fill = 0]
                  00004848    00000030     sysbios.aem4f : BIOS.obj (.text:ti_sysbios_family_arm_lm4_Timer_stop__E)
                  00004878    00000030                   : BIOS.obj (.text:ti_sysbios_family_arm_m3_TaskSupport_start__E)
                  000048a8    00000030     sr04_rtos_pem4f.oem4f (.text:ti_sysbios_gates_GateHwi_Object__create__S)
                  000048d8    00000030     sr04_rtos_pem4f.oem4f (.text:ti_sysbios_gates_GateMutex_Object__create__S)
                  00004908    00000030     sr04_rtos_pem4f.oem4f (.text:ti_sysbios_heaps_HeapMem_Object__create__S)
                  00004938    00000030     sr04_rtos_pem4f.oem4f (.text:ti_sysbios_knl_Semaphore_construct)
                  00004968    00000030     sysbios.aem4f : BIOS.obj (.text:ti_sysbios_knl_Semaphore_pendTimeout__I)
                  00004998    00000030                   : BIOS.obj (.text:ti_sysbios_knl_Task_unblockI__E)
                  000049c8    00000030     ti.targets.arm.rtsarm.aem4f : SysMin.oem4f (.text:xdc_runtime_SysMin_abort__E)
                  000049f8    00000030                                 : System.oem4f (.text:xdc_runtime_System_processAtExit__E)
                  00004a28    0000002c     sr04_rtos_pem4f.oem4f (.text:ti_sysbios_knl_Clock_doTick__I)
                  00004a54    0000002c     sr04_rtos_pem4f.oem4f (.text:ti_sysbios_knl_Queue_construct)
                  00004a80    0000002c     sysbios.aem4f : BIOS.obj (.text:ti_sysbios_knl_Task_restore__E)
                  00004aac    0000002c     ti.targets.arm.rtsarm.aem4f : Text.oem4f (.text:xdc_runtime_Text_cordText__E)
                  00004ad8    0000002a     driverlib.lib : gpio.obj (.text:GPIODirModeSet)
                  00004b02    0000002a     ti.targets.arm.rtsarm.aem4f : System.oem4f (.text:xdc_runtime_System_putchar__I)
                  00004b2c    00000004     --HOLE-- [fill = 0]
                  00004b30    00000028     sysbios.aem4f : BIOS.obj (.text:ti_sysbios_knl_Swi_Module_startup__E)
                  00004b58    00000026                   : m3_Hwi_asm.obj (.text:ti_sysbios_family_arm_m3_Hwi_pendSV__I)
                  00004b7e    00000026     ti.targets.arm.rtsarm.aem4f : System.oem4f (.text:xdc_runtime_System_avprintf__E)
                  00004ba4    00000024     sr04_rtos_pem4f.oem4f (.text:ti_sysbios_BIOS_errorRaiseHook__I)
                  00004bc8    00000024     sr04_rtos_pem4f.oem4f (.text:ti_sysbios_BIOS_registerRTSLock__I)
                  00004bec    00000024     sr04_rtos_pem4f.oem4f (.text:ti_sysbios_BIOS_removeRTSLock__I)
                  00004c10    00000024     sr04_rtos_pem4f.oem4f (.text:ti_sysbios_BIOS_startFunc__I)
                  00004c34    00000024     sr04_rtos_pem4f.oem4f (.text:ti_sysbios_gates_GateMutex_Object__delete__S)
                  00004c58    00000024     sysbios.aem4f : BIOS.obj (.text:ti_sysbios_knl_Clock_Module_startup__E)
                  00004c7c    00000004     --HOLE-- [fill = 0]
                  00004c80    00000024                   : BIOS.obj (.text:ti_sysbios_knl_Task_restoreHwi__E)
                  00004ca4    00000024     ti.targets.arm.rtsarm.aem4f : System.oem4f (.text:xdc_runtime_System_vprintf__E)
                  00004cc8    00000022     sysbios.aem4f : BIOS.obj (.text:ti_sysbios_family_arm_lm4_Timer_write__I)
                  00004cea    00000022     sr04_rtos_pem4f.oem4f (.text:xdc_runtime_SysMin_output__I)
                  00004d0c    00000020     sr04_rtos_pem4f.oem4f (.text:ti_sysbios_BIOS_rtsLock__I)
                  00004d2c    00000020     sysbios.aem4f : m3_Hwi_asm.obj (.text:ti_sysbios_family_arm_m3_Hwi_excHandlerAsm__I)
                  00004d4c    00000004     --HOLE-- [fill = 0]
                  00004d50    00000020                   : BIOS.obj (.text:ti_sysbios_family_arm_m3_Hwi_excHandler__I)
                  00004d70    00000020     sr04_rtos_pem4f.oem4f (.text:ti_sysbios_gates_GateHwi_Object__delete__S)
                  00004d90    00000020     sr04_rtos_pem4f.oem4f (.text:ti_sysbios_heaps_HeapMem_Object__delete__S)
                  00004db0    00000020     sysbios.aem4f : BIOS.obj (.text:ti_sysbios_knl_Idle_run__E)
                  00004dd0    00000020     sr04_rtos_pem4f.oem4f (.text:ti_sysbios_knl_Semaphore_Object__destruct__S)
                  00004df0    00000020     sr04.obj (.text:triggerSr04)
                  00004e10    00000020     ti.targets.arm.rtsarm.aem4f : Registry.oem4f (.text:xdc_runtime_Registry_findById__E)
                  00004e30    00000020                                 : SysMin.oem4f (.text:xdc_runtime_SysMin_Module_startup__E)
                  00004e50    0000001e     sysbios.aem4f : m3_Hwi_asm_switch.obj (.text:ti_sysbios_family_xxx_Hwi_switchAndRunFunc)
                  00004e6e    0000001c     drivers_tivaware.aem4f : GPIOTiva.oem4f (.text:getGpioIntIndex)
                  00004e8a    00000006     driverlib.lib : gpio.obj (.text:GPIOIntClear)
                  00004e90    0000001c     sysbios.aem4f : BIOS.obj (.text:ti_sysbios_gates_GateMutex_Instance_init__E)
                  00004eac    0000001c     sr04_rtos_pem4f.oem4f (.text:ti_sysbios_knl_Queue_Object__destruct__S)
                  00004ec8    0000001c     sysbios.aem4f : BIOS.obj (.text:ti_sysbios_knl_Task_enter__I)
                  00004ee4    0000001c     ti.targets.arm.rtsarm.aem4f : Error.oem4f (.text:xdc_runtime_Error_raiseX__E)
                  00004f00    0000001c                                 : Memory.oem4f (.text:xdc_runtime_Memory_valloc__E)
                  00004f1c    0000001c                                 : SysMin.oem4f (.text:xdc_runtime_SysMin_exit__E)
                  00004f38    0000001c                                 : System.oem4f (.text:xdc_runtime_System_abort__E)
                  00004f54    0000001a     sr04_rtos_pem4f.oem4f (.text:ti_sysbios_family_arm_m3_Hwi_Handle__label__S)
                  00004f6e    0000001a     sr04_rtos_pem4f.oem4f (.text:ti_sysbios_gates_GateHwi_Handle__label__S)
                  00004f88    0000001a     sr04_rtos_pem4f.oem4f (.text:ti_sysbios_gates_GateMutex_Handle__label__S)
                  00004fa2    0000001a     sr04_rtos_pem4f.oem4f (.text:ti_sysbios_heaps_HeapMem_Handle__label__S)
                  00004fbc    0000001a     sr04_rtos_pem4f.oem4f (.text:ti_sysbios_knl_Swi_Handle__label__S)
                  00004fd6    0000001a     sr04_rtos_pem4f.oem4f (.text:ti_sysbios_knl_Task_Handle__label__S)
                  00004ff0    0000001a     sr04_rtos_pem4f.oem4f (.text:xdc_runtime_System_aprintf__E)
                  0000500a    0000001a     sr04_rtos_pem4f.oem4f (.text:xdc_runtime_System_printf__E)
                  00005024    00000018     driverlib.lib : gpio.obj (.text:GPIOPinTypeGPIOOutput)
                  0000503c    00000018     rtsv7M4_T_le_v4SPD16_eabi.lib : args_main.c.obj (.text:_args_main)
                  00005054    00000018     sr04_rtos_pem4f.oem4f (.text:ti_sysbios_BIOS_rtsUnlock__I)
                  0000506c    00000018     sr04_rtos_pem4f.oem4f (.text:ti_sysbios_family_arm_lm4_Timer_Module__startupDone__F)
                  00005084    00000018     sr04_rtos_pem4f.oem4f (.text:ti_sysbios_family_arm_m3_Hwi_Module__startupDone__F)
                  0000509c    00000018     sysbios.aem4f : m3_TaskSupport_asm.obj (.text:ti_sysbios_family_arm_m3_TaskSupport_swap__E)
                  000050b4    00000004     --HOLE-- [fill = 0]
                  000050b8    00000018                   : BIOS.obj (.text:ti_sysbios_gates_GateMutex_leave__E)
                  000050d0    00000018                   : BIOS.obj (.text:ti_sysbios_knl_Task_sleepTimeout__I)
                  000050e8    00000018     ti.targets.arm.rtsarm.aem4f : Error.oem4f (.text:xdc_runtime_Error_check__E)
                  00005100    00000018                                 : System.oem4f (.text:xdc_runtime_System_exit__E)
                  00005118    00000018                                 : Text.oem4f (.text:xdc_runtime_Text_ropeText__E)
                  00005130    00000016     driverlib.lib : timer.obj (.text:TimerControlEvent)
                  00005146    00000016     sr04.obj (.text:getDistance_TASK)
                  0000515c    00000016     sr04_rtos_pem4f.oem4f (.text:ti_sysbios_BIOS_exitFunc__I)
                  00005172    00000002     --HOLE-- [fill = 0]
                  00005174    00000014     driverlib.lib : timer.obj (.text:TimerDisable)
                  00005188    00000014     rtsv7M4_T_le_v4SPD16_eabi.lib : strlen.c.obj (.text:strlen)
                  0000519c    00000014     sr04_rtos_pem4f.oem4f (.text:ti_sysbios_family_arm_m3_Hwi_Object__get__S)
                  000051b0    00000014     sysbios.aem4f : BIOS.obj (.text:ti_sysbios_family_arm_m3_Hwi_switchFromBootStack__E)
                  000051c4    00000014     sr04_rtos_pem4f.oem4f (.text:ti_sysbios_heaps_HeapMem_Object__get__S)
                  000051d8    00000014     sr04_rtos_pem4f.oem4f (.text:ti_sysbios_knl_Swi_Object__get__S)
                  000051ec    00000012     driverlib.lib : gpio.obj (.text:GPIOPinTypeGPIOInput)
                  000051fe    00000012                   : gpio.obj (.text:GPIOPinTypeTimer)
                  00005210    00000012                   : timer.obj (.text:TimerLoadSet)
                  00005222    00000012                   : timer.obj (.text:TimerPrescaleSet)
                  00005234    00000012     sr04_main.obj (.text:heartBeat_TASK)
                  00005246    00000002     --HOLE-- [fill = 0]
                  00005248    00000012     sysbios.aem4f : BIOS.obj (.text:ti_sysbios_hal_Hwi_Module_startup__E)
                  0000525a    00000012     sr04_rtos_pem4f.oem4f (.text:xdc_runtime_Startup_exec__I)
                  0000526c    00000004     --HOLE-- [fill = 0]
                  00005270    00000010     sysbios.aem4f : BIOS.obj (.text:ti_sysbios_BIOS_setThreadType__E)
                  00005280    00000010                   : BIOS.obj (.text:ti_sysbios_BIOS_start__E)
                  00005290    00000010                   : m3_TaskSupport_asm.obj (.text:ti_sysbios_family_arm_m3_TaskSupport_glue)
                  000052a0    00000010                   : BIOS.obj (.text:ti_sysbios_gates_GateMutex_Instance_finalize__E)
                  000052b0    00000010                   : BIOS.obj (.text:ti_sysbios_knl_Semaphore_Instance_finalize__E)
                  000052c0    00000010                   : BIOS.obj (.text:ti_sysbios_knl_Swi_disable__E)
                  000052d0    00000010     sr04_rtos_pem4f.oem4f (.text:ti_sysbios_knl_Task_Object__get__S)
                  000052e0    00000010     sysbios.aem4f : BIOS.obj (.text:ti_sysbios_knl_Task_disable__E)
                  000052f0    00000010     ti.targets.arm.rtsarm.aem4f : Gate.oem4f (.text:xdc_runtime_Gate_leaveSystem__E)
                  00005300    00000010                                 : Memory.oem4f (.text:xdc_runtime_Memory_free__E)
                  00005310    00000010                                 : SysMin.oem4f (.text:xdc_runtime_SysMin_ready__E)
                  00005320    00000010                                 : System.oem4f (.text:xdc_runtime_System_vsnprintf__E)
                  00005330    00000010     sr04_rtos_pem4f.oem4f (.text:xdc_runtime_Text_visitRope__I)
                  00005340    0000000e     driverlib.lib : gpio.obj (.text:GPIOIntStatus)
                  0000534e    0000000e                   : timer.obj (.text:TimerEnable)
                  0000535c    0000000e     rtsv7M4_T_le_v4SPD16_eabi.lib : copy_decompress_none.c.obj (.text:decompress:none:__TI_decompress_none)
                  0000536a    00000006     driverlib.lib : gpio.obj (.text:GPIOPinRead)
                  00005370    0000000e     sysbios.aem4f : BIOS.obj (.text:ti_sysbios_knl_Idle_loop__E)
                  0000537e    00000002     --HOLE-- [fill = 0]
                  00005380    0000000e                   : BIOS.obj (.text:ti_sysbios_knl_Queue_empty__E)
                  0000538e    00000002     --HOLE-- [fill = 0]
                  00005390    0000000c     sr04_rtos_pem4f.oem4f (.text:.bootCodeSection:ti_catalog_arm_cortexm4_tiva_ce_Boot_init__I)
                  0000539c    0000000c     rtsv7M4_T_le_v4SPD16_eabi.lib : _lock.c.obj (.text:_register_lock)
                  000053a8    0000000c                                   : _lock.c.obj (.text:_register_unlock)
                  000053b4    0000000c                                   : copy_zero_init.c.obj (.text:decompress:ZI:__TI_zero_init)
                  000053c0    0000000c     sysbios.aem4f : BIOS.obj (.text:ti_sysbios_family_arm_lm4_Timer_getMaxTicks__E)
                  000053cc    0000000c     sr04_rtos_pem4f.oem4f (.text:ti_sysbios_family_arm_m3_Hwi_Params__init__S)
                  000053d8    0000000c     sysbios.aem4f : BIOS.obj (.text:ti_sysbios_family_arm_m3_Hwi_disableFxn__E)
                  000053e4    00000004     --HOLE-- [fill = 0]
                  000053e8    0000000c                   : BIOS.obj (.text:ti_sysbios_family_arm_m3_TaskSupport_checkStack__E)
                  000053f4    00000004     --HOLE-- [fill = 0]
                  000053f8    0000000c                   : BIOS.obj (.text:ti_sysbios_gates_GateHwi_enter__E)
                  00005404    0000000c     sr04_rtos_pem4f.oem4f (.text:ti_sysbios_knl_Queue_Object__get__S)
                  00005410    0000000c     ti.targets.arm.rtsarm.aem4f : Error.oem4f (.text:xdc_runtime_Error_init__E)
                  0000541c    0000000c                                 : Gate.oem4f (.text:xdc_runtime_Gate_enterSystem__E)
                  00005428    0000000c                                 : Memory.oem4f (.text:xdc_runtime_Memory_calloc__E)
                  00005434    0000000c                                 : Memory.oem4f (.text:xdc_runtime_Memory_getMaxDefaultTypeAlign__E)
                  00005440    0000000a     driverlib.lib : timer.obj (.text:TimerValueGet)
                  0000544a    0000000a     sr04_rtos_pem4f.oem4f (.text:xdc_runtime_IHeap_alloc)
                  00005454    0000000a     sr04_rtos_pem4f.oem4f (.text:xdc_runtime_IHeap_free)
                  0000545e    00000008     driverlib.lib : timer.obj (.text:TimerIntEnable)
                  00005466    00000008     sysbios.aem4f : BIOS.obj (.text:ti_sysbios_family_arm_lm4_Timer_masterDisable__I)
                  0000546e    00000002     --HOLE-- [fill = 0]
                  00005470    00000008                   : BIOS.obj (.text:ti_sysbios_family_arm_m3_Hwi_doSwiRestore__I)
                  00005478    00000008                   : BIOS.obj (.text:ti_sysbios_family_arm_m3_Hwi_startup__E)
                  00005480    00000006     driverlib.lib : gpio.obj (.text:GPIOPinWrite)
                  00005486    00000006                   : sysctl.obj (.text:SysCtlDelay)
                  0000548c    00000006     Boot.aem4f : Boot_sysctl.oem4f (.text:ti_catalog_arm_cortexm4_tiva_ce_Boot_sysCtlDelayI__I)
                  00005492    00000006     ti.targets.arm.rtsarm.aem4f : System.oem4f (.text:xdc_runtime_System_Module_startup__E)
                  00005498    00000006     sysbios.aem4f : BIOS.obj (.text:ti_sysbios_family_arm_m3_Hwi_doTaskRestore__I)
                  0000549e    00000002     --HOLE-- [fill = 0]
                  000054a0    00000006                   : BIOS.obj (.text:ti_sysbios_family_arm_m3_Hwi_restoreFxn__E)
                  000054a6    00000002     --HOLE-- [fill = 0]
                  000054a8    00000006                   : BIOS.obj (.text:ti_sysbios_gates_GateHwi_leave__E)
                  000054ae    00000002     --HOLE-- [fill = 0]
                  000054b0    00000006                   : BIOS.obj (.text:ti_sysbios_heaps_HeapMem_isBlocking__E)
                  000054b6    00000002     --HOLE-- [fill = 0]
                  000054b8    00000006                   : BIOS.obj (.text:ti_sysbios_knl_Queue_Instance_init__E)
                  000054be    00000002     --HOLE-- [fill = 0]
                  000054c0    00000006                   : BIOS.obj (.text:ti_sysbios_knl_Swi_startup__E)
                  000054c6    00000002     --HOLE-- [fill = 0]
                  000054c8    00000004                   : BIOS.obj (.text:ti_sysbios_gates_GateHwi_query__E)
                  000054cc    00000004     --HOLE-- [fill = 0]
                  000054d0    00000004                   : BIOS.obj (.text:ti_sysbios_gates_GateMutex_query__E)
                  000054d4    00000004     --HOLE-- [fill = 0]
                  000054d8    00000004                   : BIOS.obj (.text:ti_sysbios_knl_Task_startup__E)
                  000054dc    00000004     --HOLE-- [fill = 0]
                  000054e0    00000002                   : BIOS.obj (.text:ti_sysbios_gates_GateHwi_Instance_init__E)
                  000054e2    00000006     --HOLE-- [fill = 0]
                  000054e8    00000002                   : BIOS.obj (.text:ti_sysbios_knl_Clock_logTick__E)

.const     0    000054ec    00001f92     
                  000054ec    000018cd     sr04_rtos_pem4f.oem4f (.const:xdc_runtime_Text_charTab__A)
                  00006db9    00000001     sr04_rtos_pem4f.oem4f (.const:xdc_runtime_Error_policy__C)
                  00006dba    000000bc     sr04_rtos_pem4f.oem4f (.const:xdc_runtime_Text_nodeTab__A)
                  00006e76    00000002     sr04_rtos_pem4f.oem4f (.const:ti_catalog_arm_cortexm4_tiva_ce_Boot_Module__id__C)
                  00006e78    00000090     driverlib.lib : gpio.obj (.const:g_pui32GPIOBaseAddrs)
                  00006f08    00000070                   : interrupt.obj (.const)
                  00006f78    00000054     drivers_tivaware.aem4f : GPIOTiva.oem4f (.const:.string)
                  00006fcc    00000048     sr04_rtos_pem4f.oem4f (.const:.string)
                  00007014    00000048     drivers_tivaware.aem4f : GPIOTiva.oem4f (.const:gpioBaseAddresses)
                  0000705c    00000030     sr04_rtos_pem4f.oem4f (.const:ti_sysbios_family_arm_m3_Hwi_Object__PARAMS__C)
                  0000708c    00000028     sr04_rtos_pem4f.oem4f (.const:ti_sysbios_heaps_HeapMem_Module__FXNS__C)
                  000070b4    00000024     sr04_rtos_pem4f.oem4f (.const:ti_sysbios_gates_GateHwi_Module__FXNS__C)
                  000070d8    00000024     sr04_rtos_pem4f.oem4f (.const:ti_sysbios_gates_GateMutex_Module__FXNS__C)
                  000070fc    00000024     sr04_rtos_pem4f.oem4f (.const:ti_sysbios_heaps_HeapMem_Object__PARAMS__C)
                  00007120    00000024     sr04_rtos_pem4f.oem4f (.const:ti_sysbios_knl_Semaphore_Object__PARAMS__C)
                  00007144    00000020     sr04_rtos_pem4f.oem4f (.const:ti_sysbios_family_arm_m3_Hwi_Object__DESC__C)
                  00007164    00000020     sr04_rtos_pem4f.oem4f (.const:ti_sysbios_gates_GateHwi_Object__DESC__C)
                  00007184    00000020     sr04_rtos_pem4f.oem4f (.const:ti_sysbios_gates_GateMutex_Object__DESC__C)
                  000071a4    00000020     sr04_rtos_pem4f.oem4f (.const:ti_sysbios_heaps_HeapMem_Object__DESC__C)
                  000071c4    00000020     sr04_rtos_pem4f.oem4f (.const:ti_sysbios_knl_Queue_Object__DESC__C)
                  000071e4    00000020     sr04_rtos_pem4f.oem4f (.const:ti_sysbios_knl_Semaphore_Object__DESC__C)
                  00007204    00000020     sr04_rtos_pem4f.oem4f (.const:xdc_runtime_Startup_sfxnTab__A)
                  00007224    00000018     sr04_rtos_pem4f.oem4f (.const:ti_sysbios_gates_GateHwi_Object__PARAMS__C)
                  0000723c    00000018     sr04_rtos_pem4f.oem4f (.const:ti_sysbios_gates_GateMutex_Object__PARAMS__C)
                  00007254    00000018     sr04_rtos_pem4f.oem4f (.const:ti_sysbios_knl_Queue_Object__PARAMS__C)
                  0000726c    00000014     EK_TM4C123GXL.obj (.const:GPIOTiva_config)
                  00007280    00000014     sr04_rtos_pem4f.oem4f (.const)
                  00007294    00000014     sr04_rtos_pem4f.oem4f (.const:xdc_runtime_Startup_firstFxns__A)
                  000072a8    00000010     sr04_rtos_pem4f.oem4f (.const:xdc_runtime_Startup_sfxnRts__A)
                  000072b8    00000008     sr04_rtos_pem4f.oem4f (.const:ti_sysbios_family_arm_m3_Hwi_excHookFuncs__A)
                  000072c0    00000008     sr04_rtos_pem4f.oem4f (.const:ti_sysbios_knl_Idle_funcList__C)
                  000072c8    00000008     sr04_rtos_pem4f.oem4f (.const:xdc_runtime_Startup_firstFxns__C)
                  000072d0    00000008     sr04_rtos_pem4f.oem4f (.const:xdc_runtime_Startup_lastFxns__C)
                  000072d8    00000004     sr04_rtos_pem4f.oem4f (.const:ti_catalog_arm_cortexm4_tiva_ce_Boot_A_mustUseEnhancedClockMode__C)
                  000072dc    00000004     sr04_rtos_pem4f.oem4f (.const:ti_catalog_arm_cortexm4_tiva_ce_Boot_Module__diagsEnabled__C)
                  000072e0    00000004     sr04_rtos_pem4f.oem4f (.const:ti_catalog_arm_cortexm4_tiva_ce_Boot_Module__diagsIncluded__C)
                  000072e4    00000004     sr04_rtos_pem4f.oem4f (.const:ti_catalog_arm_cortexm4_tiva_ce_Boot_Module__diagsMask__C)
                  000072e8    00000004     sr04_rtos_pem4f.oem4f (.const:ti_sysbios_family_arm_lm4_Timer_enableFunc__C)
                  000072ec    00000004     sr04_rtos_pem4f.oem4f (.const:ti_sysbios_family_arm_lm4_Timer_numTimerDevices__C)
                  000072f0    00000004     sr04_rtos_pem4f.oem4f (.const:ti_sysbios_family_arm_lm4_Timer_startupNeeded__C)
                  000072f4    00000004     sr04_rtos_pem4f.oem4f (.const:ti_sysbios_family_arm_m3_Hwi_E_NMI__C)
                  000072f8    00000004     sr04_rtos_pem4f.oem4f (.const:ti_sysbios_family_arm_m3_Hwi_E_alreadyDefined__C)
                  000072fc    00000004     sr04_rtos_pem4f.oem4f (.const:ti_sysbios_family_arm_m3_Hwi_E_busFault__C)
                  00007300    00000004     sr04_rtos_pem4f.oem4f (.const:ti_sysbios_family_arm_m3_Hwi_E_debugMon__C)
                  00007304    00000004     sr04_rtos_pem4f.oem4f (.const:ti_sysbios_family_arm_m3_Hwi_E_hardFault__C)
                  00007308    00000004     sr04_rtos_pem4f.oem4f (.const:ti_sysbios_family_arm_m3_Hwi_E_memFault__C)
                  0000730c    00000004     sr04_rtos_pem4f.oem4f (.const:ti_sysbios_family_arm_m3_Hwi_E_noIsr__C)
                  00007310    00000004     sr04_rtos_pem4f.oem4f (.const:ti_sysbios_family_arm_m3_Hwi_E_reserved__C)
                  00007314    00000004     sr04_rtos_pem4f.oem4f (.const:ti_sysbios_family_arm_m3_Hwi_E_svCall__C)
                  00007318    00000004     sr04_rtos_pem4f.oem4f (.const:ti_sysbios_family_arm_m3_Hwi_E_usageFault__C)
                  0000731c    00000004     sr04_rtos_pem4f.oem4f (.const:ti_sysbios_family_arm_m3_Hwi_NUM_INTERRUPTS__C)
                  00007320    00000004     sr04_rtos_pem4f.oem4f (.const:ti_sysbios_family_arm_m3_Hwi_Object__count__C)
                  00007324    00000004     sr04_rtos_pem4f.oem4f (.const:ti_sysbios_family_arm_m3_Hwi_ccr__C)
                  00007328    00000004     sr04_rtos_pem4f.oem4f (.const:ti_sysbios_family_arm_m3_Hwi_excHandlerFunc__C)
                  0000732c    00000004     sr04_rtos_pem4f.oem4f (.const:ti_sysbios_family_arm_m3_Hwi_excHookFuncs__C)
                  00007330    00000004     sr04_rtos_pem4f.oem4f (.const:ti_sysbios_family_arm_m3_Hwi_nullIsrFunc__C)
                  00007334    00000004     sr04_rtos_pem4f.oem4f (.const:ti_sysbios_family_arm_m3_Hwi_priGroup__C)
                  00007338    00000004     sr04_rtos_pem4f.oem4f (.const:ti_sysbios_gates_GateMutex_A_badContext__C)
                  0000733c    00000004     sr04_rtos_pem4f.oem4f (.const:ti_sysbios_gates_GateMutex_Instance_State_sem__O)
                  00007340    00000004     sr04_rtos_pem4f.oem4f (.const:ti_sysbios_gates_GateMutex_Module__diagsEnabled__C)
                  00007344    00000004     sr04_rtos_pem4f.oem4f (.const:ti_sysbios_gates_GateMutex_Module__diagsIncluded__C)
                  00007348    00000004     sr04_rtos_pem4f.oem4f (.const:ti_sysbios_gates_GateMutex_Module__diagsMask__C)
                  0000734c    00000004     sr04_rtos_pem4f.oem4f (.const:ti_sysbios_hal_Hwi_E_stackOverflow__C)
                  00007350    00000004     sr04_rtos_pem4f.oem4f (.const:ti_sysbios_heaps_HeapMem_A_align__C)
                  00007354    00000004     sr04_rtos_pem4f.oem4f (.const:ti_sysbios_heaps_HeapMem_A_heapSize__C)
                  00007358    00000004     sr04_rtos_pem4f.oem4f (.const:ti_sysbios_heaps_HeapMem_A_invalidFree__C)
                  0000735c    00000004     sr04_rtos_pem4f.oem4f (.const:ti_sysbios_heaps_HeapMem_A_zeroBlock__C)
                  00007360    00000004     sr04_rtos_pem4f.oem4f (.const:ti_sysbios_heaps_HeapMem_E_memory__C)
                  00007364    00000004     sr04_rtos_pem4f.oem4f (.const:ti_sysbios_heaps_HeapMem_Module__diagsEnabled__C)
                  00007368    00000004     sr04_rtos_pem4f.oem4f (.const:ti_sysbios_heaps_HeapMem_Module__diagsIncluded__C)
                  0000736c    00000004     sr04_rtos_pem4f.oem4f (.const:ti_sysbios_heaps_HeapMem_Module__diagsMask__C)
                  00007370    00000004     sr04_rtos_pem4f.oem4f (.const:ti_sysbios_heaps_HeapMem_Module__gateObj__C)
                  00007374    00000004     sr04_rtos_pem4f.oem4f (.const:ti_sysbios_heaps_HeapMem_Object__count__C)
                  00007378    00000004     sr04_rtos_pem4f.oem4f (.const:ti_sysbios_heaps_HeapMem_reqAlign__C)
                  0000737c    00000004     sr04_rtos_pem4f.oem4f (.const:ti_sysbios_knl_Clock_Module_State_clockQ__O)
                  00007380    00000004     sr04_rtos_pem4f.oem4f (.const:ti_sysbios_knl_Idle_funcList__A)
                  00007384    00000004     sr04_rtos_pem4f.oem4f (.const:ti_sysbios_knl_Semaphore_A_badContext__C)
                  00007388    00000004     sr04_rtos_pem4f.oem4f (.const:ti_sysbios_knl_Semaphore_A_noEvents__C)
                  0000738c    00000004     sr04_rtos_pem4f.oem4f (.const:ti_sysbios_knl_Semaphore_A_overflow__C)
                  00007390    00000004     sr04_rtos_pem4f.oem4f (.const:ti_sysbios_knl_Semaphore_A_pendTaskDisabled__C)
                  00007394    00000004     sr04_rtos_pem4f.oem4f (.const:ti_sysbios_knl_Semaphore_Instance_State_pendQ__O)
                  00007398    00000004     sr04_rtos_pem4f.oem4f (.const:ti_sysbios_knl_Semaphore_Module__diagsEnabled__C)
                  0000739c    00000004     sr04_rtos_pem4f.oem4f (.const:ti_sysbios_knl_Semaphore_Module__diagsIncluded__C)
                  000073a0    00000004     sr04_rtos_pem4f.oem4f (.const:ti_sysbios_knl_Semaphore_Module__diagsMask__C)
                  000073a4    00000004     sr04_rtos_pem4f.oem4f (.const:ti_sysbios_knl_Swi_Object__count__C)
                  000073a8    00000004     sr04_rtos_pem4f.oem4f (.const:ti_sysbios_knl_Task_A_badTimeout__C)
                  000073ac    00000004     sr04_rtos_pem4f.oem4f (.const:ti_sysbios_knl_Task_A_sleepTaskDisabled__C)
                  000073b0    00000004     sr04_rtos_pem4f.oem4f (.const:ti_sysbios_knl_Task_E_spOutOfBounds__C)
                  000073b4    00000004     sr04_rtos_pem4f.oem4f (.const:ti_sysbios_knl_Task_E_stackOverflow__C)
                  000073b8    00000004     sr04_rtos_pem4f.oem4f (.const:ti_sysbios_knl_Task_Module_State_inactiveQ__O)
                  000073bc    00000004     sr04_rtos_pem4f.oem4f (.const:ti_sysbios_knl_Task_Module__diagsEnabled__C)
                  000073c0    00000004     sr04_rtos_pem4f.oem4f (.const:ti_sysbios_knl_Task_Module__diagsIncluded__C)
                  000073c4    00000004     sr04_rtos_pem4f.oem4f (.const:ti_sysbios_knl_Task_Module__diagsMask__C)
                  000073c8    00000004     sr04_rtos_pem4f.oem4f (.const:ti_sysbios_knl_Task_Object__count__C)
                  000073cc    00000004     sr04_rtos_pem4f.oem4f (.const:ti_sysbios_knl_Task_allBlockedFunc__C)
                  000073d0    00000004     sr04_rtos_pem4f.oem4f (.const:ti_sysbios_knl_Task_numConstructedTasks__C)
                  000073d4    00000004     sr04_rtos_pem4f.oem4f (.const:xdc_runtime_Assert_E_assertFailed__C)
                  000073d8    00000004     sr04_rtos_pem4f.oem4f (.const:xdc_runtime_Core_A_initializedParams__C)
                  000073dc    00000004     sr04_rtos_pem4f.oem4f (.const:xdc_runtime_Core_Module__diagsEnabled__C)
                  000073e0    00000004     sr04_rtos_pem4f.oem4f (.const:xdc_runtime_Core_Module__diagsIncluded__C)
                  000073e4    00000004     sr04_rtos_pem4f.oem4f (.const:xdc_runtime_Core_Module__diagsMask__C)
                  000073e8    00000004     sr04_rtos_pem4f.oem4f (.const:xdc_runtime_Error_E_memory__C)
                  000073ec    00000004     sr04_rtos_pem4f.oem4f (.const:xdc_runtime_Error_Module__diagsEnabled__C)
                  000073f0    00000004     sr04_rtos_pem4f.oem4f (.const:xdc_runtime_Error_Module__diagsIncluded__C)
                  000073f4    00000004     sr04_rtos_pem4f.oem4f (.const:xdc_runtime_Error_Module__diagsMask__C)
                  000073f8    00000004     sr04_rtos_pem4f.oem4f (.const:xdc_runtime_Error_Module__loggerFxn8__C)
                  000073fc    00000004     sr04_rtos_pem4f.oem4f (.const:xdc_runtime_Error_Module__loggerObj__C)
                  00007400    00000004     sr04_rtos_pem4f.oem4f (.const:xdc_runtime_Error_policyFxn__C)
                  00007404    00000004     sr04_rtos_pem4f.oem4f (.const:xdc_runtime_Error_raiseHook__C)
                  00007408    00000004     sr04_rtos_pem4f.oem4f (.const:xdc_runtime_IGateProvider_Interface__BASE__C)
                  0000740c    00000004     sr04_rtos_pem4f.oem4f (.const:xdc_runtime_IHeap_Interface__BASE__C)
                  00007410    00000004     sr04_rtos_pem4f.oem4f (.const:xdc_runtime_IModule_Interface__BASE__C)
                  00007414    00000004     sr04_rtos_pem4f.oem4f (.const:xdc_runtime_Log_L_error__C)
                  00007418    00000004     sr04_rtos_pem4f.oem4f (.const:xdc_runtime_Memory_defaultHeapInstance__C)
                  0000741c    00000004     sr04_rtos_pem4f.oem4f (.const:xdc_runtime_Startup_execImpl__C)
                  00007420    00000004     sr04_rtos_pem4f.oem4f (.const:xdc_runtime_Startup_maxPasses__C)
                  00007424    00000004     sr04_rtos_pem4f.oem4f (.const:xdc_runtime_Startup_sfxnRts__C)
                  00007428    00000004     sr04_rtos_pem4f.oem4f (.const:xdc_runtime_Startup_sfxnTab__C)
                  0000742c    00000004     sr04_rtos_pem4f.oem4f (.const:xdc_runtime_SysMin_bufSize__C)
                  00007430    00000004     sr04_rtos_pem4f.oem4f (.const:xdc_runtime_SysMin_outputFunc__C)
                  00007434    00000004     sr04_rtos_pem4f.oem4f (.const:xdc_runtime_System_Module__gateObj__C)
                  00007438    00000004     sr04_rtos_pem4f.oem4f (.const:xdc_runtime_System_abortFxn__C)
                  0000743c    00000004     sr04_rtos_pem4f.oem4f (.const:xdc_runtime_System_exitFxn__C)
                  00007440    00000004     sr04_rtos_pem4f.oem4f (.const:xdc_runtime_System_extendFxn__C)
                  00007444    00000004     sr04_rtos_pem4f.oem4f (.const:xdc_runtime_System_maxAtexitHandlers__C)
                  00007448    00000004     sr04_rtos_pem4f.oem4f (.const:xdc_runtime_Text_charTab__C)
                  0000744c    00000004     sr04_rtos_pem4f.oem4f (.const:xdc_runtime_Text_nameEmpty__C)
                  00007450    00000004     sr04_rtos_pem4f.oem4f (.const:xdc_runtime_Text_nameStatic__C)
                  00007454    00000004     sr04_rtos_pem4f.oem4f (.const:xdc_runtime_Text_nameUnknown__C)
                  00007458    00000004     sr04_rtos_pem4f.oem4f (.const:xdc_runtime_Text_nodeTab__C)
                  0000745c    00000004     sr04_rtos_pem4f.oem4f (.const:xdc_runtime_Text_visitRopeFxn__C)
                  00007460    00000002     sr04_rtos_pem4f.oem4f (.const:ti_sysbios_family_arm_m3_Hwi_Module__id__C)
                  00007462    00000002     sr04_rtos_pem4f.oem4f (.const:ti_sysbios_gates_GateMutex_Module__id__C)
                  00007464    00000002     sr04_rtos_pem4f.oem4f (.const:ti_sysbios_hal_Hwi_Module__id__C)
                  00007466    00000002     sr04_rtos_pem4f.oem4f (.const:ti_sysbios_heaps_HeapMem_Module__id__C)
                  00007468    00000002     sr04_rtos_pem4f.oem4f (.const:ti_sysbios_knl_Semaphore_Module__id__C)
                  0000746a    00000002     sr04_rtos_pem4f.oem4f (.const:ti_sysbios_knl_Task_Module__id__C)
                  0000746c    00000002     sr04_rtos_pem4f.oem4f (.const:xdc_runtime_Core_Module__id__C)
                  0000746e    00000002     sr04_rtos_pem4f.oem4f (.const:xdc_runtime_Error_Module__loggerDefined__C)
                  00007470    00000002     sr04_rtos_pem4f.oem4f (.const:xdc_runtime_Error_maxDepth__C)
                  00007472    00000002     sr04_rtos_pem4f.oem4f (.const:xdc_runtime_Memory_Module__id__C)
                  00007474    00000002     sr04_rtos_pem4f.oem4f (.const:xdc_runtime_SysMin_flushAtExit__C)
                  00007476    00000002     sr04_rtos_pem4f.oem4f (.const:xdc_runtime_Text_charCnt__C)
                  00007478    00000002     sr04_rtos_pem4f.oem4f (.const:xdc_runtime_Text_isLoaded__C)
                  0000747a    00000002     sr04_rtos_pem4f.oem4f (.const:xdc_runtime_Text_registryModsLastId__C)
                  0000747c    00000002     sr04_rtos_pem4f.oem4f (.const:xdc_runtime_Text_unnamedModsLastId__C)

.cinit     0    00007480    00000248     
                  00007480    00000212     (.cinit..data.load) [load image, compression = lzss]
                  00007692    00000002     --HOLE-- [fill = 0]
                  00007694    0000000c     (__TI_handler_table)
                  000076a0    00000008     (.cinit..bss.load) [load image, compression = zero_init]
                  000076a8    00000008     (.cinit..vecs.load) [load image, compression = zero_init]
                  000076b0    00000018     (__TI_cinit_table)

.init_array 
*          0    00000000    00000000     UNINITIALIZED

.resetVecs 
*          0    00000000    0000003c     
                  00000000    0000003c     sr04_rtos_pem4f.oem4f (.resetVecs)

.bss       0    20000360    00000fa0     UNINITIALIZED
                  20000360    00000600     sr04_rtos_pem4f.oem4f (.bss:taskStackSection)
                  20000960    00000400     (.common:ti_sysbios_heaps_HeapMem_Instance_State_0_buf__A)
                  20000d60    00000360     (.common:ti_sysbios_family_arm_m3_Hwi_dispatchTable)
                  200010c0    00000120     rtsv7M4_T_le_v4SPD16_eabi.lib : trgmsg.c.obj (.bss:_CIOBUF_)
                  200011e0    00000090     drivers_tivaware.aem4f : GPIOTiva.oem4f (.bss:gpioCallbackInfo)
                  20001270    00000080     (.common:xdc_runtime_SysMin_Module_State_0_outbuf__A)
                  200012f0    00000008     (.common:parmbuf)
                  200012f8    00000004     (.common:gpioInterruptVectors)
                  200012fc    00000004     (.common:pulseWidth)

.data      0    20001300    000004ea     UNINITIALIZED
                  20001300    000000e4     sr04_rtos_pem4f.oem4f (.data:ti_sysbios_knl_Task_Object__table__V)
                  200013e4    00000080     sr04_rtos_pem4f.oem4f (.data:ti_sysbios_knl_Swi_Module_State_0_readyQ__A)
                  20001464    00000080     sr04_rtos_pem4f.oem4f (.data:ti_sysbios_knl_Task_Module_State_0_readyQ__A)
                  200014e4    00000048     sr04_rtos_pem4f.oem4f (.data:ti_sysbios_family_arm_m3_Hwi_Object__table__V)
                  2000152c    00000044     sr04_rtos_pem4f.oem4f (.data:ti_sysbios_knl_Task_Module__state__V)
                  20001570    00000040     sr04_rtos_pem4f.oem4f (.data:ti_sysbios_family_arm_lm4_Timer_Object__table__V)
                  200015b0    00000038     sr04_rtos_pem4f.oem4f (.data:ti_sysbios_gates_GateMutex_Object__table__V)
                  200015e8    00000034     sr04_rtos_pem4f.oem4f (.data:ti_sysbios_family_arm_m3_Hwi_Module__state__V)
                  2000161c    00000030     sr04_rtos_pem4f.oem4f (.data:ti_sysbios_family_arm_lm4_Timer_Module_State_0_device__A)
                  2000164c    00000030     sr04_rtos_pem4f.oem4f (.data:ti_sysbios_knl_Swi_Object__table__V)
                  2000167c    0000002c     sr04_rtos_pem4f.oem4f (.data:ti_sysbios_knl_Clock_Module__state__V)
                  200016a8    00000024     sr04_rtos_pem4f.oem4f (.data:ti_sysbios_BIOS_Module__state__V)
                  200016cc    0000001c     sr04_rtos_pem4f.oem4f (.data:ti_sysbios_knl_Swi_Module__state__V)
                  200016e8    00000018     sr04_rtos_pem4f.oem4f (.data:ti_sysbios_family_arm_lm4_Timer_Module_State_0_handles__A)
                  20001700    00000018     sr04_rtos_pem4f.oem4f (.data:ti_sysbios_heaps_HeapMem_Object__table__V)
                  20001718    00000014     EK_TM4C123GXL.obj (.data:gpioPinConfigs)
                  2000172c    00000014     sr04_rtos_pem4f.oem4f (.data:ti_sysbios_knl_Semaphore_Object__table__V)
                  20001740    00000010     sr04_rtos_pem4f.oem4f (.data:ti_sysbios_hal_Hwi_Object__table__V)
                  20001750    0000000c     sr04_rtos_pem4f.oem4f (.data:ti_sysbios_family_arm_lm4_Timer_Module__state__V)
                  2000175c    0000000c     sr04_rtos_pem4f.oem4f (.data:xdc_runtime_SysMin_Module__state__V)
                  20001768    00000008     rtsv7M4_T_le_v4SPD16_eabi.lib : _lock.c.obj (.data:$O1$$)
                  20001770    00000008     EK_TM4C123GXL.obj (.data:gpioCallbackFunctions)
                  20001778    00000008     sr04_rtos_pem4f.oem4f (.data:ti_sysbios_family_arm_m3_Hwi_Module__root__V)
                  20001780    00000008     sr04_rtos_pem4f.oem4f (.data:ti_sysbios_gates_GateHwi_Module__root__V)
                  20001788    00000008     sr04_rtos_pem4f.oem4f (.data:ti_sysbios_gates_GateMutex_Module__root__V)
                  20001790    00000008     sr04_rtos_pem4f.oem4f (.data:ti_sysbios_heaps_HeapMem_Module__root__V)
                  20001798    00000008     sr04_rtos_pem4f.oem4f (.data:ti_sysbios_knl_Queue_Module__root__V)
                  200017a0    00000008     sr04_rtos_pem4f.oem4f (.data:ti_sysbios_knl_Semaphore_Module__root__V)
                  200017a8    00000008     sr04_rtos_pem4f.oem4f (.data:xdc_runtime_Registry_Module__state__V)
                  200017b0    00000008     sr04_rtos_pem4f.oem4f (.data:xdc_runtime_Startup_Module__state__V)
                  200017b8    00000008     sr04_rtos_pem4f.oem4f (.data:xdc_runtime_System_Module_State_0_atexitHandlers__A)
                  200017c0    00000008     sr04_rtos_pem4f.oem4f (.data:xdc_runtime_System_Module__state__V)
                  200017c8    00000005     drivers_tivaware.aem4f : GPIOTiva.oem4f (.data)
                  200017cd    00000001     --HOLE--
                  200017ce    00000002     sr04_rtos_pem4f.oem4f (.data:ti_sysbios_family_arm_m3_Hwi_Module_State_0_excActive__A)
                  200017d0    00000004     rtsv7M4_T_le_v4SPD16_eabi.lib : stkdepth_vars.c.obj (.data)
                  200017d4    00000004     sr04_rtos_pem4f.oem4f (.data:ti_sysbios_family_arm_m3_Hwi_Module_State_0_excContext__A)
                  200017d8    00000004     sr04_rtos_pem4f.oem4f (.data:ti_sysbios_family_arm_m3_Hwi_Module_State_0_excStack__A)
                  200017dc    00000004     sr04_rtos_pem4f.oem4f (.data:ti_sysbios_gates_GateHwi_Object__table__V)
                  200017e0    00000004     sr04_rtos_pem4f.oem4f (.data:ti_sysbios_knl_Task_Module_State_0_idleTask__A)
                  200017e4    00000004     sr04_rtos_pem4f.oem4f (.data:xdc_runtime_Memory_Module__state__V)
                  200017e8    00000002     sr04_rtos_pem4f.oem4f (.data:xdc_runtime_Error_Module__state__V)

.stack     0    200017f0    00000300     UNINITIALIZED
                  200017f0    00000300     --HOLE--

.bootVecs 
*          0    00000000    00000008     DSECT
                  00000000    00000008     boot.aem4f : boot.oem4f (.bootVecs)

.vecs      0    20000000    00000360     UNINITIALIZED
                  20000000    00000360     sr04_rtos_pem4f.oem4f (.vecs)

xdc.meta   0    00000000    000000e3     COPY SECTION
                  00000000    000000e3     sr04_rtos_pem4f.oem4f (xdc.meta)

MODULE SUMMARY

       Module                       code    ro data   rw data
       ------                       ----    -------   -------
    .\
       sr04_main.obj                162     0         0      
    +--+----------------------------+-------+---------+---------+
       Total:                       162     0         0      
                                                             
    .\project_includes\
       sr04.obj                     486     0         4      
       EK_TM4C123GXL.obj            112     20        28     
    +--+----------------------------+-------+---------+---------+
       Total:                       598     20        32     
                                                             
    C:\Users\Julio\workspace_v8\SR04_Drive\Debug\configPkg\package\cfg\
       sr04_rtos_pem4f.oem4f        1558    7710      5628   
    +--+----------------------------+-------+---------+---------+
       Total:                       1558    7710      5628   
                                                             
    C:/ti/tirtos_tivac_2_16_00_08/products/TivaWare_C_Series-2.1.1.71b/driverlib/ccs/Debug/driverlib.lib
       gpio.obj                     596     144       0      
       sysctl.obj                   434     0         0      
       interrupt.obj                104     112       0      
       timer.obj                    210     0         0      
    +--+----------------------------+-------+---------+---------+
       Total:                       1344    256       0      
                                                             
    C:/ti/tirtos_tivac_2_16_00_08/products/tidrivers_tivac_2_16_00_08/packages/ti/drivers/lib/drivers_tivaware.aem4f
       GPIOTiva.oem4f               844     156       153    
    +--+----------------------------+-------+---------+---------+
       Total:                       844     156       153    
                                                             
    C:\Users\Julio\workspace_v8\SR04_Drive\src\sysbios\sysbios.aem4f
       BIOS.obj                     10906   0         0      
       m3_Hwi_asm.obj               314     0         0      
       m3_TaskSupport_asm.obj       180     0         0      
       m3_Hwi_asm_switch.obj        118     0         0      
    +--+----------------------------+-------+---------+---------+
       Total:                       11518   0         0      
                                                             
    C:\ti\ccsv8\tools\compiler\ti-cgt-arm_18.1.4.LTS\lib\rtsv7M4_T_le_v4SPD16_eabi.lib
       trgmsg.c.obj                 108     0         288    
       memcpy_t2.asm.obj            156     0         0      
       memset_t2.asm.obj            122     0         0      
       copy_decompress_lzss.c.obj   104     0         0      
       hostwrite.c.obj              88      0         0      
       cpy_tbl.c.obj                76      0         0      
       u_divt2.asm.obj              64      0         0      
       _lock.c.obj                  26      0         8      
       args_main.c.obj              24      0         0      
       strlen.c.obj                 20      0         0      
       copy_decompress_none.c.obj   14      0         0      
       copy_zero_init.c.obj         12      0         0      
       hostopen.c.obj               0       0         8      
       exit.c.obj                   4       0         0      
       stkdepth_vars.c.obj          0       0         4      
       div0.asm.obj                 2       0         0      
    +--+----------------------------+-------+---------+---------+
       Total:                       820     0         308    
                                                             
    C:\ti\tirtos_tivac_2_16_00_08\products\bios_6_45_01_29\packages\ti\catalog\arm\cortexm4\tiva\ce\lib\Boot.aem4f
       Boot_sysctl.oem4f            262     0         0      
       Boot.oem4f                   152     0         0      
    +--+----------------------------+-------+---------+---------+
       Total:                       414     0         0      
                                                             
    C:\ti\tirtos_tivac_2_16_00_08\products\bios_6_45_01_29\packages\ti\targets\arm\rtsarm\lib\auto_init.aem4f
       auto_init.oem4f              160     0         0      
    +--+----------------------------+-------+---------+---------+
       Total:                       160     0         0      
                                                             
    C:\ti\tirtos_tivac_2_16_00_08\products\bios_6_45_01_29\packages\ti\targets\arm\rtsarm\lib\boot.aem4f
       boot.oem4f                   88      0         0      
    +--+----------------------------+-------+---------+---------+
       Total:                       88      0         0      
                                                             
    C:\ti\tirtos_tivac_2_16_00_08\products\bios_6_45_01_29\packages\ti\targets\arm\rtsarm\lib\ti.targets.arm.rtsarm.aem4f
       System.oem4f                 1255    0         0      
       Text.oem4f                   672     0         0      
       Error.oem4f                  524     0         0      
       Core-mem.oem4f               358     0         0      
       Startup.oem4f                328     0         0      
       SysMin.oem4f                 248     0         0      
       Core-smem.oem4f              204     0         0      
       Memory.oem4f                 176     0         0      
       Assert.oem4f                 84      0         0      
       Core-params.oem4f            70      0         0      
       Core-label.oem4f             52      0         0      
       Registry.oem4f               32      0         0      
       Gate.oem4f                   28      0         0      
    +--+----------------------------+-------+---------+---------+
       Total:                       4031    0         0      
                                                             
       Stack:                       0       0         768    
       Linker Generated:            0       582       0      
    +--+----------------------------+-------+---------+---------+
       Grand Total:                 21537   8724      6889   


LINKER GENERATED COPY TABLES

__TI_cinit_table @ 000076b0 records: 3, size/record: 8, table size: 24
	.data: load addr=00007480, load size=00000212 bytes, run addr=20001300, run size=000004ea bytes, compression=lzss
	.bss: load addr=000076a0, load size=00000008 bytes, run addr=20000360, run size=00000fa0 bytes, compression=zero_init
	.vecs: load addr=000076a8, load size=00000008 bytes, run addr=20000000, run size=00000360 bytes, compression=zero_init


LINKER GENERATED HANDLER TABLE

__TI_handler_table @ 00007694 records: 3, size/record: 4, table size: 12
	index: 0, handler: __TI_decompress_lzss
	index: 1, handler: __TI_decompress_none
	index: 2, handler: __TI_zero_init


GLOBAL SYMBOLS: SORTED ALPHABETICALLY BY Name 

address   name                                                              
-------   ----                                                              
00000cfd  C$$EXIT                                                           
0000451b  C$$IO$$                                                           
000047e5  EK_TM4C123GXL_initGPIO                                            
000042f9  EK_TM4C123GXL_initGeneral                                         
00004ad9  GPIODirModeSet                                                    
00004e8b  GPIOIntClear                                                      
00005341  GPIOIntStatus                                                     
00003c19  GPIOIntTypeSet                                                    
00001b2d  GPIOPadConfigSet                                                  
00004035  GPIOPinConfigure                                                  
0000536b  GPIOPinRead                                                       
000051ed  GPIOPinTypeGPIOInput                                              
00005025  GPIOPinTypeGPIOOutput                                             
000051ff  GPIOPinTypeTimer                                                  
00005481  GPIOPinWrite                                                      
0000726c  GPIOTiva_config                                                   
00003625  GPIO_hwiIntFxn                                                    
0000303d  GPIO_init                                                         
00003cc5  GPIO_setCallback                                                  
0000161d  GPIO_setConfig                                                    
00003d15  GPIO_toggle                                                       
00003d65  GPIO_write                                                        
00003b69  HOSTwrite                                                         
000034ed  IntEnable                                                         
UNDEFED   SHT$$INIT_ARRAY$$Base                                             
UNDEFED   SHT$$INIT_ARRAY$$Limit                                            
00002259  SysCtlClockSet                                                    
00005487  SysCtlDelay                                                       
00004609  SysCtlPeripheralEnable                                            
000044b5  SysCtlPeripheralReady                                             
00003db5  SysCtlPeripheralReset                                             
000037b5  TimerConfigure                                                    
00005131  TimerControlEvent                                                 
00005175  TimerDisable                                                      
0000534f  TimerEnable                                                       
000007bd  TimerIntClear                                                     
0000545f  TimerIntEnable                                                    
00005211  TimerLoadSet                                                      
00005223  TimerPrescaleSet                                                  
00005441  TimerValueGet                                                     
00000000  __ASM__                                                           
200010c0  __CIOBUF_                                                         
00000061  __ISA__                                                           
00000074  __PLAT__                                                          
20001af0  __STACK_END                                                       
00000300  __STACK_SIZE                                                      
00000095  __TARG__                                                          
000076b0  __TI_CINIT_Base                                                   
000076c8  __TI_CINIT_Limit                                                  
00007694  __TI_Handler_Table_Base                                           
000076a0  __TI_Handler_Table_Limit                                          
00002ad1  __TI_auto_init                                                    
00003555  __TI_decompress_lzss                                              
0000535d  __TI_decompress_none                                              
ffffffff  __TI_pprof_out_hndl                                               
ffffffff  __TI_prof_data_size                                               
ffffffff  __TI_prof_data_start                                              
0000463d  __TI_readmsg                                                      
00007480  __TI_static_base__                                                
000044ed  __TI_writemsg                                                     
000053b5  __TI_zero_init                                                    
000000bb  __TRDR__                                                          
00003257  __aeabi_idiv0                                                     
00003257  __aeabi_ldiv0                                                     
000031dd  __aeabi_memclr                                                    
000031dd  __aeabi_memclr4                                                   
000031dd  __aeabi_memclr8                                                   
00002c11  __aeabi_memcpy                                                    
00002c11  __aeabi_memcpy4                                                   
00002c11  __aeabi_memcpy8                                                   
000031df  __aeabi_memset                                                    
000031df  __aeabi_memset4                                                   
000031df  __aeabi_memset8                                                   
00004379  __aeabi_uidiv                                                     
00004379  __aeabi_uidivmod                                                  
ffffffff  __binit__                                                         
ffffffff  __c_args__                                                        
200017f0  __stack                                                           
0000503d  _args_main                                                        
00003b11  _c_int00                                                          
20001768  _lock                                                             
00002de7  _nop                                                              
0000539d  _register_lock                                                    
000053a9  _register_unlock                                                  
2000176c  _unlock                                                           
00000cfd  abort                                                             
ffffffff  binit                                                             
00004339  captureEvent_HWI                                                  
00007284  captureEvent_HWI_HANDLE                                           
00003ef9  copy_in                                                           
00005147  getDistance_TASK                                                  
00007288  getDistance_TASK_HANDLE                                           
20001770  gpioCallbackFunctions                                             
20001718  gpioPinConfigs                                                    
00005235  heartBeat_TASK                                                    
00007280  heartBeat_TASK_HANDLE                                             
00002fad  main                                                              
200017d0  main_func_sp                                                      
00002c11  memcpy                                                            
000031e5  memset                                                            
0000728c  newDistance_SEM                                                   
000052e1  osi_TaskDisable                                                   
00005281  osi_start                                                         
200012f0  parmbuf                                                           
200012fc  pulseWidth                                                        
00002435  sr04_Init                                                         
00005189  strlen                                                            
000072d8  ti_catalog_arm_cortexm4_tiva_ce_Boot_A_mustUseEnhancedClockMode__C
000072dc  ti_catalog_arm_cortexm4_tiva_ce_Boot_Module__diagsEnabled__C      
000072e0  ti_catalog_arm_cortexm4_tiva_ce_Boot_Module__diagsIncluded__C     
000072e4  ti_catalog_arm_cortexm4_tiva_ce_Boot_Module__diagsMask__C         
00006e76  ti_catalog_arm_cortexm4_tiva_ce_Boot_Module__id__C                
00005391  ti_catalog_arm_cortexm4_tiva_ce_Boot_init__I                      
00001d75  ti_catalog_arm_cortexm4_tiva_ce_Boot_sysCtlClockSetI__I           
00002de9  ti_catalog_arm_cortexm4_tiva_ce_Boot_sysCtlClockSet__E            
0000548d  ti_catalog_arm_cortexm4_tiva_ce_Boot_sysCtlDelayI__I              
200016a8  ti_sysbios_BIOS_Module__state__V                                  
00004f89  ti_sysbios_BIOS_RtsGateProxy_Handle__label__S                     
00004c35  ti_sysbios_BIOS_RtsGateProxy_Object__delete__S                    
0000114d  ti_sysbios_BIOS_RtsGateProxy_enter__E                             
000014b5  ti_sysbios_BIOS_RtsGateProxy_leave__E                             
000054d1  ti_sysbios_BIOS_RtsGateProxy_query__E                             
00004815  ti_sysbios_BIOS_atExitFunc__I                                     
00004ba5  ti_sysbios_BIOS_errorRaiseHook__I                                 
0000515d  ti_sysbios_BIOS_exitFunc__I                                       
000033a7  ti_sysbios_BIOS_nullFunc__I                                       
00004bc9  ti_sysbios_BIOS_registerRTSLock__I                                
00004bed  ti_sysbios_BIOS_removeRTSLock__I                                  
00004d0d  ti_sysbios_BIOS_rtsLock__I                                        
00005055  ti_sysbios_BIOS_rtsUnlock__I                                      
00005271  ti_sysbios_BIOS_setThreadType__E                                  
00004c11  ti_sysbios_BIOS_startFunc__I                                      
00005281  ti_sysbios_BIOS_start__E                                          
2000161c  ti_sysbios_family_arm_lm4_Timer_Module_State_0_device__A          
200016e8  ti_sysbios_family_arm_lm4_Timer_Module_State_0_handles__A         
0000506d  ti_sysbios_family_arm_lm4_Timer_Module__startupDone__F            
0000506d  ti_sysbios_family_arm_lm4_Timer_Module__startupDone__S            
20001750  ti_sysbios_family_arm_lm4_Timer_Module__state__V                  
00003689  ti_sysbios_family_arm_lm4_Timer_Module_startup__E                 
20001570  ti_sysbios_family_arm_lm4_Timer_Object__table__V                  
000072e8  ti_sysbios_family_arm_lm4_Timer_enableFunc__C                     
00002981  ti_sysbios_family_arm_lm4_Timer_enableTimers__I                   
000028d1  ti_sysbios_family_arm_lm4_Timer_enableTiva__I                     
000053c1  ti_sysbios_family_arm_lm4_Timer_getMaxTicks__E                    
00003819  ti_sysbios_family_arm_lm4_Timer_isrStub__E                        
00005467  ti_sysbios_family_arm_lm4_Timer_masterDisable__I                  
0000176d  ti_sysbios_family_arm_lm4_Timer_masterEnable__I                   
000072ec  ti_sysbios_family_arm_lm4_Timer_numTimerDevices__C                
000019f9  ti_sysbios_family_arm_lm4_Timer_start__E                          
000072f0  ti_sysbios_family_arm_lm4_Timer_startupNeeded__C                  
000043b9  ti_sysbios_family_arm_lm4_Timer_startup__E                        
00004849  ti_sysbios_family_arm_lm4_Timer_stop__E                           
00004cc9  ti_sysbios_family_arm_lm4_Timer_write__I                          
000072f4  ti_sysbios_family_arm_m3_Hwi_E_NMI__C                             
000072f8  ti_sysbios_family_arm_m3_Hwi_E_alreadyDefined__C                  
000072fc  ti_sysbios_family_arm_m3_Hwi_E_busFault__C                        
00007300  ti_sysbios_family_arm_m3_Hwi_E_debugMon__C                        
00007304  ti_sysbios_family_arm_m3_Hwi_E_hardFault__C                       
00007308  ti_sysbios_family_arm_m3_Hwi_E_memFault__C                        
0000730c  ti_sysbios_family_arm_m3_Hwi_E_noIsr__C                           
00007310  ti_sysbios_family_arm_m3_Hwi_E_reserved__C                        
00007314  ti_sysbios_family_arm_m3_Hwi_E_svCall__C                          
00007318  ti_sysbios_family_arm_m3_Hwi_E_usageFault__C                      
00004f55  ti_sysbios_family_arm_m3_Hwi_Handle__label__S                     
00004671  ti_sysbios_family_arm_m3_Hwi_Instance_finalize__E                 
00002e81  ti_sysbios_family_arm_m3_Hwi_Instance_init__E                     
200017ce  ti_sysbios_family_arm_m3_Hwi_Module_State_0_excActive__A          
200017d4  ti_sysbios_family_arm_m3_Hwi_Module_State_0_excContext__A         
200017d8  ti_sysbios_family_arm_m3_Hwi_Module_State_0_excStack__A           
00007460  ti_sysbios_family_arm_m3_Hwi_Module__id__C                        
20001778  ti_sysbios_family_arm_m3_Hwi_Module__root__V                      
00005085  ti_sysbios_family_arm_m3_Hwi_Module__startupDone__F               
00005085  ti_sysbios_family_arm_m3_Hwi_Module__startupDone__S               
[...]
000053a9  _register_unlock                                                  
000053b5  __TI_zero_init                                                    
000053c1  ti_sysbios_family_arm_lm4_Timer_getMaxTicks__E                    
000053cd  ti_sysbios_family_arm_m3_Hwi_Params__init__S                      
000053cd  ti_sysbios_hal_Hwi_HwiProxy_Params__init__S                       
000053d9  ti_sysbios_family_arm_m3_Hwi_disableFxn__E                        
000053d9  ti_sysbios_hal_Hwi_HwiProxy_disable__E                            
000053e9  ti_sysbios_family_arm_m3_TaskSupport_checkStack__E                
000053e9  ti_sysbios_knl_Task_SupportProxy_checkStack__E                    
000053f9  ti_sysbios_gates_GateHwi_enter__E                                 
00005405  ti_sysbios_knl_Queue_Object__get__S                               
00005411  xdc_runtime_Error_init__E                                         
0000541d  xdc_runtime_Gate_enterSystem__E                                   
00005429  xdc_runtime_Memory_calloc__E                                      
00005435  xdc_runtime_Memory_getMaxDefaultTypeAlign__E                      
00005441  TimerValueGet                                                     
0000544b  xdc_runtime_Memory_HeapProxy_alloc__E                             
00005455  xdc_runtime_Memory_HeapProxy_free__E                              
0000545f  TimerIntEnable                                                    
00005467  ti_sysbios_family_arm_lm4_Timer_masterDisable__I                  
00005471  ti_sysbios_family_arm_m3_Hwi_doSwiRestore__I                      
00005479  ti_sysbios_family_arm_m3_Hwi_startup__E                           
00005479  ti_sysbios_hal_Hwi_HwiProxy_startup__E                            
00005479  ti_sysbios_hal_Hwi_startup__E                                     
00005481  GPIOPinWrite                                                      
00005487  SysCtlDelay                                                       
0000548d  ti_catalog_arm_cortexm4_tiva_ce_Boot_sysCtlDelayI__I              
00005493  xdc_runtime_System_Module_startup__E                              
00005499  ti_sysbios_family_arm_m3_Hwi_doTaskRestore__I                     
000054a1  ti_sysbios_family_arm_m3_Hwi_restoreFxn__E                        
000054a1  ti_sysbios_hal_Hwi_HwiProxy_restore__E                            
000054a9  ti_sysbios_gates_GateHwi_leave__E                                 
000054b1  ti_sysbios_heaps_HeapMem_isBlocking__E                            
000054b9  ti_sysbios_knl_Queue_Instance_init__E                             
000054c1  ti_sysbios_knl_Swi_startup__E                                     
000054c9  ti_sysbios_gates_GateHwi_query__E                                 
000054c9  xdc_runtime_Main_Module_GateProxy_query__E                        
000054c9  xdc_runtime_System_Module_GateProxy_query__E                      
000054d1  ti_sysbios_BIOS_RtsGateProxy_query__E                             
000054d1  ti_sysbios_gates_GateMutex_query__E                               
000054d1  ti_sysbios_heaps_HeapMem_Module_GateProxy_query__E                
000054d9  ti_sysbios_knl_Task_startup__E                                    
000054e1  ti_sysbios_gates_GateHwi_Instance_init__E                         
000054e9  ti_sysbios_knl_Clock_logTick__E                                   
000054ec  xdc_runtime_Text_charTab__A                                       
00006db9  xdc_runtime_Error_policy__C                                       
00006dba  xdc_runtime_Text_nodeTab__A                                       
00006e76  ti_catalog_arm_cortexm4_tiva_ce_Boot_Module__id__C                
0000705c  ti_sysbios_family_arm_m3_Hwi_Object__PARAMS__C                    
0000708c  ti_sysbios_heaps_HeapMem_Module__FXNS__C                          
000070b4  ti_sysbios_gates_GateHwi_Module__FXNS__C                          
000070d8  ti_sysbios_gates_GateMutex_Module__FXNS__C                        
000070fc  ti_sysbios_heaps_HeapMem_Object__PARAMS__C                        
00007120  ti_sysbios_knl_Semaphore_Object__PARAMS__C                        
00007144  ti_sysbios_family_arm_m3_Hwi_Object__DESC__C                      
00007164  ti_sysbios_gates_GateHwi_Object__DESC__C                          
00007184  ti_sysbios_gates_GateMutex_Object__DESC__C                        
000071a4  ti_sysbios_heaps_HeapMem_Object__DESC__C                          
000071c4  ti_sysbios_knl_Queue_Object__DESC__C                              
000071e4  ti_sysbios_knl_Semaphore_Object__DESC__C                          
00007204  xdc_runtime_Startup_sfxnTab__A                                    
00007224  ti_sysbios_gates_GateHwi_Object__PARAMS__C                        
0000723c  ti_sysbios_gates_GateMutex_Object__PARAMS__C                      
00007254  ti_sysbios_knl_Queue_Object__PARAMS__C                            
0000726c  GPIOTiva_config                                                   
00007280  heartBeat_TASK_HANDLE                                             
00007284  captureEvent_HWI_HANDLE                                           
00007288  getDistance_TASK_HANDLE                                           
0000728c  newDistance_SEM                                                   
00007290  triggerPin_HWI_HANDLE                                             
00007294  xdc_runtime_Startup_firstFxns__A                                  
000072a8  xdc_runtime_Startup_sfxnRts__A                                    
000072b8  ti_sysbios_family_arm_m3_Hwi_excHookFuncs__A                      
000072c0  ti_sysbios_knl_Idle_funcList__C                                   
000072c8  xdc_runtime_Startup_firstFxns__C                                  
000072d0  xdc_runtime_Startup_lastFxns__C                                   
000072d8  ti_catalog_arm_cortexm4_tiva_ce_Boot_A_mustUseEnhancedClockMode__C
000072dc  ti_catalog_arm_cortexm4_tiva_ce_Boot_Module__diagsEnabled__C      
000072e0  ti_catalog_arm_cortexm4_tiva_ce_Boot_Module__diagsIncluded__C     
000072e4  ti_catalog_arm_cortexm4_tiva_ce_Boot_Module__diagsMask__C         
000072e8  ti_sysbios_family_arm_lm4_Timer_enableFunc__C                     
000072ec  ti_sysbios_family_arm_lm4_Timer_numTimerDevices__C                
000072f0  ti_sysbios_family_arm_lm4_Timer_startupNeeded__C                  
000072f4  ti_sysbios_family_arm_m3_Hwi_E_NMI__C                             
000072f8  ti_sysbios_family_arm_m3_Hwi_E_alreadyDefined__C                  
000072fc  ti_sysbios_family_arm_m3_Hwi_E_busFault__C                        
00007300  ti_sysbios_family_arm_m3_Hwi_E_debugMon__C                        
00007304  ti_sysbios_family_arm_m3_Hwi_E_hardFault__C                       
00007308  ti_sysbios_family_arm_m3_Hwi_E_memFault__C                        
0000730c  ti_sysbios_family_arm_m3_Hwi_E_noIsr__C                           
00007310  ti_sysbios_family_arm_m3_Hwi_E_reserved__C                        
00007314  ti_sysbios_family_arm_m3_Hwi_E_svCall__C                          
00007318  ti_sysbios_family_arm_m3_Hwi_E_usageFault__C                      
0000731c  ti_sysbios_family_arm_m3_Hwi_NUM_INTERRUPTS__C                    
00007320  ti_sysbios_family_arm_m3_Hwi_Object__count__C                     
00007324  ti_sysbios_family_arm_m3_Hwi_ccr__C                               
00007328  ti_sysbios_family_arm_m3_Hwi_excHandlerFunc__C                    
0000732c  ti_sysbios_family_arm_m3_Hwi_excHookFuncs__C                      
00007330  ti_sysbios_family_arm_m3_Hwi_nullIsrFunc__C                       
00007334  ti_sysbios_family_arm_m3_Hwi_priGroup__C                          
00007338  ti_sysbios_gates_GateMutex_A_badContext__C                        
0000733c  ti_sysbios_gates_GateMutex_Instance_State_sem__O                  
00007340  ti_sysbios_gates_GateMutex_Module__diagsEnabled__C                
00007344  ti_sysbios_gates_GateMutex_Module__diagsIncluded__C               
00007348  ti_sysbios_gates_GateMutex_Module__diagsMask__C                   
0000734c  ti_sysbios_hal_Hwi_E_stackOverflow__C                             
00007350  ti_sysbios_heaps_HeapMem_A_align__C                               
00007354  ti_sysbios_heaps_HeapMem_A_heapSize__C                            
00007358  ti_sysbios_heaps_HeapMem_A_invalidFree__C                         
0000735c  ti_sysbios_heaps_HeapMem_A_zeroBlock__C                           
00007360  ti_sysbios_heaps_HeapMem_E_memory__C                              
00007364  ti_sysbios_heaps_HeapMem_Module__diagsEnabled__C                  
00007368  ti_sysbios_heaps_HeapMem_Module__diagsIncluded__C                 
0000736c  ti_sysbios_heaps_HeapMem_Module__diagsMask__C                     
00007370  ti_sysbios_heaps_HeapMem_Module__gateObj__C                       
00007374  ti_sysbios_heaps_HeapMem_Object__count__C                         
00007378  ti_sysbios_heaps_HeapMem_reqAlign__C                              
0000737c  ti_sysbios_knl_Clock_Module_State_clockQ__O                       
00007380  ti_sysbios_knl_Idle_funcList__A                                   
00007384  ti_sysbios_knl_Semaphore_A_badContext__C                          
00007388  ti_sysbios_knl_Semaphore_A_noEvents__C                            
0000738c  ti_sysbios_knl_Semaphore_A_overflow__C                            
00007390  ti_sysbios_knl_Semaphore_A_pendTaskDisabled__C                    
00007394  ti_sysbios_knl_Semaphore_Instance_State_pendQ__O                  
00007398  ti_sysbios_knl_Semaphore_Module__diagsEnabled__C                  
0000739c  ti_sysbios_knl_Semaphore_Module__diagsIncluded__C                 
000073a0  ti_sysbios_knl_Semaphore_Module__diagsMask__C                     
000073a4  ti_sysbios_knl_Swi_Object__count__C                               
000073a8  ti_sysbios_knl_Task_A_badTimeout__C                               
000073ac  ti_sysbios_knl_Task_A_sleepTaskDisabled__C                        
000073b0  ti_sysbios_knl_Task_E_spOutOfBounds__C                            
000073b4  ti_sysbios_knl_Task_E_stackOverflow__C                            
000073b8  ti_sysbios_knl_Task_Module_State_inactiveQ__O                     
000073bc  ti_sysbios_knl_Task_Module__diagsEnabled__C                       
000073c0  ti_sysbios_knl_Task_Module__diagsIncluded__C                      
000073c4  ti_sysbios_knl_Task_Module__diagsMask__C                          
000073c8  ti_sysbios_knl_Task_Object__count__C                              
000073cc  ti_sysbios_knl_Task_allBlockedFunc__C                             
000073d0  ti_sysbios_knl_Task_numConstructedTasks__C                        
000073d4  xdc_runtime_Assert_E_assertFailed__C                              
000073d8  xdc_runtime_Core_A_initializedParams__C                           
000073dc  xdc_runtime_Core_Module__diagsEnabled__C                          
000073e0  xdc_runtime_Core_Module__diagsIncluded__C                         
000073e4  xdc_runtime_Core_Module__diagsMask__C                             
000073e8  xdc_runtime_Error_E_memory__C                                     
000073ec  xdc_runtime_Error_Module__diagsEnabled__C                         
000073f0  xdc_runtime_Error_Module__diagsIncluded__C                        
000073f4  xdc_runtime_Error_Module__diagsMask__C                            
000073f8  xdc_runtime_Error_Module__loggerFxn8__C                           
000073fc  xdc_runtime_Error_Module__loggerObj__C                            
00007400  xdc_runtime_Error_policyFxn__C                                    
00007404  xdc_runtime_Error_raiseHook__C                                    
00007408  xdc_runtime_IGateProvider_Interface__BASE__C                      
0000740c  xdc_runtime_IHeap_Interface__BASE__C                              
00007410  xdc_runtime_IModule_Interface__BASE__C                            
00007414  xdc_runtime_Log_L_error__C                                        
00007418  xdc_runtime_Memory_defaultHeapInstance__C                         
0000741c  xdc_runtime_Startup_execImpl__C                                   
00007420  xdc_runtime_Startup_maxPasses__C                                  
00007424  xdc_runtime_Startup_sfxnRts__C                                    
00007428  xdc_runtime_Startup_sfxnTab__C                                    
0000742c  xdc_runtime_SysMin_bufSize__C                                     
00007430  xdc_runtime_SysMin_outputFunc__C                                  
00007434  xdc_runtime_System_Module__gateObj__C                             
00007438  xdc_runtime_System_abortFxn__C                                    
0000743c  xdc_runtime_System_exitFxn__C                                     
00007440  xdc_runtime_System_extendFxn__C                                   
00007444  xdc_runtime_System_maxAtexitHandlers__C                           
00007448  xdc_runtime_Text_charTab__C                                       
0000744c  xdc_runtime_Text_nameEmpty__C                                     
00007450  xdc_runtime_Text_nameStatic__C                                    
00007454  xdc_runtime_Text_nameUnknown__C                                   
00007458  xdc_runtime_Text_nodeTab__C                                       
0000745c  xdc_runtime_Text_visitRopeFxn__C                                  
00007460  ti_sysbios_family_arm_m3_Hwi_Module__id__C                        
00007462  ti_sysbios_gates_GateMutex_Module__id__C                          
00007464  ti_sysbios_hal_Hwi_Module__id__C                                  
00007466  ti_sysbios_heaps_HeapMem_Module__id__C                            
00007468  ti_sysbios_knl_Semaphore_Module__id__C                            
0000746a  ti_sysbios_knl_Task_Module__id__C                                 
0000746c  xdc_runtime_Core_Module__id__C                                    
0000746e  xdc_runtime_Error_Module__loggerDefined__C                        
00007470  xdc_runtime_Error_maxDepth__C                                     
00007472  xdc_runtime_Memory_Module__id__C                                  
00007474  xdc_runtime_SysMin_flushAtExit__C                                 
00007476  xdc_runtime_Text_charCnt__C                                       
00007478  xdc_runtime_Text_isLoaded__C                                      
0000747a  xdc_runtime_Text_registryModsLastId__C                            
0000747c  xdc_runtime_Text_unnamedModsLastId__C                             
00007480  __TI_static_base__                                                
00007694  __TI_Handler_Table_Base                                           
000076a0  __TI_Handler_Table_Limit                                          
000076b0  __TI_CINIT_Base                                                   
000076c8  __TI_CINIT_Limit                                                  
20000000  ti_sysbios_family_arm_m3_Hwi_ramVectors                           
20000360  ti_sysbios_knl_Task_Instance_State_0_stack__A                     
20000560  ti_sysbios_knl_Task_Instance_State_1_stack__A                     
20000760  ti_sysbios_knl_Task_Instance_State_2_stack__A                     
20000960  ti_sysbios_heaps_HeapMem_Instance_State_0_buf__A                  
20000d60  ti_sysbios_family_arm_m3_Hwi_dispatchTable                        
200010c0  __CIOBUF_                                                         
20001270  xdc_runtime_SysMin_Module_State_0_outbuf__A                       
200012f0  parmbuf                                                           
200012fc  pulseWidth                                                        
20001300  ti_sysbios_knl_Task_Object__table__V                              
200013e4  ti_sysbios_knl_Swi_Module_State_0_readyQ__A                       
20001464  ti_sysbios_knl_Task_Module_State_0_readyQ__A                      
200014e4  ti_sysbios_family_arm_m3_Hwi_Object__table__V                     
2000152c  ti_sysbios_knl_Task_Module__state__V                              
20001570  ti_sysbios_family_arm_lm4_Timer_Object__table__V                  
200015b0  ti_sysbios_gates_GateMutex_Object__table__V                       
200015e8  ti_sysbios_family_arm_m3_Hwi_Module__state__V                     
2000161c  ti_sysbios_family_arm_lm4_Timer_Module_State_0_device__A          
2000164c  ti_sysbios_knl_Swi_Object__table__V                               
2000167c  ti_sysbios_knl_Clock_Module__state__V                             
200016a8  ti_sysbios_BIOS_Module__state__V                                  
200016cc  ti_sysbios_knl_Swi_Module__state__V                               
200016e8  ti_sysbios_family_arm_lm4_Timer_Module_State_0_handles__A         
20001700  ti_sysbios_heaps_HeapMem_Object__table__V                         
20001718  gpioPinConfigs                                                    
2000172c  ti_sysbios_knl_Semaphore_Object__table__V                         
20001740  ti_sysbios_hal_Hwi_Object__table__V                               
20001750  ti_sysbios_family_arm_lm4_Timer_Module__state__V                  
2000175c  xdc_runtime_SysMin_Module__state__V                               
20001768  _lock                                                             
2000176c  _unlock                                                           
20001770  gpioCallbackFunctions                                             
20001778  ti_sysbios_family_arm_m3_Hwi_Module__root__V                      
20001780  ti_sysbios_gates_GateHwi_Module__root__V                          
20001788  ti_sysbios_gates_GateMutex_Module__root__V                        
20001790  ti_sysbios_heaps_HeapMem_Module__root__V                          
20001798  ti_sysbios_knl_Queue_Module__root__V                              
200017a0  ti_sysbios_knl_Semaphore_Module__root__V                          
200017a8  xdc_runtime_Registry_Module__state__V                             
200017b0  xdc_runtime_Startup_Module__state__V                              
200017b8  xdc_runtime_System_Module_State_0_atexitHandlers__A               
200017c0  xdc_runtime_System_Module__state__V                               
200017ce  ti_sysbios_family_arm_m3_Hwi_Module_State_0_excActive__A          
200017d0  main_func_sp                                                      
200017d4  ti_sysbios_family_arm_m3_Hwi_Module_State_0_excContext__A         
200017d8  ti_sysbios_family_arm_m3_Hwi_Module_State_0_excStack__A           
200017dc  ti_sysbios_gates_GateHwi_Object__table__V                         
200017e0  ti_sysbios_knl_Task_Module_State_0_idleTask__A                    
200017e4  xdc_runtime_Memory_Module__state__V                               
200017e8  xdc_runtime_Error_Module__state__V                                
200017f0  __stack                                                           
20001af0  __STACK_END                                                       
e000e000  ti_sysbios_family_arm_m3_Hwi_nvic                                 
ffffffff  __TI_pprof_out_hndl                                               
ffffffff  __TI_prof_data_size                                               
ffffffff  __TI_prof_data_start                                              
ffffffff  __binit__                                                         
ffffffff  __c_args__                                                        
ffffffff  binit                                                             
UNDEFED   SHT$$INIT_ARRAY$$Base                                             
UNDEFED   SHT$$INIT_ARRAY$$Limit                                            

[557 symbols]
