******************************************************************************
                  TI ARM Linker PC v18.1.4                     
******************************************************************************
>> Linked Sun Nov 18 15:26:38 2018

OUTPUT FILE NAME:   <Ultrasonic_Mod.out>
ENTRY POINT SYMBOL: "_c_int00"  address: 00003a09


MEMORY CONFIGURATION

         name            origin    length      used     unused   attr    fill
----------------------  --------  ---------  --------  --------  ----  --------
  FLASH                 00000000   00040000  00007546  00038aba  R  X
  SRAM                  20000000   00008000  00001866  0000679a  RW X


SEGMENT ALLOCATION MAP

run origin  load origin   length   init length attrs members
----------  ----------- ---------- ----------- ----- -------
00000000    00000000    00007550   00007550    r-x
  00000000    00000000    0000003c   0000003c    r-- .resetVecs
  00000040    00000040    000053a2   000053a2    r-x .text
  000053e4    000053e4    00001f40   00001f40    r-- .const
  00007328    00007328    00000228   00000228    r-- .cinit
20000000    20000000    00001868   00000000    rw-
  20000000    20000000    00000360   00000000    rw- .vecs
  20000360    20000360    00000da4   00000000    rw- .bss
  20001104    20001104    00000462   00000000    rw- .data
  20001568    20001568    00000300   00000000    rw- .stack


SECTION ALLOCATION MAP

 output                                  attributes/
section   page    origin      length       input sections
--------  ----  ----------  ----------   ----------------
.text      0    00000040    000053a2     
                  00000040    00000430     sysbios.aem4f : BIOS.obj (.text:ti_sysbios_family_arm_m3_Hwi_excDumpRegs__I)
                  00000470    0000034c     ti.targets.arm.rtsarm.aem4f : System.oem4f (.text:xdc_runtime_System_doPrint__I)
                  000007bc    00000004     driverlib.lib : timer.obj (.text:TimerIntClear)
                  000007c0    000002d0     sysbios.aem4f : BIOS.obj (.text:ti_sysbios_knl_Semaphore_pend__E)
                  00000a90    0000026c                   : BIOS.obj (.text:ti_sysbios_heaps_HeapMem_free__E)
                  00000cfc    00000004     rtsv7M4_T_le_v4SPD16_eabi.lib : exit.c.obj (.text:abort:abort)
                  00000d00    00000250     sysbios.aem4f : BIOS.obj (.text:ti_sysbios_heaps_HeapMem_alloc__E)
                  00000f50    000001fc                   : BIOS.obj (.text:ti_sysbios_family_arm_m3_Hwi_excHandlerMax__I)
                  0000114c    00000004     ultrasonic_rtos_pem4f.oem4f (.text:ti_sysbios_BIOS_RtsGateProxy_enter__E)
                  00001150    000001f0     sysbios.aem4f : BIOS.obj (.text:ti_sysbios_knl_Task_sleep__E)
                  00001340    00000174                   : BIOS.obj (.text:ti_sysbios_family_arm_m3_Hwi_excBusFault__I)
                  000014b4    00000004     ultrasonic_rtos_pem4f.oem4f (.text:ti_sysbios_BIOS_RtsGateProxy_leave__E)
                  000014b8    00000164     sysbios.aem4f : BIOS.obj (.text:ti_sysbios_family_arm_m3_Hwi_excUsageFault__I)
                  0000161c    00000150     drivers_tivaware.aem4f : GPIOTiva.oem4f (.text:GPIO_setConfig)
                  0000176c    00000004     sysbios.aem4f : BIOS.obj (.text:ti_sysbios_family_arm_lm4_Timer_masterEnable__I)
                  00001770    00000148                   : BIOS.obj (.text:ti_sysbios_family_arm_m3_Hwi_excMemFault__I)
                  000018b8    0000013c                   : BIOS.obj (.text:ti_sysbios_heaps_HeapMem_Instance_init__E)
                  000019f4    00000004     ultrasonic_rtos_pem4f.oem4f (.text:ti_sysbios_family_arm_m3_TaskSupport_Module__startupDone__S)
                  000019f8    00000134     sysbios.aem4f : BIOS.obj (.text:ti_sysbios_family_arm_lm4_Timer_start__E)
                  00001b2c    00000130     driverlib.lib : gpio.obj (.text:GPIOPadConfigSet)
                  00001c5c    00000118     ti.targets.arm.rtsarm.aem4f : Error.oem4f (.text:xdc_runtime_Error_policyDefault__E)
                  00001d74    00000100     Boot.aem4f : Boot_sysctl.oem4f (.text:ti_catalog_arm_cortexm4_tiva_ce_Boot_sysCtlClockSetI__I)
                  00001e74    00000100     ti.targets.arm.rtsarm.aem4f : Core-mem.oem4f (.text:xdc_runtime_Core_createObject__I)
                  00001f74    000000f8                                 : Startup.oem4f (.text:xdc_runtime_Startup_startMods__I)
                  0000206c    000000f8     ultrasonic_rtos_pem4f.oem4f (.text:xdc_runtime_System_printfExtend__I)
                  00002164    000000f4     sysbios.aem4f : m3_Hwi_asm.obj (.text:ti_sysbios_family_arm_m3_Hwi_dispatch__I)
                  00002258    000000ec                   : BIOS.obj (.text:ti_sysbios_knl_Semaphore_post__E)
                  00002344    000000cc     ti.targets.arm.rtsarm.aem4f : Core-smem.oem4f (.text:xdc_runtime_Core_constructObject__I)
                  00002410    000000bc     sysbios.aem4f : BIOS.obj (.text:ti_sysbios_family_arm_m3_Hwi_excDebugMon__I)
                  000024cc    00000004     ultrasonic_rtos_pem4f.oem4f (.text:ti_sysbios_heaps_HeapMem_Module_GateProxy_enter__E)
                  000024d0    000000bc     sysbios.aem4f : BIOS.obj (.text:ti_sysbios_family_arm_m3_Hwi_excHardFault__I)
                  0000258c    00000004     ultrasonic_rtos_pem4f.oem4f (.text:ti_sysbios_heaps_HeapMem_Module_GateProxy_leave__E)
                  00002590    000000b4     sysbios.aem4f : BIOS.obj (.text:ti_sysbios_gates_GateMutex_enter__E)
                  00002644    00000004     ultrasonic_rtos_pem4f.oem4f (.text:ti_sysbios_knl_Clock_TimerProxy_getMaxTicks__E)
                  00002648    000000b4     sysbios.aem4f : BIOS.obj (.text:ti_sysbios_knl_Task_checkStacks__E)
                  000026fc    00000004     ultrasonic_rtos_pem4f.oem4f (.text:ti_sysbios_knl_Queue_destruct)
                  00002700    000000ac     sysbios.aem4f : BIOS.obj (.text:ti_sysbios_family_arm_lm4_Timer_enableTiva__I)
                  000027ac    000000a8     ultra_main.obj (.text:heartBeat_TASK)
                  00002854    00000004     ultrasonic_rtos_pem4f.oem4f (.text:ti_sysbios_knl_Semaphore_destruct)
                  00002858    000000a8     sysbios.aem4f : BIOS.obj (.text:ti_sysbios_family_arm_lm4_Timer_enableTimers__I)
                  00002900    000000a8                   : BIOS.obj (.text:ti_sysbios_knl_Task_postInit__I)
                  000029a8    000000a0     auto_init.aem4f : auto_init.oem4f (.text)
                  00002a48    000000a0     ti.targets.arm.rtsarm.aem4f : Text.oem4f (.text:xdc_runtime_Text_putMod__E)
                  00002ae8    0000009c     rtsv7M4_T_le_v4SPD16_eabi.lib : memcpy_t2.asm.obj (.text)
                  00002b84    00000004     ti.targets.arm.rtsarm.aem4f : Error.oem4f (.text:xdc_runtime_Error_getSite__E)
                  00002b88    0000009c     sysbios.aem4f : BIOS.obj (.text:ti_sysbios_knl_Semaphore_Instance_init__E)
                  00002c24    0000009a     ti.targets.arm.rtsarm.aem4f : Text.oem4f (.text:xdc_runtime_Text_putSite__E)
                  00002cbe    00000002     rtsv7M4_T_le_v4SPD16_eabi.lib : _lock.c.obj (.text:_nop)
                  00002cc0    00000098     Boot.aem4f : Boot.oem4f (.text:ti_catalog_arm_cortexm4_tiva_ce_Boot_sysCtlClockSet__E)
                  00002d58    00000094     sysbios.aem4f : BIOS.obj (.text:ti_sysbios_family_arm_m3_Hwi_Instance_init__E)
                  00002dec    00000004     ultrasonic_rtos_pem4f.oem4f (.text:xdc_runtime_System_Module_GateProxy_enter__E)
                  00002df0    00000094     sysbios.aem4f : BIOS.obj (.text:ti_sysbios_family_arm_m3_Hwi_initNVIC__E)
                  00002e84    00000090     ultra_main.obj (.text:main)
                  00002f14    0000008c     drivers_tivaware.aem4f : GPIOTiva.oem4f (.text:GPIO_init)
                  00002fa0    0000008c     sysbios.aem4f : m3_TaskSupport_asm.obj (.text:ti_sysbios_family_arm_m3_TaskSupport_buildTaskStack)
                  0000302c    00000004     ultrasonic_rtos_pem4f.oem4f (.text:xdc_runtime_System_Module_GateProxy_leave__E)
                  00003030    00000084     sysbios.aem4f : BIOS.obj (.text:ti_sysbios_family_arm_m3_Hwi_postInit__I)
                  000030b4    0000007c     ultra_main.obj (.text:pwmInit)
                  00003130    0000007a     rtsv7M4_T_le_v4SPD16_eabi.lib : memset_t2.asm.obj (.text)
                  000031aa    00000006     driverlib.lib : gpio.obj (.text:GPIOIntClear)
                  000031b0    00000070     sysbios.aem4f : BIOS.obj (.text:ti_sysbios_knl_Clock_workFunc__E)
                  00003220    00000070                   : BIOS.obj (.text:ti_sysbios_knl_Task_exit__E)
                  00003290    0000006d     ti.targets.arm.rtsarm.aem4f : System.oem4f (.text:xdc_runtime_System_formatNum__I)
                  000032fd    00000001     --HOLE-- [fill = 0]
                  000032fe    00000002     rtsv7M4_T_le_v4SPD16_eabi.lib : div0.asm.obj (.text)
                  00003300    0000006c     sysbios.aem4f : BIOS.obj (.text:ti_sysbios_knl_Swi_restoreHwi__E)
                  0000336c    0000006c     ti.targets.arm.rtsarm.aem4f : Error.oem4f (.text:xdc_runtime_Error_print__E)
                  000033d8    0000006c                                 : Memory.oem4f (.text:xdc_runtime_Memory_alloc__E)
                  00003444    00000068     driverlib.lib : interrupt.obj (.text:IntEnable)
                  000034ac    00000068     rtsv7M4_T_le_v4SPD16_eabi.lib : copy_decompress_lzss.c.obj (.text:decompress:lzss:__TI_decompress_lzss)
                  00003514    00000066     ti.targets.arm.rtsarm.aem4f : Core-mem.oem4f (.text:xdc_runtime_Core_deleteObject__I)
                  0000357a    00000002     ultrasonic_rtos_pem4f.oem4f (.text:ti_sysbios_BIOS_nullFunc__I)
                  0000357c    00000064     drivers_tivaware.aem4f : GPIOTiva.oem4f (.text:GPIO_hwiIntFxn)
                  000035e0    00000064     sysbios.aem4f : BIOS.obj (.text:ti_sysbios_family_arm_lm4_Timer_Module_startup__E)
                  00003644    00000064     ultrasonic_rtos_pem4f.oem4f (.text:ti_sysbios_family_arm_m3_Hwi_create)
                  000036a8    00000064     sysbios.aem4f : BIOS.obj (.text:ti_sysbios_family_arm_m3_Hwi_dispatchC__I)
                  0000370c    00000060     driverlib.lib : timer.obj (.text:TimerConfigure)
                  0000376c    00000004     ti.targets.arm.rtsarm.aem4f : System.oem4f (.text:xdc_runtime_System_aprintf_va__F)
                  00003770    00000060     sysbios.aem4f : BIOS.obj (.text:ti_sysbios_family_arm_lm4_Timer_isrStub__E)
                  000037d0    00000060                   : BIOS.obj (.text:ti_sysbios_knl_Task_schedule__I)
                  00003830    0000005c                   : BIOS.obj (.text:ti_sysbios_knl_Swi_run__I)
                  0000388c    00000004     ti.targets.arm.rtsarm.aem4f : System.oem4f (.text:xdc_runtime_System_printf_va__F)
                  00003890    0000005c     sysbios.aem4f : BIOS.obj (.text:ti_sysbios_knl_Swi_schedule__I)
                  000038ec    00000002     ultrasonic_rtos_pem4f.oem4f (.text:xdc_runtime_Startup_reset__I)
                  000038ee    00000002     --HOLE-- [fill = 0]
                  000038f0    0000005c     sysbios.aem4f : BIOS.obj (.text:ti_sysbios_knl_Task_Module_startup__E)
                  0000394c    00000004     --HOLE-- [fill = 0]
                  00003950    0000005c                   : BIOS.obj (.text:ti_sysbios_knl_Task_startCore__E)
                  000039ac    0000005b     ti.targets.arm.rtsarm.aem4f : Text.oem4f (.text:xdc_runtime_Text_putLab__E)
                  00003a07    00000001     --HOLE-- [fill = 0]
                  00003a08    00000058     boot.aem4f : boot.oem4f (.text)
                  00003a60    00000058     rtsv7M4_T_le_v4SPD16_eabi.lib : hostwrite.c.obj (.text:HOSTwrite)
                  00003ab8    00000058     sysbios.aem4f : m3_Hwi_asm_switch.obj (.text:ti_sysbios_family_arm_m3_Hwi_initStacks__E)
                  00003b10    00000056     driverlib.lib : gpio.obj (.text:GPIOIntTypeSet)
                  00003b66    00000002     --HOLE-- [fill = 0]
                  00003b68    00000054     ti.targets.arm.rtsarm.aem4f : Assert.oem4f (.text:xdc_runtime_Assert_raise__I)
                  00003bbc    00000050     drivers_tivaware.aem4f : GPIOTiva.oem4f (.text:GPIO_setCallback)
                  00003c0c    00000050                            : GPIOTiva.oem4f (.text:GPIO_toggle)
                  00003c5c    00000050                            : GPIOTiva.oem4f (.text:GPIO_write)
                  00003cac    00000050     driverlib.lib : sysctl.obj (.text:SysCtlPeripheralReset)
                  00003cfc    00000004     --HOLE-- [fill = 0]
                  00003d00    00000050     sysbios.aem4f : BIOS.obj (.text:ti_sysbios_family_arm_m3_Hwi_Module_startup__E)
                  00003d50    00000050     ti.targets.arm.rtsarm.aem4f : Startup.oem4f (.text:xdc_runtime_Startup_exec__E)
                  00003da0    00000050                                 : Text.oem4f (.text:xdc_runtime_Text_visitRope2__I)
                  00003df0    0000004c     rtsv7M4_T_le_v4SPD16_eabi.lib : cpy_tbl.c.obj (.text:copy_in)
                  00003e3c    00000004     --HOLE-- [fill = 0]
                  00003e40    0000004c     sysbios.aem4f : BIOS.obj (.text:ti_sysbios_heaps_HeapMem_getStats__E)
                  00003e8c    00000004     --HOLE-- [fill = 0]
                  00003e90    0000004c                   : BIOS.obj (.text:ti_sysbios_knl_Swi_runLoop__I)
                  00003edc    00000004     --HOLE-- [fill = 0]
                  00003ee0    0000004c                   : BIOS.obj (.text:ti_sysbios_knl_Task_allBlockedFunction__I)
                  00003f2c    00000048     driverlib.lib : gpio.obj (.text:GPIOPinConfigure)
                  00003f74    00000004     --HOLE-- [fill = 0]
                  00003f78    00000048     sysbios.aem4f : BIOS.obj (.text:ti_sysbios_family_arm_m3_Hwi_disableInterrupt__E)
                  00003fc0    00000048                   : BIOS.obj (.text:ti_sysbios_family_arm_m3_Hwi_enableInterrupt__E)
                  00004008    00000048                   : BIOS.obj (.text:ti_sysbios_family_arm_m3_Hwi_excReserved__I)
                  00004050    00000046     ti.targets.arm.rtsarm.aem4f : Core-params.oem4f (.text:xdc_runtime_Core_assignParams__I)
                  00004096    00000002     --HOLE-- [fill = 0]
                  00004098    00000044     sysbios.aem4f : BIOS.obj (.text:ti_sysbios_family_arm_m3_Hwi_getStackInfo__E)
                  000040dc    00000004     --HOLE-- [fill = 0]
                  000040e0    00000044                   : BIOS.obj (.text:ti_sysbios_knl_Swi_post__E)
                  00004124    00000044     ti.targets.arm.rtsarm.aem4f : Error.oem4f (.text:xdc_runtime_Error_setX__E)
                  00004168    00000044                                 : SysMin.oem4f (.text:xdc_runtime_SysMin_flush__E)
                  000041ac    00000044                                 : Text.oem4f (.text:xdc_runtime_Text_xprintf__I)
                  000041f0    00000040     EK_TM4C123GXL.obj (.text:EK_TM4C123GXL_initGeneral)
                  00004230    00000040     rtsv7M4_T_le_v4SPD16_eabi.lib : u_divt2.asm.obj (.text)
                  00004270    00000040     sysbios.aem4f : BIOS.obj (.text:ti_sysbios_family_arm_lm4_Timer_startup__E)
                  000042b0    0000003c     ultra_main.obj (.text:captureEvent_HWI)
                  000042ec    00000004     --HOLE-- [fill = 0]
                  000042f0    0000003c     sysbios.aem4f : BIOS.obj (.text:ti_sysbios_family_arm_m3_Hwi_excSvCall__I)
                  0000432c    00000004     --HOLE-- [fill = 0]
                  00004330    0000003c                   : BIOS.obj (.text:ti_sysbios_heaps_HeapMem_init__I)
                  0000436c    00000004     --HOLE-- [fill = 0]
                  00004370    0000003c                   : BIOS.obj (.text:ti_sysbios_knl_Swi_restore__E)
                  000043ac    00000038     driverlib.lib : sysctl.obj (.text:SysCtlPeripheralReady)
                  000043e4    00000038     rtsv7M4_T_le_v4SPD16_eabi.lib : trgmsg.c.obj (.text:__TI_writemsg)
                  0000441c    00000004     --HOLE-- [fill = 0]
                  00004420    00000038     sysbios.aem4f : BIOS.obj (.text:ti_sysbios_family_arm_m3_Hwi_excNoIsr__I)
                  00004458    00000038                   : BIOS.obj (.text:ti_sysbios_knl_Task_processVitalTaskFlag__I)
                  00004490    00000038     ti.targets.arm.rtsarm.aem4f : SysMin.oem4f (.text:xdc_runtime_SysMin_putch__E)
                  000044c8    00000038                                 : System.oem4f (.text:xdc_runtime_System_atexit__E)
                  00004500    00000034     driverlib.lib : sysctl.obj (.text:SysCtlPeripheralEnable)
                  00004534    00000034     rtsv7M4_T_le_v4SPD16_eabi.lib : trgmsg.c.obj (.text:__TI_readmsg)
                  00004568    00000034     sysbios.aem4f : BIOS.obj (.text:ti_sysbios_family_arm_m3_Hwi_Instance_finalize__E)
                  0000459c    00000004     --HOLE-- [fill = 0]
                  000045a0    00000034                   : BIOS.obj (.text:ti_sysbios_family_arm_m3_Hwi_excNmi__I)
                  000045d4    00000004     --HOLE-- [fill = 0]
                  000045d8    00000034                   : BIOS.obj (.text:ti_sysbios_hal_Hwi_checkStack)
                  0000460c    00000034     ti.targets.arm.rtsarm.aem4f : Core-label.oem4f (.text:xdc_runtime_Core_assignLabel__I)
                  00004640    00000033                                 : Text.oem4f (.text:xdc_runtime_Text_printVisFxn__I)
                  00004673    00000005     --HOLE-- [fill = 0]
                  00004678    00000032     sysbios.aem4f : BIOS.obj (.text:ti_sysbios_hal_Hwi_initStack)
                  000046aa    00000002     --HOLE-- [fill = 0]
                  000046ac    00000030     EK_TM4C123GXL.obj (.text:EK_TM4C123GXL_initGPIO)
                  000046dc    00000030     ultrasonic_rtos_pem4f.oem4f (.text:ti_sysbios_BIOS_atExitFunc__I)
                  0000470c    00000004     --HOLE-- [fill = 0]
                  00004710    00000030     sysbios.aem4f : BIOS.obj (.text:ti_sysbios_family_arm_lm4_Timer_stop__E)
                  00004740    00000030                   : BIOS.obj (.text:ti_sysbios_family_arm_m3_TaskSupport_start__E)
                  00004770    00000030     ultrasonic_rtos_pem4f.oem4f (.text:ti_sysbios_gates_GateHwi_Object__create__S)
                  000047a0    00000030     ultrasonic_rtos_pem4f.oem4f (.text:ti_sysbios_gates_GateMutex_Object__create__S)
                  000047d0    00000030     ultrasonic_rtos_pem4f.oem4f (.text:ti_sysbios_heaps_HeapMem_Object__create__S)
                  00004800    00000030     ultrasonic_rtos_pem4f.oem4f (.text:ti_sysbios_knl_Semaphore_construct)
                  00004830    00000030     sysbios.aem4f : BIOS.obj (.text:ti_sysbios_knl_Semaphore_pendTimeout__I)
                  00004860    00000030                   : BIOS.obj (.text:ti_sysbios_knl_Task_unblockI__E)
                  00004890    00000030     ti.targets.arm.rtsarm.aem4f : SysMin.oem4f (.text:xdc_runtime_SysMin_abort__E)
                  000048c0    00000030                                 : System.oem4f (.text:xdc_runtime_System_processAtExit__E)
                  000048f0    0000002c     ultrasonic_rtos_pem4f.oem4f (.text:ti_sysbios_knl_Clock_doTick__I)
                  0000491c    0000002c     ultrasonic_rtos_pem4f.oem4f (.text:ti_sysbios_knl_Queue_construct)
                  00004948    0000002c     sysbios.aem4f : BIOS.obj (.text:ti_sysbios_knl_Task_restore__E)
                  00004974    0000002c     ti.targets.arm.rtsarm.aem4f : Text.oem4f (.text:xdc_runtime_Text_cordText__E)
                  000049a0    0000002a     driverlib.lib : gpio.obj (.text:GPIODirModeSet)
                  000049ca    0000002a     ti.targets.arm.rtsarm.aem4f : System.oem4f (.text:xdc_runtime_System_putchar__I)
                  000049f4    00000004     --HOLE-- [fill = 0]
                  000049f8    00000028     sysbios.aem4f : BIOS.obj (.text:ti_sysbios_knl_Swi_Module_startup__E)
                  00004a20    00000026                   : m3_Hwi_asm.obj (.text:ti_sysbios_family_arm_m3_Hwi_pendSV__I)
                  00004a46    00000026     ti.targets.arm.rtsarm.aem4f : System.oem4f (.text:xdc_runtime_System_avprintf__E)
                  00004a6c    00000024     ultrasonic_rtos_pem4f.oem4f (.text:ti_sysbios_BIOS_errorRaiseHook__I)
                  00004a90    00000024     ultrasonic_rtos_pem4f.oem4f (.text:ti_sysbios_BIOS_registerRTSLock__I)
                  00004ab4    00000024     ultrasonic_rtos_pem4f.oem4f (.text:ti_sysbios_BIOS_removeRTSLock__I)
                  00004ad8    00000024     ultrasonic_rtos_pem4f.oem4f (.text:ti_sysbios_BIOS_startFunc__I)
                  00004afc    00000024     ultrasonic_rtos_pem4f.oem4f (.text:ti_sysbios_gates_GateMutex_Object__delete__S)
                  00004b20    00000024     sysbios.aem4f : BIOS.obj (.text:ti_sysbios_knl_Clock_Module_startup__E)
                  00004b44    00000004     --HOLE-- [fill = 0]
                  00004b48    00000024                   : BIOS.obj (.text:ti_sysbios_knl_Task_restoreHwi__E)
                  00004b6c    00000024     ti.targets.arm.rtsarm.aem4f : System.oem4f (.text:xdc_runtime_System_vprintf__E)
                  00004b90    00000022     driverlib.lib : pwm.obj (.text:PWMGenConfigure)
                  00004bb2    00000006                   : gpio.obj (.text:GPIOPinRead)
                  00004bb8    00000022     sysbios.aem4f : BIOS.obj (.text:ti_sysbios_family_arm_lm4_Timer_write__I)
                  00004bda    00000022     ultrasonic_rtos_pem4f.oem4f (.text:xdc_runtime_SysMin_output__I)
                  00004bfc    00000020     ultrasonic_rtos_pem4f.oem4f (.text:ti_sysbios_BIOS_rtsLock__I)
                  00004c1c    00000020     sysbios.aem4f : m3_Hwi_asm.obj (.text:ti_sysbios_family_arm_m3_Hwi_excHandlerAsm__I)
                  00004c3c    00000004     --HOLE-- [fill = 0]
                  00004c40    00000020                   : BIOS.obj (.text:ti_sysbios_family_arm_m3_Hwi_excHandler__I)
                  00004c60    00000020     ultrasonic_rtos_pem4f.oem4f (.text:ti_sysbios_gates_GateHwi_Object__delete__S)
                  00004c80    00000020     ultrasonic_rtos_pem4f.oem4f (.text:ti_sysbios_heaps_HeapMem_Object__delete__S)
                  00004ca0    00000020     sysbios.aem4f : BIOS.obj (.text:ti_sysbios_knl_Idle_run__E)
                  00004cc0    00000020     ultrasonic_rtos_pem4f.oem4f (.text:ti_sysbios_knl_Semaphore_Object__destruct__S)
                  00004ce0    00000020     ti.targets.arm.rtsarm.aem4f : Registry.oem4f (.text:xdc_runtime_Registry_findById__E)
                  00004d00    00000020                                 : SysMin.oem4f (.text:xdc_runtime_SysMin_Module_startup__E)
                  00004d20    0000001e     driverlib.lib : pwm.obj (.text:PWMPulseWidthSet)
                  00004d3e    0000001e     sysbios.aem4f : m3_Hwi_asm_switch.obj (.text:ti_sysbios_family_xxx_Hwi_switchAndRunFunc)
                  00004d5c    0000001c     drivers_tivaware.aem4f : GPIOTiva.oem4f (.text:getGpioIntIndex)
                  00004d78    0000001c     sysbios.aem4f : BIOS.obj (.text:ti_sysbios_gates_GateMutex_Instance_init__E)
                  00004d94    0000001c     ultrasonic_rtos_pem4f.oem4f (.text:ti_sysbios_knl_Queue_Object__destruct__S)
                  00004db0    0000001c     sysbios.aem4f : BIOS.obj (.text:ti_sysbios_knl_Task_enter__I)
                  00004dcc    0000001c     ti.targets.arm.rtsarm.aem4f : Error.oem4f (.text:xdc_runtime_Error_raiseX__E)
                  00004de8    0000001c                                 : Memory.oem4f (.text:xdc_runtime_Memory_valloc__E)
                  00004e04    0000001c                                 : SysMin.oem4f (.text:xdc_runtime_SysMin_exit__E)
                  00004e20    0000001c                                 : System.oem4f (.text:xdc_runtime_System_abort__E)
                  00004e3c    0000001a     ultrasonic_rtos_pem4f.oem4f (.text:ti_sysbios_family_arm_m3_Hwi_Handle__label__S)
                  00004e56    0000001a     ultrasonic_rtos_pem4f.oem4f (.text:ti_sysbios_gates_GateHwi_Handle__label__S)
                  00004e70    0000001a     ultrasonic_rtos_pem4f.oem4f (.text:ti_sysbios_gates_GateMutex_Handle__label__S)
                  00004e8a    0000001a     ultrasonic_rtos_pem4f.oem4f (.text:ti_sysbios_heaps_HeapMem_Handle__label__S)
                  00004ea4    0000001a     ultrasonic_rtos_pem4f.oem4f (.text:ti_sysbios_knl_Swi_Handle__label__S)
                  00004ebe    0000001a     ultrasonic_rtos_pem4f.oem4f (.text:ti_sysbios_knl_Task_Handle__label__S)
                  00004ed8    0000001a     ultrasonic_rtos_pem4f.oem4f (.text:xdc_runtime_System_aprintf__E)
                  00004ef2    0000001a     ultrasonic_rtos_pem4f.oem4f (.text:xdc_runtime_System_printf__E)
                  00004f0c    00000018     rtsv7M4_T_le_v4SPD16_eabi.lib : args_main.c.obj (.text:_args_main)
                  00004f24    00000018     ultrasonic_rtos_pem4f.oem4f (.text:ti_sysbios_BIOS_rtsUnlock__I)
                  00004f3c    00000018     ultrasonic_rtos_pem4f.oem4f (.text:ti_sysbios_family_arm_lm4_Timer_Module__startupDone__F)
                  00004f54    00000018     ultrasonic_rtos_pem4f.oem4f (.text:ti_sysbios_family_arm_m3_Hwi_Module__startupDone__F)
                  00004f6c    00000018     sysbios.aem4f : m3_TaskSupport_asm.obj (.text:ti_sysbios_family_arm_m3_TaskSupport_swap__E)
                  00004f84    00000004     --HOLE-- [fill = 0]
                  00004f88    00000018                   : BIOS.obj (.text:ti_sysbios_gates_GateMutex_leave__E)
                  00004fa0    00000018                   : BIOS.obj (.text:ti_sysbios_knl_Task_sleepTimeout__I)
                  00004fb8    00000018     ti.targets.arm.rtsarm.aem4f : Error.oem4f (.text:xdc_runtime_Error_check__E)
                  00004fd0    00000018                                 : System.oem4f (.text:xdc_runtime_System_exit__E)
                  00004fe8    00000018                                 : Text.oem4f (.text:xdc_runtime_Text_ropeText__E)
                  00005000    00000016     driverlib.lib : timer.obj (.text:TimerControlEvent)
                  00005016    00000016     ultrasonic_rtos_pem4f.oem4f (.text:ti_sysbios_BIOS_exitFunc__I)
                  0000502c    00000014     driverlib.lib : sysctl.obj (.text:SysCtlPWMClockSet)
                  00005040    00000014                   : timer.obj (.text:TimerDisable)
                  00005054    00000014     rtsv7M4_T_le_v4SPD16_eabi.lib : strlen.c.obj (.text:strlen)
                  00005068    00000014     ultrasonic_rtos_pem4f.oem4f (.text:ti_sysbios_family_arm_m3_Hwi_Object__get__S)
                  0000507c    00000004     --HOLE-- [fill = 0]
                  00005080    00000014     sysbios.aem4f : BIOS.obj (.text:ti_sysbios_family_arm_m3_Hwi_switchFromBootStack__E)
                  00005094    00000014     ultrasonic_rtos_pem4f.oem4f (.text:ti_sysbios_heaps_HeapMem_Object__get__S)
                  000050a8    00000014     ultrasonic_rtos_pem4f.oem4f (.text:ti_sysbios_knl_Swi_Object__get__S)
                  000050bc    00000012     driverlib.lib : gpio.obj (.text:GPIOPinTypeGPIOInput)
                  000050ce    00000012                   : gpio.obj (.text:GPIOPinTypePWM)
                  000050e0    00000012                   : gpio.obj (.text:GPIOPinTypeTimer)
                  000050f2    00000012                   : pwm.obj (.text:PWMOutputState)
                  00005104    00000012                   : timer.obj (.text:TimerLoadSet)
                  00005116    00000012                   : timer.obj (.text:TimerPrescaleSet)
                  00005128    00000012     sysbios.aem4f : BIOS.obj (.text:ti_sysbios_hal_Hwi_Module_startup__E)
                  0000513a    00000012     ultrasonic_rtos_pem4f.oem4f (.text:xdc_runtime_Startup_exec__I)
                  0000514c    00000010     driverlib.lib : pwm.obj (.text:PWMGenPeriodSet)
                  0000515c    00000004     --HOLE-- [fill = 0]
                  00005160    00000010     sysbios.aem4f : BIOS.obj (.text:ti_sysbios_BIOS_setThreadType__E)
                  00005170    00000010                   : BIOS.obj (.text:ti_sysbios_BIOS_start__E)
                  00005180    00000010                   : m3_TaskSupport_asm.obj (.text:ti_sysbios_family_arm_m3_TaskSupport_glue)
                  00005190    00000010                   : BIOS.obj (.text:ti_sysbios_gates_GateMutex_Instance_finalize__E)
                  000051a0    00000010                   : BIOS.obj (.text:ti_sysbios_knl_Semaphore_Instance_finalize__E)
                  000051b0    00000010                   : BIOS.obj (.text:ti_sysbios_knl_Swi_disable__E)
                  000051c0    00000010     ultrasonic_rtos_pem4f.oem4f (.text:ti_sysbios_knl_Task_Object__get__S)
                  000051d0    00000010     sysbios.aem4f : BIOS.obj (.text:ti_sysbios_knl_Task_disable__E)
                  000051e0    00000010     ti.targets.arm.rtsarm.aem4f : Gate.oem4f (.text:xdc_runtime_Gate_leaveSystem__E)
                  000051f0    00000010                                 : Memory.oem4f (.text:xdc_runtime_Memory_free__E)
                  00005200    00000010                                 : SysMin.oem4f (.text:xdc_runtime_SysMin_ready__E)
                  00005210    00000010                                 : System.oem4f (.text:xdc_runtime_System_vsnprintf__E)
                  00005220    00000010     ultrasonic_rtos_pem4f.oem4f (.text:xdc_runtime_Text_visitRope__I)
                  00005230    0000000e     driverlib.lib : gpio.obj (.text:GPIOIntStatus)
                  0000523e    0000000e                   : timer.obj (.text:TimerEnable)
                  0000524c    0000000e     rtsv7M4_T_le_v4SPD16_eabi.lib : copy_decompress_none.c.obj (.text:decompress:none:__TI_decompress_none)
                  0000525a    00000006     driverlib.lib : gpio.obj (.text:GPIOPinWrite)
                  00005260    0000000e     sysbios.aem4f : BIOS.obj (.text:ti_sysbios_knl_Idle_loop__E)
                  0000526e    00000002     --HOLE-- [fill = 0]
                  00005270    0000000e                   : BIOS.obj (.text:ti_sysbios_knl_Queue_empty__E)
                  0000527e    00000002     --HOLE-- [fill = 0]
                  00005280    0000000c     ultrasonic_rtos_pem4f.oem4f (.text:.bootCodeSection:ti_catalog_arm_cortexm4_tiva_ce_Boot_init__I)
                  0000528c    0000000c     driverlib.lib : pwm.obj (.text:PWMGenEnable)
                  00005298    0000000c     rtsv7M4_T_le_v4SPD16_eabi.lib : _lock.c.obj (.text:_register_lock)
                  000052a4    0000000c                                   : _lock.c.obj (.text:_register_unlock)
                  000052b0    0000000c                                   : copy_zero_init.c.obj (.text:decompress:ZI:__TI_zero_init)
                  000052bc    00000004     --HOLE-- [fill = 0]
                  000052c0    0000000c     sysbios.aem4f : BIOS.obj (.text:ti_sysbios_family_arm_lm4_Timer_getMaxTicks__E)
                  000052cc    0000000c     ultrasonic_rtos_pem4f.oem4f (.text:ti_sysbios_family_arm_m3_Hwi_Params__init__S)
                  000052d8    0000000c     sysbios.aem4f : BIOS.obj (.text:ti_sysbios_family_arm_m3_Hwi_disableFxn__E)
                  000052e4    00000004     --HOLE-- [fill = 0]
                  000052e8    0000000c                   : BIOS.obj (.text:ti_sysbios_family_arm_m3_TaskSupport_checkStack__E)
                  000052f4    00000004     --HOLE-- [fill = 0]
                  000052f8    0000000c                   : BIOS.obj (.text:ti_sysbios_gates_GateHwi_enter__E)
                  00005304    0000000c     ultrasonic_rtos_pem4f.oem4f (.text:ti_sysbios_knl_Queue_Object__get__S)
                  00005310    0000000c     ti.targets.arm.rtsarm.aem4f : Error.oem4f (.text:xdc_runtime_Error_init__E)
                  0000531c    0000000c                                 : Gate.oem4f (.text:xdc_runtime_Gate_enterSystem__E)
                  00005328    0000000c                                 : Memory.oem4f (.text:xdc_runtime_Memory_calloc__E)
                  00005334    0000000c                                 : Memory.oem4f (.text:xdc_runtime_Memory_getMaxDefaultTypeAlign__E)
                  00005340    0000000a     driverlib.lib : timer.obj (.text:TimerValueGet)
                  0000534a    0000000a     ultrasonic_rtos_pem4f.oem4f (.text:xdc_runtime_IHeap_alloc)
                  00005354    0000000a     ultrasonic_rtos_pem4f.oem4f (.text:xdc_runtime_IHeap_free)
                  0000535e    00000008     driverlib.lib : timer.obj (.text:TimerIntEnable)
                  00005366    00000008     sysbios.aem4f : BIOS.obj (.text:ti_sysbios_family_arm_lm4_Timer_masterDisable__I)
                  0000536e    00000002     --HOLE-- [fill = 0]
                  00005370    00000008                   : BIOS.obj (.text:ti_sysbios_family_arm_m3_Hwi_doSwiRestore__I)
                  00005378    00000008                   : BIOS.obj (.text:ti_sysbios_family_arm_m3_Hwi_startup__E)
                  00005380    00000006     Boot.aem4f : Boot_sysctl.oem4f (.text:ti_catalog_arm_cortexm4_tiva_ce_Boot_sysCtlDelayI__I)
                  00005386    00000002     --HOLE-- [fill = 0]
                  00005388    00000006     sysbios.aem4f : BIOS.obj (.text:ti_sysbios_family_arm_m3_Hwi_doTaskRestore__I)
                  0000538e    00000002     --HOLE-- [fill = 0]
                  00005390    00000006                   : BIOS.obj (.text:ti_sysbios_family_arm_m3_Hwi_restoreFxn__E)
                  00005396    00000002     --HOLE-- [fill = 0]
                  00005398    00000006                   : BIOS.obj (.text:ti_sysbios_gates_GateHwi_leave__E)
                  0000539e    00000002     --HOLE-- [fill = 0]
                  000053a0    00000006                   : BIOS.obj (.text:ti_sysbios_heaps_HeapMem_isBlocking__E)
                  000053a6    00000002     --HOLE-- [fill = 0]
                  000053a8    00000006                   : BIOS.obj (.text:ti_sysbios_knl_Queue_Instance_init__E)
                  000053ae    00000002     --HOLE-- [fill = 0]
                  000053b0    00000006                   : BIOS.obj (.text:ti_sysbios_knl_Swi_startup__E)
                  000053b6    00000006     ti.targets.arm.rtsarm.aem4f : System.oem4f (.text:xdc_runtime_System_Module_startup__E)
                  000053bc    00000004     --HOLE-- [fill = 0]
                  000053c0    00000004     sysbios.aem4f : BIOS.obj (.text:ti_sysbios_gates_GateHwi_query__E)
                  000053c4    00000004     --HOLE-- [fill = 0]
                  000053c8    00000004                   : BIOS.obj (.text:ti_sysbios_gates_GateMutex_query__E)
                  000053cc    00000004     --HOLE-- [fill = 0]
                  000053d0    00000004                   : BIOS.obj (.text:ti_sysbios_knl_Task_startup__E)
                  000053d4    00000004     --HOLE-- [fill = 0]
                  000053d8    00000002                   : BIOS.obj (.text:ti_sysbios_gates_GateHwi_Instance_init__E)
                  000053da    00000006     --HOLE-- [fill = 0]
                  000053e0    00000002                   : BIOS.obj (.text:ti_sysbios_knl_Clock_logTick__E)

.const     0    000053e4    00001f40     
                  000053e4    0000188f     ultrasonic_rtos_pem4f.oem4f (.const:xdc_runtime_Text_charTab__A)
                  00006c73    00000001     ultrasonic_rtos_pem4f.oem4f (.const:xdc_runtime_Error_policy__C)
                  00006c74    000000bc     ultrasonic_rtos_pem4f.oem4f (.const:xdc_runtime_Text_nodeTab__A)
                  00006d30    00000090     driverlib.lib : gpio.obj (.const:g_pui32GPIOBaseAddrs)
                  00006dc0    00000070                   : interrupt.obj (.const)
                  00006e30    00000054     drivers_tivaware.aem4f : GPIOTiva.oem4f (.const:.string)
                  00006e84    00000048     ultrasonic_rtos_pem4f.oem4f (.const:.string)
                  00006ecc    00000048     drivers_tivaware.aem4f : GPIOTiva.oem4f (.const:gpioBaseAddresses)
                  00006f14    00000030     ultrasonic_rtos_pem4f.oem4f (.const:ti_sysbios_family_arm_m3_Hwi_Object__PARAMS__C)
                  00006f44    00000028     ultrasonic_rtos_pem4f.oem4f (.const:ti_sysbios_heaps_HeapMem_Module__FXNS__C)
                  00006f6c    00000024     ultrasonic_rtos_pem4f.oem4f (.const:ti_sysbios_gates_GateHwi_Module__FXNS__C)
                  00006f90    00000024     ultrasonic_rtos_pem4f.oem4f (.const:ti_sysbios_gates_GateMutex_Module__FXNS__C)
                  00006fb4    00000024     ultrasonic_rtos_pem4f.oem4f (.const:ti_sysbios_heaps_HeapMem_Object__PARAMS__C)
                  00006fd8    00000024     ultrasonic_rtos_pem4f.oem4f (.const:ti_sysbios_knl_Semaphore_Object__PARAMS__C)
                  00006ffc    00000020     ultrasonic_rtos_pem4f.oem4f (.const:ti_sysbios_family_arm_m3_Hwi_Object__DESC__C)
                  0000701c    00000020     ultrasonic_rtos_pem4f.oem4f (.const:ti_sysbios_gates_GateHwi_Object__DESC__C)
                  0000703c    00000020     ultrasonic_rtos_pem4f.oem4f (.const:ti_sysbios_gates_GateMutex_Object__DESC__C)
                  0000705c    00000020     ultrasonic_rtos_pem4f.oem4f (.const:ti_sysbios_heaps_HeapMem_Object__DESC__C)
                  0000707c    00000020     ultrasonic_rtos_pem4f.oem4f (.const:ti_sysbios_knl_Queue_Object__DESC__C)
                  0000709c    00000020     ultrasonic_rtos_pem4f.oem4f (.const:ti_sysbios_knl_Semaphore_Object__DESC__C)
                  000070bc    00000020     ultrasonic_rtos_pem4f.oem4f (.const:xdc_runtime_Startup_sfxnTab__A)
                  000070dc    00000018     ultrasonic_rtos_pem4f.oem4f (.const:ti_sysbios_gates_GateHwi_Object__PARAMS__C)
                  000070f4    00000018     ultrasonic_rtos_pem4f.oem4f (.const:ti_sysbios_gates_GateMutex_Object__PARAMS__C)
                  0000710c    00000018     ultrasonic_rtos_pem4f.oem4f (.const:ti_sysbios_knl_Queue_Object__PARAMS__C)
                  00007124    00000014     EK_TM4C123GXL.obj (.const:GPIOTiva_config)
                  00007138    00000014     ultrasonic_rtos_pem4f.oem4f (.const:xdc_runtime_Startup_firstFxns__A)
                  0000714c    00000010     ultrasonic_rtos_pem4f.oem4f (.const:xdc_runtime_Startup_sfxnRts__A)
                  0000715c    00000008     ultrasonic_rtos_pem4f.oem4f (.const:ti_sysbios_family_arm_m3_Hwi_excHookFuncs__A)
                  00007164    00000008     ultrasonic_rtos_pem4f.oem4f (.const:ti_sysbios_knl_Idle_funcList__C)
                  0000716c    00000008     ultrasonic_rtos_pem4f.oem4f (.const:xdc_runtime_Startup_firstFxns__C)
                  00007174    00000008     ultrasonic_rtos_pem4f.oem4f (.const:xdc_runtime_Startup_lastFxns__C)
                  0000717c    00000004     ultrasonic_rtos_pem4f.oem4f (.const:ti_catalog_arm_cortexm4_tiva_ce_Boot_A_mustUseEnhancedClockMode__C)
                  00007180    00000004     ultrasonic_rtos_pem4f.oem4f (.const:ti_catalog_arm_cortexm4_tiva_ce_Boot_Module__diagsEnabled__C)
                  00007184    00000004     ultrasonic_rtos_pem4f.oem4f (.const:ti_catalog_arm_cortexm4_tiva_ce_Boot_Module__diagsIncluded__C)
                  00007188    00000004     ultrasonic_rtos_pem4f.oem4f (.const:ti_catalog_arm_cortexm4_tiva_ce_Boot_Module__diagsMask__C)
                  0000718c    00000004     ultrasonic_rtos_pem4f.oem4f (.const:ti_sysbios_family_arm_lm4_Timer_enableFunc__C)
                  00007190    00000004     ultrasonic_rtos_pem4f.oem4f (.const:ti_sysbios_family_arm_lm4_Timer_numTimerDevices__C)
                  00007194    00000004     ultrasonic_rtos_pem4f.oem4f (.const:ti_sysbios_family_arm_lm4_Timer_startupNeeded__C)
                  00007198    00000004     ultrasonic_rtos_pem4f.oem4f (.const:ti_sysbios_family_arm_m3_Hwi_E_NMI__C)
                  0000719c    00000004     ultrasonic_rtos_pem4f.oem4f (.const:ti_sysbios_family_arm_m3_Hwi_E_alreadyDefined__C)
                  000071a0    00000004     ultrasonic_rtos_pem4f.oem4f (.const:ti_sysbios_family_arm_m3_Hwi_E_busFault__C)
                  000071a4    00000004     ultrasonic_rtos_pem4f.oem4f (.const:ti_sysbios_family_arm_m3_Hwi_E_debugMon__C)
                  000071a8    00000004     ultrasonic_rtos_pem4f.oem4f (.const:ti_sysbios_family_arm_m3_Hwi_E_hardFault__C)
                  000071ac    00000004     ultrasonic_rtos_pem4f.oem4f (.const:ti_sysbios_family_arm_m3_Hwi_E_memFault__C)
                  000071b0    00000004     ultrasonic_rtos_pem4f.oem4f (.const:ti_sysbios_family_arm_m3_Hwi_E_noIsr__C)
                  000071b4    00000004     ultrasonic_rtos_pem4f.oem4f (.const:ti_sysbios_family_arm_m3_Hwi_E_reserved__C)
                  000071b8    00000004     ultrasonic_rtos_pem4f.oem4f (.const:ti_sysbios_family_arm_m3_Hwi_E_svCall__C)
                  000071bc    00000004     ultrasonic_rtos_pem4f.oem4f (.const:ti_sysbios_family_arm_m3_Hwi_E_usageFault__C)
                  000071c0    00000004     ultrasonic_rtos_pem4f.oem4f (.const:ti_sysbios_family_arm_m3_Hwi_NUM_INTERRUPTS__C)
                  000071c4    00000004     ultrasonic_rtos_pem4f.oem4f (.const:ti_sysbios_family_arm_m3_Hwi_Object__count__C)
                  000071c8    00000004     ultrasonic_rtos_pem4f.oem4f (.const:ti_sysbios_family_arm_m3_Hwi_ccr__C)
                  000071cc    00000004     ultrasonic_rtos_pem4f.oem4f (.const:ti_sysbios_family_arm_m3_Hwi_excHandlerFunc__C)
                  000071d0    00000004     ultrasonic_rtos_pem4f.oem4f (.const:ti_sysbios_family_arm_m3_Hwi_excHookFuncs__C)
                  000071d4    00000004     ultrasonic_rtos_pem4f.oem4f (.const:ti_sysbios_family_arm_m3_Hwi_nullIsrFunc__C)
                  000071d8    00000004     ultrasonic_rtos_pem4f.oem4f (.const:ti_sysbios_family_arm_m3_Hwi_priGroup__C)
                  000071dc    00000004     ultrasonic_rtos_pem4f.oem4f (.const:ti_sysbios_gates_GateMutex_A_badContext__C)
                  000071e0    00000004     ultrasonic_rtos_pem4f.oem4f (.const:ti_sysbios_gates_GateMutex_Instance_State_sem__O)
                  000071e4    00000004     ultrasonic_rtos_pem4f.oem4f (.const:ti_sysbios_gates_GateMutex_Module__diagsEnabled__C)
                  000071e8    00000004     ultrasonic_rtos_pem4f.oem4f (.const:ti_sysbios_gates_GateMutex_Module__diagsIncluded__C)
                  000071ec    00000004     ultrasonic_rtos_pem4f.oem4f (.const:ti_sysbios_gates_GateMutex_Module__diagsMask__C)
                  000071f0    00000004     ultrasonic_rtos_pem4f.oem4f (.const:ti_sysbios_hal_Hwi_E_stackOverflow__C)
                  000071f4    00000004     ultrasonic_rtos_pem4f.oem4f (.const:ti_sysbios_heaps_HeapMem_A_align__C)
                  000071f8    00000004     ultrasonic_rtos_pem4f.oem4f (.const:ti_sysbios_heaps_HeapMem_A_heapSize__C)
                  000071fc    00000004     ultrasonic_rtos_pem4f.oem4f (.const:ti_sysbios_heaps_HeapMem_A_invalidFree__C)
                  00007200    00000004     ultrasonic_rtos_pem4f.oem4f (.const:ti_sysbios_heaps_HeapMem_A_zeroBlock__C)
                  00007204    00000004     ultrasonic_rtos_pem4f.oem4f (.const:ti_sysbios_heaps_HeapMem_E_memory__C)
                  00007208    00000004     ultrasonic_rtos_pem4f.oem4f (.const:ti_sysbios_heaps_HeapMem_Module__diagsEnabled__C)
                  0000720c    00000004     ultrasonic_rtos_pem4f.oem4f (.const:ti_sysbios_heaps_HeapMem_Module__diagsIncluded__C)
                  00007210    00000004     ultrasonic_rtos_pem4f.oem4f (.const:ti_sysbios_heaps_HeapMem_Module__diagsMask__C)
                  00007214    00000004     ultrasonic_rtos_pem4f.oem4f (.const:ti_sysbios_heaps_HeapMem_Module__gateObj__C)
                  00007218    00000004     ultrasonic_rtos_pem4f.oem4f (.const:ti_sysbios_heaps_HeapMem_Object__count__C)
                  0000721c    00000004     ultrasonic_rtos_pem4f.oem4f (.const:ti_sysbios_heaps_HeapMem_reqAlign__C)
                  00007220    00000004     ultrasonic_rtos_pem4f.oem4f (.const:ti_sysbios_knl_Clock_Module_State_clockQ__O)
                  00007224    00000004     ultrasonic_rtos_pem4f.oem4f (.const:ti_sysbios_knl_Idle_funcList__A)
                  00007228    00000004     ultrasonic_rtos_pem4f.oem4f (.const:ti_sysbios_knl_Semaphore_A_badContext__C)
                  0000722c    00000004     ultrasonic_rtos_pem4f.oem4f (.const:ti_sysbios_knl_Semaphore_A_noEvents__C)
                  00007230    00000004     ultrasonic_rtos_pem4f.oem4f (.const:ti_sysbios_knl_Semaphore_A_overflow__C)
                  00007234    00000004     ultrasonic_rtos_pem4f.oem4f (.const:ti_sysbios_knl_Semaphore_A_pendTaskDisabled__C)
                  00007238    00000004     ultrasonic_rtos_pem4f.oem4f (.const:ti_sysbios_knl_Semaphore_Instance_State_pendQ__O)
                  0000723c    00000004     ultrasonic_rtos_pem4f.oem4f (.const:ti_sysbios_knl_Semaphore_Module__diagsEnabled__C)
                  00007240    00000004     ultrasonic_rtos_pem4f.oem4f (.const:ti_sysbios_knl_Semaphore_Module__diagsIncluded__C)
                  00007244    00000004     ultrasonic_rtos_pem4f.oem4f (.const:ti_sysbios_knl_Semaphore_Module__diagsMask__C)
                  00007248    00000004     ultrasonic_rtos_pem4f.oem4f (.const:ti_sysbios_knl_Swi_Object__count__C)
                  0000724c    00000004     ultrasonic_rtos_pem4f.oem4f (.const:ti_sysbios_knl_Task_A_badTimeout__C)
                  00007250    00000004     ultrasonic_rtos_pem4f.oem4f (.const:ti_sysbios_knl_Task_A_sleepTaskDisabled__C)
                  00007254    00000004     ultrasonic_rtos_pem4f.oem4f (.const:ti_sysbios_knl_Task_E_spOutOfBounds__C)
                  00007258    00000004     ultrasonic_rtos_pem4f.oem4f (.const:ti_sysbios_knl_Task_E_stackOverflow__C)
                  0000725c    00000004     ultrasonic_rtos_pem4f.oem4f (.const:ti_sysbios_knl_Task_Module_State_inactiveQ__O)
                  00007260    00000004     ultrasonic_rtos_pem4f.oem4f (.const:ti_sysbios_knl_Task_Module__diagsEnabled__C)
                  00007264    00000004     ultrasonic_rtos_pem4f.oem4f (.const:ti_sysbios_knl_Task_Module__diagsIncluded__C)
                  00007268    00000004     ultrasonic_rtos_pem4f.oem4f (.const:ti_sysbios_knl_Task_Module__diagsMask__C)
                  0000726c    00000004     ultrasonic_rtos_pem4f.oem4f (.const:ti_sysbios_knl_Task_Object__count__C)
                  00007270    00000004     ultrasonic_rtos_pem4f.oem4f (.const:ti_sysbios_knl_Task_allBlockedFunc__C)
                  00007274    00000004     ultrasonic_rtos_pem4f.oem4f (.const:ti_sysbios_knl_Task_numConstructedTasks__C)
                  00007278    00000004     ultrasonic_rtos_pem4f.oem4f (.const:xdc_runtime_Assert_E_assertFailed__C)
                  0000727c    00000004     ultrasonic_rtos_pem4f.oem4f (.const:xdc_runtime_Core_A_initializedParams__C)
                  00007280    00000004     ultrasonic_rtos_pem4f.oem4f (.const:xdc_runtime_Core_Module__diagsEnabled__C)
                  00007284    00000004     ultrasonic_rtos_pem4f.oem4f (.const:xdc_runtime_Core_Module__diagsIncluded__C)
                  00007288    00000004     ultrasonic_rtos_pem4f.oem4f (.const:xdc_runtime_Core_Module__diagsMask__C)
                  0000728c    00000004     ultrasonic_rtos_pem4f.oem4f (.const:xdc_runtime_Error_E_memory__C)
                  00007290    00000004     ultrasonic_rtos_pem4f.oem4f (.const:xdc_runtime_Error_Module__diagsEnabled__C)
                  00007294    00000004     ultrasonic_rtos_pem4f.oem4f (.const:xdc_runtime_Error_Module__diagsIncluded__C)
                  00007298    00000004     ultrasonic_rtos_pem4f.oem4f (.const:xdc_runtime_Error_Module__diagsMask__C)
                  0000729c    00000004     ultrasonic_rtos_pem4f.oem4f (.const:xdc_runtime_Error_Module__loggerFxn8__C)
                  000072a0    00000004     ultrasonic_rtos_pem4f.oem4f (.const:xdc_runtime_Error_Module__loggerObj__C)
                  000072a4    00000004     ultrasonic_rtos_pem4f.oem4f (.const:xdc_runtime_Error_policyFxn__C)
                  000072a8    00000004     ultrasonic_rtos_pem4f.oem4f (.const:xdc_runtime_Error_raiseHook__C)
                  000072ac    00000004     ultrasonic_rtos_pem4f.oem4f (.const:xdc_runtime_IGateProvider_Interface__BASE__C)
                  000072b0    00000004     ultrasonic_rtos_pem4f.oem4f (.const:xdc_runtime_IHeap_Interface__BASE__C)
                  000072b4    00000004     ultrasonic_rtos_pem4f.oem4f (.const:xdc_runtime_IModule_Interface__BASE__C)
                  000072b8    00000004     ultrasonic_rtos_pem4f.oem4f (.const:xdc_runtime_Log_L_error__C)
                  000072bc    00000004     ultrasonic_rtos_pem4f.oem4f (.const:xdc_runtime_Memory_defaultHeapInstance__C)
                  000072c0    00000004     ultrasonic_rtos_pem4f.oem4f (.const:xdc_runtime_Startup_execImpl__C)
                  000072c4    00000004     ultrasonic_rtos_pem4f.oem4f (.const:xdc_runtime_Startup_maxPasses__C)
                  000072c8    00000004     ultrasonic_rtos_pem4f.oem4f (.const:xdc_runtime_Startup_sfxnRts__C)
                  000072cc    00000004     ultrasonic_rtos_pem4f.oem4f (.const:xdc_runtime_Startup_sfxnTab__C)
                  000072d0    00000004     ultrasonic_rtos_pem4f.oem4f (.const:xdc_runtime_SysMin_bufSize__C)
                  000072d4    00000004     ultrasonic_rtos_pem4f.oem4f (.const:xdc_runtime_SysMin_outputFunc__C)
                  000072d8    00000004     ultrasonic_rtos_pem4f.oem4f (.const:xdc_runtime_System_Module__gateObj__C)
                  000072dc    00000004     ultrasonic_rtos_pem4f.oem4f (.const:xdc_runtime_System_abortFxn__C)
                  000072e0    00000004     ultrasonic_rtos_pem4f.oem4f (.const:xdc_runtime_System_exitFxn__C)
                  000072e4    00000004     ultrasonic_rtos_pem4f.oem4f (.const:xdc_runtime_System_extendFxn__C)
                  000072e8    00000004     ultrasonic_rtos_pem4f.oem4f (.const:xdc_runtime_System_maxAtexitHandlers__C)
                  000072ec    00000004     ultrasonic_rtos_pem4f.oem4f (.const:xdc_runtime_Text_charTab__C)
                  000072f0    00000004     ultrasonic_rtos_pem4f.oem4f (.const:xdc_runtime_Text_nameEmpty__C)
                  000072f4    00000004     ultrasonic_rtos_pem4f.oem4f (.const:xdc_runtime_Text_nameStatic__C)
                  000072f8    00000004     ultrasonic_rtos_pem4f.oem4f (.const:xdc_runtime_Text_nameUnknown__C)
                  000072fc    00000004     ultrasonic_rtos_pem4f.oem4f (.const:xdc_runtime_Text_nodeTab__C)
                  00007300    00000004     ultrasonic_rtos_pem4f.oem4f (.const:xdc_runtime_Text_visitRopeFxn__C)
                  00007304    00000002     ultrasonic_rtos_pem4f.oem4f (.const:ti_catalog_arm_cortexm4_tiva_ce_Boot_Module__id__C)
                  00007306    00000002     ultrasonic_rtos_pem4f.oem4f (.const:ti_sysbios_family_arm_m3_Hwi_Module__id__C)
                  00007308    00000002     ultrasonic_rtos_pem4f.oem4f (.const:ti_sysbios_gates_GateMutex_Module__id__C)
                  0000730a    00000002     ultrasonic_rtos_pem4f.oem4f (.const:ti_sysbios_hal_Hwi_Module__id__C)
                  0000730c    00000002     ultrasonic_rtos_pem4f.oem4f (.const:ti_sysbios_heaps_HeapMem_Module__id__C)
                  0000730e    00000002     ultrasonic_rtos_pem4f.oem4f (.const:ti_sysbios_knl_Semaphore_Module__id__C)
                  00007310    00000002     ultrasonic_rtos_pem4f.oem4f (.const:ti_sysbios_knl_Task_Module__id__C)
                  00007312    00000002     ultrasonic_rtos_pem4f.oem4f (.const:xdc_runtime_Core_Module__id__C)
                  00007314    00000002     ultrasonic_rtos_pem4f.oem4f (.const:xdc_runtime_Error_Module__loggerDefined__C)
                  00007316    00000002     ultrasonic_rtos_pem4f.oem4f (.const:xdc_runtime_Error_maxDepth__C)
                  00007318    00000002     ultrasonic_rtos_pem4f.oem4f (.const:xdc_runtime_Memory_Module__id__C)
                  0000731a    00000002     ultrasonic_rtos_pem4f.oem4f (.const:xdc_runtime_SysMin_flushAtExit__C)
                  0000731c    00000002     ultrasonic_rtos_pem4f.oem4f (.const:xdc_runtime_Text_charCnt__C)
                  0000731e    00000002     ultrasonic_rtos_pem4f.oem4f (.const:xdc_runtime_Text_isLoaded__C)
                  00007320    00000002     ultrasonic_rtos_pem4f.oem4f (.const:xdc_runtime_Text_registryModsLastId__C)
                  00007322    00000002     ultrasonic_rtos_pem4f.oem4f (.const:xdc_runtime_Text_unnamedModsLastId__C)

.cinit     0    00007328    00000228     
                  00007328    000001f0     (.cinit..data.load) [load image, compression = lzss]
                  00007518    0000000c     (__TI_handler_table)
                  00007524    00000004     --HOLE-- [fill = 0]
                  00007528    00000008     (.cinit..bss.load) [load image, compression = zero_init]
                  00007530    00000008     (.cinit..vecs.load) [load image, compression = zero_init]
                  00007538    00000018     (__TI_cinit_table)

.init_array 
*          0    00000000    00000000     UNINITIALIZED

.resetVecs 
*          0    00000000    0000003c     
                  00000000    0000003c     ultrasonic_rtos_pem4f.oem4f (.resetVecs)

.bss       0    20000360    00000da4     UNINITIALIZED
                  20000360    00000400     ultrasonic_rtos_pem4f.oem4f (.bss:taskStackSection)
                  20000760    00000400     (.common:ti_sysbios_heaps_HeapMem_Instance_State_0_buf__A)
                  20000b60    00000360     (.common:ti_sysbios_family_arm_m3_Hwi_dispatchTable)
                  20000ec0    00000120     rtsv7M4_T_le_v4SPD16_eabi.lib : trgmsg.c.obj (.bss:_CIOBUF_)
                  20000fe0    00000090     drivers_tivaware.aem4f : GPIOTiva.oem4f (.bss:gpioCallbackInfo)
                  20001070    00000080     (.common:xdc_runtime_SysMin_Module_State_0_outbuf__A)
                  200010f0    00000008     (.common:parmbuf)
                  200010f8    00000004     (.common:first)
                  200010fc    00000004     (.common:gpioInterruptVectors)
                  20001100    00000004     (.common:period)

.data      0    20001104    00000462     UNINITIALIZED
                  20001104    00000098     ultrasonic_rtos_pem4f.oem4f (.data:ti_sysbios_knl_Task_Object__table__V)
                  2000119c    00000080     ultrasonic_rtos_pem4f.oem4f (.data:ti_sysbios_knl_Swi_Module_State_0_readyQ__A)
                  2000121c    00000080     ultrasonic_rtos_pem4f.oem4f (.data:ti_sysbios_knl_Task_Module_State_0_readyQ__A)
                  2000129c    00000044     ultrasonic_rtos_pem4f.oem4f (.data:ti_sysbios_knl_Task_Module__state__V)
                  200012e0    00000040     ultrasonic_rtos_pem4f.oem4f (.data:ti_sysbios_family_arm_lm4_Timer_Object__table__V)
                  20001320    00000038     ultrasonic_rtos_pem4f.oem4f (.data:ti_sysbios_gates_GateMutex_Object__table__V)
                  20001358    00000034     ultrasonic_rtos_pem4f.oem4f (.data:ti_sysbios_family_arm_m3_Hwi_Module__state__V)
                  2000138c    00000030     ultrasonic_rtos_pem4f.oem4f (.data:ti_sysbios_family_arm_lm4_Timer_Module_State_0_device__A)
                  200013bc    00000030     ultrasonic_rtos_pem4f.oem4f (.data:ti_sysbios_family_arm_m3_Hwi_Object__table__V)
                  200013ec    00000030     ultrasonic_rtos_pem4f.oem4f (.data:ti_sysbios_knl_Swi_Object__table__V)
                  2000141c    0000002c     ultrasonic_rtos_pem4f.oem4f (.data:ti_sysbios_knl_Clock_Module__state__V)
                  20001448    00000024     ultrasonic_rtos_pem4f.oem4f (.data:ti_sysbios_BIOS_Module__state__V)
                  2000146c    0000001c     ultrasonic_rtos_pem4f.oem4f (.data:ti_sysbios_knl_Swi_Module__state__V)
                  20001488    00000018     ultrasonic_rtos_pem4f.oem4f (.data:ti_sysbios_family_arm_lm4_Timer_Module_State_0_handles__A)
                  200014a0    00000018     ultrasonic_rtos_pem4f.oem4f (.data:ti_sysbios_heaps_HeapMem_Object__table__V)
                  200014b8    00000014     EK_TM4C123GXL.obj (.data:gpioPinConfigs)
                  200014cc    0000000c     ultrasonic_rtos_pem4f.oem4f (.data:ti_sysbios_family_arm_lm4_Timer_Module__state__V)
                  200014d8    0000000c     ultrasonic_rtos_pem4f.oem4f (.data:xdc_runtime_SysMin_Module__state__V)
                  200014e4    00000008     rtsv7M4_T_le_v4SPD16_eabi.lib : _lock.c.obj (.data:$O1$$)
                  200014ec    00000008     EK_TM4C123GXL.obj (.data:gpioCallbackFunctions)
                  200014f4    00000008     ultrasonic_rtos_pem4f.oem4f (.data:ti_sysbios_family_arm_m3_Hwi_Module__root__V)
                  200014fc    00000008     ultrasonic_rtos_pem4f.oem4f (.data:ti_sysbios_gates_GateHwi_Module__root__V)
                  20001504    00000008     ultrasonic_rtos_pem4f.oem4f (.data:ti_sysbios_gates_GateMutex_Module__root__V)
                  2000150c    00000008     ultrasonic_rtos_pem4f.oem4f (.data:ti_sysbios_heaps_HeapMem_Module__root__V)
                  20001514    00000008     ultrasonic_rtos_pem4f.oem4f (.data:ti_sysbios_knl_Queue_Module__root__V)
                  2000151c    00000008     ultrasonic_rtos_pem4f.oem4f (.data:ti_sysbios_knl_Semaphore_Module__root__V)
                  20001524    00000008     ultrasonic_rtos_pem4f.oem4f (.data:xdc_runtime_Registry_Module__state__V)
                  2000152c    00000008     ultrasonic_rtos_pem4f.oem4f (.data:xdc_runtime_Startup_Module__state__V)
                  20001534    00000008     ultrasonic_rtos_pem4f.oem4f (.data:xdc_runtime_System_Module_State_0_atexitHandlers__A)
                  2000153c    00000008     ultrasonic_rtos_pem4f.oem4f (.data:xdc_runtime_System_Module__state__V)
                  20001544    00000005     drivers_tivaware.aem4f : GPIOTiva.oem4f (.data)
                  20001549    00000001     --HOLE--
                  2000154a    00000002     ultrasonic_rtos_pem4f.oem4f (.data:ti_sysbios_family_arm_m3_Hwi_Module_State_0_excActive__A)
                  2000154c    00000004     rtsv7M4_T_le_v4SPD16_eabi.lib : stkdepth_vars.c.obj (.data)
                  20001550    00000004     ultrasonic_rtos_pem4f.oem4f (.data:ti_sysbios_family_arm_m3_Hwi_Module_State_0_excContext__A)
                  20001554    00000004     ultrasonic_rtos_pem4f.oem4f (.data:ti_sysbios_family_arm_m3_Hwi_Module_State_0_excStack__A)
                  20001558    00000004     ultrasonic_rtos_pem4f.oem4f (.data:ti_sysbios_gates_GateHwi_Object__table__V)
                  2000155c    00000004     ultrasonic_rtos_pem4f.oem4f (.data:ti_sysbios_knl_Task_Module_State_0_idleTask__A)
                  20001560    00000004     ultrasonic_rtos_pem4f.oem4f (.data:xdc_runtime_Memory_Module__state__V)
                  20001564    00000002     ultrasonic_rtos_pem4f.oem4f (.data:xdc_runtime_Error_Module__state__V)

.stack     0    20001568    00000300     UNINITIALIZED
                  20001568    00000300     --HOLE--

.bootVecs 
*          0    00000000    00000008     DSECT
                  00000000    00000008     boot.aem4f : boot.oem4f (.bootVecs)

.vecs      0    20000000    00000360     UNINITIALIZED
                  20000000    00000360     ultrasonic_rtos_pem4f.oem4f (.vecs)

xdc.meta   0    00000000    000000ed     COPY SECTION
                  00000000    000000ed     ultrasonic_rtos_pem4f.oem4f (xdc.meta)

MODULE SUMMARY

       Module                        code    ro data   rw data
       ------                        ----    -------   -------
    .\
       ultra_main.obj                496     0         8      
    +--+-----------------------------+-------+---------+---------+
       Total:                        496     0         8      
                                                              
    .\project_includes\
       EK_TM4C123GXL.obj             112     20        28     
    +--+-----------------------------+-------+---------+---------+
       Total:                        112     20        28     
                                                              
    C:\Users\Julio\workspace_v8\Ultrasonic_Mod\Debug\configPkg\package\cfg\
       ultrasonic_rtos_pem4f.oem4f   1558    7628      4980   
    +--+-----------------------------+-------+---------+---------+
       Total:                        1558    7628      4980   
                                                              
    C:/ti/tirtos_tivac_2_16_00_08/products/TivaWare_C_Series-2.1.1.71b/driverlib/ccs/Debug/driverlib.lib
       gpio.obj                      590     144       0      
       interrupt.obj                 104     112       0      
       timer.obj                     210     0         0      
       sysctl.obj                    208     0         0      
       pwm.obj                       110     0         0      
    +--+-----------------------------+-------+---------+---------+
       Total:                        1222    256       0      
                                                              
    C:/ti/tirtos_tivac_2_16_00_08/products/tidrivers_tivac_2_16_00_08/packages/ti/drivers/lib/drivers_tivaware.aem4f
       GPIOTiva.oem4f                844     156       153    
    +--+-----------------------------+-------+---------+---------+
       Total:                        844     156       153    
                                                              
    C:\Users\Julio\workspace_v8\Ultrasonic_Mod\src\sysbios\sysbios.aem4f
       BIOS.obj                      10906   0         0      
       m3_Hwi_asm.obj                314     0         0      
       m3_TaskSupport_asm.obj        180     0         0      
       m3_Hwi_asm_switch.obj         118     0         0      
    +--+-----------------------------+-------+---------+---------+
       Total:                        11518   0         0      
                                                              
    C:\ti\ccsv8\tools\compiler\ti-cgt-arm_18.1.4.LTS\lib\rtsv7M4_T_le_v4SPD16_eabi.lib
       trgmsg.c.obj                  108     0         288    
       memcpy_t2.asm.obj             156     0         0      
       memset_t2.asm.obj             122     0         0      
       copy_decompress_lzss.c.obj    104     0         0      
       hostwrite.c.obj               88      0         0      
       cpy_tbl.c.obj                 76      0         0      
       u_divt2.asm.obj               64      0         0      
       _lock.c.obj                   26      0         8      
       args_main.c.obj               24      0         0      
       strlen.c.obj                  20      0         0      
       copy_decompress_none.c.obj    14      0         0      
       copy_zero_init.c.obj          12      0         0      
       hostopen.c.obj                0       0         8      
       exit.c.obj                    4       0         0      
       stkdepth_vars.c.obj           0       0         4      
       div0.asm.obj                  2       0         0      
    +--+-----------------------------+-------+---------+---------+
       Total:                        820     0         308    
                                                              
    C:\ti\tirtos_tivac_2_16_00_08\products\bios_6_45_01_29\packages\ti\catalog\arm\cortexm4\tiva\ce\lib\Boot.aem4f
       Boot_sysctl.oem4f             262     0         0      
       Boot.oem4f                    152     0         0      
    +--+-----------------------------+-------+---------+---------+
       Total:                        414     0         0      
                                                              
    C:\ti\tirtos_tivac_2_16_00_08\products\bios_6_45_01_29\packages\ti\targets\arm\rtsarm\lib\auto_init.aem4f
       auto_init.oem4f               160     0         0      
    +--+-----------------------------+-------+---------+---------+
       Total:                        160     0         0      
                                                              
    C:\ti\tirtos_tivac_2_16_00_08\products\bios_6_45_01_29\packages\ti\targets\arm\rtsarm\lib\boot.aem4f
       boot.oem4f                    88      0         0      
    +--+-----------------------------+-------+---------+---------+
       Total:                        88      0         0      
                                                              
    C:\ti\tirtos_tivac_2_16_00_08\products\bios_6_45_01_29\packages\ti\targets\arm\rtsarm\lib\ti.targets.arm.rtsarm.aem4f
       System.oem4f                  1255    0         0      
       Text.oem4f                    672     0         0      
       Error.oem4f                   524     0         0      
       Core-mem.oem4f                358     0         0      
       Startup.oem4f                 328     0         0      
       SysMin.oem4f                  248     0         0      
       Core-smem.oem4f               204     0         0      
       Memory.oem4f                  176     0         0      
       Assert.oem4f                  84      0         0      
       Core-params.oem4f             70      0         0      
       Core-label.oem4f              52      0         0      
       Registry.oem4f                32      0         0      
       Gate.oem4f                    28      0         0      
    +--+-----------------------------+-------+---------+---------+
       Total:                        4031    0         0      
                                                              
       Stack:                        0       0         768    
       Linker Generated:             0       548       0      
    +--+-----------------------------+-------+---------+---------+
       Grand Total:                  21263   8608      6245   


LINKER GENERATED COPY TABLES

__TI_cinit_table @ 00007538 records: 3, size/record: 8, table size: 24
	.data: load addr=00007328, load size=000001f0 bytes, run addr=20001104, run size=00000462 bytes, compression=lzss
	.bss: load addr=00007528, load size=00000008 bytes, run addr=20000360, run size=00000da4 bytes, compression=zero_init
	.vecs: load addr=00007530, load size=00000008 bytes, run addr=20000000, run size=00000360 bytes, compression=zero_init


LINKER GENERATED HANDLER TABLE

__TI_handler_table @ 00007518 records: 3, size/record: 4, table size: 12
	index: 0, handler: __TI_decompress_lzss
	index: 1, handler: __TI_decompress_none
	index: 2, handler: __TI_zero_init


GLOBAL SYMBOLS: SORTED ALPHABETICALLY BY Name 

address   name                                                              
-------   ----                                                              
00000cfd  C$$EXIT                                                           
00004413  C$$IO$$                                                           
000046ad  EK_TM4C123GXL_initGPIO                                            
000041f1  EK_TM4C123GXL_initGeneral                                         
000049a1  GPIODirModeSet                                                    
000031ab  GPIOIntClear                                                      
00005231  GPIOIntStatus                                                     
00003b11  GPIOIntTypeSet                                                    
00001b2d  GPIOPadConfigSet                                                  
00003f2d  GPIOPinConfigure                                                  
00004bb3  GPIOPinRead                                                       
000050bd  GPIOPinTypeGPIOInput                                              
000050cf  GPIOPinTypePWM                                                    
000050e1  GPIOPinTypeTimer                                                  
0000525b  GPIOPinWrite                                                      
00007124  GPIOTiva_config                                                   
0000357d  GPIO_hwiIntFxn                                                    
00002f15  GPIO_init                                                         
00003bbd  GPIO_setCallback                                                  
0000161d  GPIO_setConfig                                                    
00003c0d  GPIO_toggle                                                       
00003c5d  GPIO_write                                                        
00003a61  HOSTwrite                                                         
00003445  IntEnable                                                         
00004b91  PWMGenConfigure                                                   
0000528d  PWMGenEnable                                                      
0000514d  PWMGenPeriodSet                                                   
000050f3  PWMOutputState                                                    
00004d21  PWMPulseWidthSet                                                  
UNDEFED   SHT$$INIT_ARRAY$$Base                                             
UNDEFED   SHT$$INIT_ARRAY$$Limit                                            
0000502d  SysCtlPWMClockSet                                                 
00004501  SysCtlPeripheralEnable                                            
000043ad  SysCtlPeripheralReady                                             
00003cad  SysCtlPeripheralReset                                             
0000370d  TimerConfigure                                                    
00005001  TimerControlEvent                                                 
00005041  TimerDisable                                                      
0000523f  TimerEnable                                                       
000007bd  TimerIntClear                                                     
0000535f  TimerIntEnable                                                    
00005105  TimerLoadSet                                                      
00005117  TimerPrescaleSet                                                  
00005341  TimerValueGet                                                     
00000000  __ASM__                                                           
20000ec0  __CIOBUF_                                                         
0000006b  __ISA__                                                           
0000007e  __PLAT__                                                          
20001868  __STACK_END                                                       
00000300  __STACK_SIZE                                                      
0000009f  __TARG__                                                          
00007538  __TI_CINIT_Base                                                   
00007550  __TI_CINIT_Limit                                                  
00007518  __TI_Handler_Table_Base                                           
00007524  __TI_Handler_Table_Limit                                          
000029a9  __TI_auto_init                                                    
000034ad  __TI_decompress_lzss                                              
0000524d  __TI_decompress_none                                              
ffffffff  __TI_pprof_out_hndl                                               
ffffffff  __TI_prof_data_size                                               
ffffffff  __TI_prof_data_start                                              
00004535  __TI_readmsg                                                      
00007328  __TI_static_base__                                                
000043e5  __TI_writemsg                                                     
000052b1  __TI_zero_init                                                    
000000c5  __TRDR__                                                          
000032ff  __aeabi_idiv0                                                     
000032ff  __aeabi_ldiv0                                                     
00003131  __aeabi_memclr                                                    
00003131  __aeabi_memclr4                                                   
00003131  __aeabi_memclr8                                                   
00002ae9  __aeabi_memcpy                                                    
00002ae9  __aeabi_memcpy4                                                   
00002ae9  __aeabi_memcpy8                                                   
00003133  __aeabi_memset                                                    
00003133  __aeabi_memset4                                                   
00003133  __aeabi_memset8                                                   
00004231  __aeabi_uidiv                                                     
00004231  __aeabi_uidivmod                                                  
ffffffff  __binit__                                                         
ffffffff  __c_args__                                                        
20001568  __stack                                                           
00004f0d  _args_main                                                        
00003a09  _c_int00                                                          
200014e4  _lock                                                             
00002cbf  _nop                                                              
00005299  _register_lock                                                    
000052a5  _register_unlock                                                  
200014e8  _unlock                                                           
00000cfd  abort                                                             
ffffffff  binit                                                             
000042b1  captureEvent_HWI                                                  
00003df1  copy_in                                                           
200010f8  first                                                             
200014ec  gpioCallbackFunctions                                             
200014b8  gpioPinConfigs                                                    
000027ad  heartBeat_TASK                                                    
00002e85  main                                                              
2000154c  main_func_sp                                                      
00002ae9  memcpy                                                            
00003139  memset                                                            
000051d1  osi_TaskDisable                                                   
00005171  osi_start                                                         
200010f0  parmbuf                                                           
20001100  period                                                            
000030b5  pwmInit                                                           
00005055  strlen                                                            
0000717c  ti_catalog_arm_cortexm4_tiva_ce_Boot_A_mustUseEnhancedClockMode__C
00007180  ti_catalog_arm_cortexm4_tiva_ce_Boot_Module__diagsEnabled__C      
00007184  ti_catalog_arm_cortexm4_tiva_ce_Boot_Module__diagsIncluded__C     
00007188  ti_catalog_arm_cortexm4_tiva_ce_Boot_Module__diagsMask__C         
00007304  ti_catalog_arm_cortexm4_tiva_ce_Boot_Module__id__C                
00005281  ti_catalog_arm_cortexm4_tiva_ce_Boot_init__I                      
00001d75  ti_catalog_arm_cortexm4_tiva_ce_Boot_sysCtlClockSetI__I           
00002cc1  ti_catalog_arm_cortexm4_tiva_ce_Boot_sysCtlClockSet__E            
00005381  ti_catalog_arm_cortexm4_tiva_ce_Boot_sysCtlDelayI__I              
20001448  ti_sysbios_BIOS_Module__state__V                                  
00004e71  ti_sysbios_BIOS_RtsGateProxy_Handle__label__S                     
00004afd  ti_sysbios_BIOS_RtsGateProxy_Object__delete__S                    
0000114d  ti_sysbios_BIOS_RtsGateProxy_enter__E                             
000014b5  ti_sysbios_BIOS_RtsGateProxy_leave__E                             
000053c9  ti_sysbios_BIOS_RtsGateProxy_query__E                             
000046dd  ti_sysbios_BIOS_atExitFunc__I                                     
00004a6d  ti_sysbios_BIOS_errorRaiseHook__I                                 
00005017  ti_sysbios_BIOS_exitFunc__I                                       
0000357b  ti_sysbios_BIOS_nullFunc__I                                       
00004a91  ti_sysbios_BIOS_registerRTSLock__I                                
00004ab5  ti_sysbios_BIOS_removeRTSLock__I                                  
00004bfd  ti_sysbios_BIOS_rtsLock__I                                        
00004f25  ti_sysbios_BIOS_rtsUnlock__I                                      
00005161  ti_sysbios_BIOS_setThreadType__E                                  
00004ad9  ti_sysbios_BIOS_startFunc__I                                      
00005171  ti_sysbios_BIOS_start__E                                          
2000138c  ti_sysbios_family_arm_lm4_Timer_Module_State_0_device__A          
20001488  ti_sysbios_family_arm_lm4_Timer_Module_State_0_handles__A         
00004f3d  ti_sysbios_family_arm_lm4_Timer_Module__startupDone__F            
00004f3d  ti_sysbios_family_arm_lm4_Timer_Module__startupDone__S            
200014cc  ti_sysbios_family_arm_lm4_Timer_Module__state__V                  
000035e1  ti_sysbios_family_arm_lm4_Timer_Module_startup__E                 
200012e0  ti_sysbios_family_arm_lm4_Timer_Object__table__V                  
0000718c  ti_sysbios_family_arm_lm4_Timer_enableFunc__C                     
00002859  ti_sysbios_family_arm_lm4_Timer_enableTimers__I                   
00002701  ti_sysbios_family_arm_lm4_Timer_enableTiva__I                     
000052c1  ti_sysbios_family_arm_lm4_Timer_getMaxTicks__E                    
00003771  ti_sysbios_family_arm_lm4_Timer_isrStub__E                        
00005367  ti_sysbios_family_arm_lm4_Timer_masterDisable__I                  
0000176d  ti_sysbios_family_arm_lm4_Timer_masterEnable__I                   
00007190  ti_sysbios_family_arm_lm4_Timer_numTimerDevices__C                
000019f9  ti_sysbios_family_arm_lm4_Timer_start__E                          
00007194  ti_sysbios_family_arm_lm4_Timer_startupNeeded__C                  
00004271  ti_sysbios_family_arm_lm4_Timer_startup__E                        
00004711  ti_sysbios_family_arm_lm4_Timer_stop__E                           
00004bb9  ti_sysbios_family_arm_lm4_Timer_write__I                          
00007198  ti_sysbios_family_arm_m3_Hwi_E_NMI__C                             
0000719c  ti_sysbios_family_arm_m3_Hwi_E_alreadyDefined__C                  
[...]
00005231  GPIOIntStatus                                                     
0000523f  TimerEnable                                                       
0000524d  __TI_decompress_none                                              
0000525b  GPIOPinWrite                                                      
00005261  ti_sysbios_knl_Idle_loop__E                                       
00005271  ti_sysbios_knl_Queue_empty__E                                     
00005281  ti_catalog_arm_cortexm4_tiva_ce_Boot_init__I                      
0000528d  PWMGenEnable                                                      
00005299  _register_lock                                                    
000052a5  _register_unlock                                                  
000052b1  __TI_zero_init                                                    
000052c1  ti_sysbios_family_arm_lm4_Timer_getMaxTicks__E                    
000052cd  ti_sysbios_family_arm_m3_Hwi_Params__init__S                      
000052cd  ti_sysbios_hal_Hwi_HwiProxy_Params__init__S                       
000052d9  ti_sysbios_family_arm_m3_Hwi_disableFxn__E                        
000052d9  ti_sysbios_hal_Hwi_HwiProxy_disable__E                            
000052e9  ti_sysbios_family_arm_m3_TaskSupport_checkStack__E                
000052e9  ti_sysbios_knl_Task_SupportProxy_checkStack__E                    
000052f9  ti_sysbios_gates_GateHwi_enter__E                                 
00005305  ti_sysbios_knl_Queue_Object__get__S                               
00005311  xdc_runtime_Error_init__E                                         
0000531d  xdc_runtime_Gate_enterSystem__E                                   
00005329  xdc_runtime_Memory_calloc__E                                      
00005335  xdc_runtime_Memory_getMaxDefaultTypeAlign__E                      
00005341  TimerValueGet                                                     
0000534b  xdc_runtime_Memory_HeapProxy_alloc__E                             
00005355  xdc_runtime_Memory_HeapProxy_free__E                              
0000535f  TimerIntEnable                                                    
00005367  ti_sysbios_family_arm_lm4_Timer_masterDisable__I                  
00005371  ti_sysbios_family_arm_m3_Hwi_doSwiRestore__I                      
00005379  ti_sysbios_family_arm_m3_Hwi_startup__E                           
00005379  ti_sysbios_hal_Hwi_HwiProxy_startup__E                            
00005379  ti_sysbios_hal_Hwi_startup__E                                     
00005381  ti_catalog_arm_cortexm4_tiva_ce_Boot_sysCtlDelayI__I              
00005389  ti_sysbios_family_arm_m3_Hwi_doTaskRestore__I                     
00005391  ti_sysbios_family_arm_m3_Hwi_restoreFxn__E                        
00005391  ti_sysbios_hal_Hwi_HwiProxy_restore__E                            
00005399  ti_sysbios_gates_GateHwi_leave__E                                 
000053a1  ti_sysbios_heaps_HeapMem_isBlocking__E                            
000053a9  ti_sysbios_knl_Queue_Instance_init__E                             
000053b1  ti_sysbios_knl_Swi_startup__E                                     
000053b7  xdc_runtime_System_Module_startup__E                              
000053c1  ti_sysbios_gates_GateHwi_query__E                                 
000053c1  xdc_runtime_Main_Module_GateProxy_query__E                        
000053c1  xdc_runtime_System_Module_GateProxy_query__E                      
000053c9  ti_sysbios_BIOS_RtsGateProxy_query__E                             
000053c9  ti_sysbios_gates_GateMutex_query__E                               
000053c9  ti_sysbios_heaps_HeapMem_Module_GateProxy_query__E                
000053d1  ti_sysbios_knl_Task_startup__E                                    
000053d9  ti_sysbios_gates_GateHwi_Instance_init__E                         
000053e1  ti_sysbios_knl_Clock_logTick__E                                   
000053e4  xdc_runtime_Text_charTab__A                                       
00006c73  xdc_runtime_Error_policy__C                                       
00006c74  xdc_runtime_Text_nodeTab__A                                       
00006f14  ti_sysbios_family_arm_m3_Hwi_Object__PARAMS__C                    
00006f44  ti_sysbios_heaps_HeapMem_Module__FXNS__C                          
00006f6c  ti_sysbios_gates_GateHwi_Module__FXNS__C                          
00006f90  ti_sysbios_gates_GateMutex_Module__FXNS__C                        
00006fb4  ti_sysbios_heaps_HeapMem_Object__PARAMS__C                        
00006fd8  ti_sysbios_knl_Semaphore_Object__PARAMS__C                        
00006ffc  ti_sysbios_family_arm_m3_Hwi_Object__DESC__C                      
0000701c  ti_sysbios_gates_GateHwi_Object__DESC__C                          
0000703c  ti_sysbios_gates_GateMutex_Object__DESC__C                        
0000705c  ti_sysbios_heaps_HeapMem_Object__DESC__C                          
0000707c  ti_sysbios_knl_Queue_Object__DESC__C                              
0000709c  ti_sysbios_knl_Semaphore_Object__DESC__C                          
000070bc  xdc_runtime_Startup_sfxnTab__A                                    
000070dc  ti_sysbios_gates_GateHwi_Object__PARAMS__C                        
000070f4  ti_sysbios_gates_GateMutex_Object__PARAMS__C                      
0000710c  ti_sysbios_knl_Queue_Object__PARAMS__C                            
00007124  GPIOTiva_config                                                   
00007138  xdc_runtime_Startup_firstFxns__A                                  
0000714c  xdc_runtime_Startup_sfxnRts__A                                    
0000715c  ti_sysbios_family_arm_m3_Hwi_excHookFuncs__A                      
00007164  ti_sysbios_knl_Idle_funcList__C                                   
0000716c  xdc_runtime_Startup_firstFxns__C                                  
00007174  xdc_runtime_Startup_lastFxns__C                                   
0000717c  ti_catalog_arm_cortexm4_tiva_ce_Boot_A_mustUseEnhancedClockMode__C
00007180  ti_catalog_arm_cortexm4_tiva_ce_Boot_Module__diagsEnabled__C      
00007184  ti_catalog_arm_cortexm4_tiva_ce_Boot_Module__diagsIncluded__C     
00007188  ti_catalog_arm_cortexm4_tiva_ce_Boot_Module__diagsMask__C         
0000718c  ti_sysbios_family_arm_lm4_Timer_enableFunc__C                     
00007190  ti_sysbios_family_arm_lm4_Timer_numTimerDevices__C                
00007194  ti_sysbios_family_arm_lm4_Timer_startupNeeded__C                  
00007198  ti_sysbios_family_arm_m3_Hwi_E_NMI__C                             
0000719c  ti_sysbios_family_arm_m3_Hwi_E_alreadyDefined__C                  
000071a0  ti_sysbios_family_arm_m3_Hwi_E_busFault__C                        
000071a4  ti_sysbios_family_arm_m3_Hwi_E_debugMon__C                        
000071a8  ti_sysbios_family_arm_m3_Hwi_E_hardFault__C                       
000071ac  ti_sysbios_family_arm_m3_Hwi_E_memFault__C                        
000071b0  ti_sysbios_family_arm_m3_Hwi_E_noIsr__C                           
000071b4  ti_sysbios_family_arm_m3_Hwi_E_reserved__C                        
000071b8  ti_sysbios_family_arm_m3_Hwi_E_svCall__C                          
000071bc  ti_sysbios_family_arm_m3_Hwi_E_usageFault__C                      
000071c0  ti_sysbios_family_arm_m3_Hwi_NUM_INTERRUPTS__C                    
000071c4  ti_sysbios_family_arm_m3_Hwi_Object__count__C                     
000071c8  ti_sysbios_family_arm_m3_Hwi_ccr__C                               
000071cc  ti_sysbios_family_arm_m3_Hwi_excHandlerFunc__C                    
000071d0  ti_sysbios_family_arm_m3_Hwi_excHookFuncs__C                      
000071d4  ti_sysbios_family_arm_m3_Hwi_nullIsrFunc__C                       
000071d8  ti_sysbios_family_arm_m3_Hwi_priGroup__C                          
000071dc  ti_sysbios_gates_GateMutex_A_badContext__C                        
000071e0  ti_sysbios_gates_GateMutex_Instance_State_sem__O                  
000071e4  ti_sysbios_gates_GateMutex_Module__diagsEnabled__C                
000071e8  ti_sysbios_gates_GateMutex_Module__diagsIncluded__C               
000071ec  ti_sysbios_gates_GateMutex_Module__diagsMask__C                   
000071f0  ti_sysbios_hal_Hwi_E_stackOverflow__C                             
000071f4  ti_sysbios_heaps_HeapMem_A_align__C                               
000071f8  ti_sysbios_heaps_HeapMem_A_heapSize__C                            
000071fc  ti_sysbios_heaps_HeapMem_A_invalidFree__C                         
00007200  ti_sysbios_heaps_HeapMem_A_zeroBlock__C                           
00007204  ti_sysbios_heaps_HeapMem_E_memory__C                              
00007208  ti_sysbios_heaps_HeapMem_Module__diagsEnabled__C                  
0000720c  ti_sysbios_heaps_HeapMem_Module__diagsIncluded__C                 
00007210  ti_sysbios_heaps_HeapMem_Module__diagsMask__C                     
00007214  ti_sysbios_heaps_HeapMem_Module__gateObj__C                       
00007218  ti_sysbios_heaps_HeapMem_Object__count__C                         
0000721c  ti_sysbios_heaps_HeapMem_reqAlign__C                              
00007220  ti_sysbios_knl_Clock_Module_State_clockQ__O                       
00007224  ti_sysbios_knl_Idle_funcList__A                                   
00007228  ti_sysbios_knl_Semaphore_A_badContext__C                          
0000722c  ti_sysbios_knl_Semaphore_A_noEvents__C                            
00007230  ti_sysbios_knl_Semaphore_A_overflow__C                            
00007234  ti_sysbios_knl_Semaphore_A_pendTaskDisabled__C                    
00007238  ti_sysbios_knl_Semaphore_Instance_State_pendQ__O                  
0000723c  ti_sysbios_knl_Semaphore_Module__diagsEnabled__C                  
00007240  ti_sysbios_knl_Semaphore_Module__diagsIncluded__C                 
00007244  ti_sysbios_knl_Semaphore_Module__diagsMask__C                     
00007248  ti_sysbios_knl_Swi_Object__count__C                               
0000724c  ti_sysbios_knl_Task_A_badTimeout__C                               
00007250  ti_sysbios_knl_Task_A_sleepTaskDisabled__C                        
00007254  ti_sysbios_knl_Task_E_spOutOfBounds__C                            
00007258  ti_sysbios_knl_Task_E_stackOverflow__C                            
0000725c  ti_sysbios_knl_Task_Module_State_inactiveQ__O                     
00007260  ti_sysbios_knl_Task_Module__diagsEnabled__C                       
00007264  ti_sysbios_knl_Task_Module__diagsIncluded__C                      
00007268  ti_sysbios_knl_Task_Module__diagsMask__C                          
0000726c  ti_sysbios_knl_Task_Object__count__C                              
00007270  ti_sysbios_knl_Task_allBlockedFunc__C                             
00007274  ti_sysbios_knl_Task_numConstructedTasks__C                        
00007278  xdc_runtime_Assert_E_assertFailed__C                              
0000727c  xdc_runtime_Core_A_initializedParams__C                           
00007280  xdc_runtime_Core_Module__diagsEnabled__C                          
00007284  xdc_runtime_Core_Module__diagsIncluded__C                         
00007288  xdc_runtime_Core_Module__diagsMask__C                             
0000728c  xdc_runtime_Error_E_memory__C                                     
00007290  xdc_runtime_Error_Module__diagsEnabled__C                         
00007294  xdc_runtime_Error_Module__diagsIncluded__C                        
00007298  xdc_runtime_Error_Module__diagsMask__C                            
0000729c  xdc_runtime_Error_Module__loggerFxn8__C                           
000072a0  xdc_runtime_Error_Module__loggerObj__C                            
000072a4  xdc_runtime_Error_policyFxn__C                                    
000072a8  xdc_runtime_Error_raiseHook__C                                    
000072ac  xdc_runtime_IGateProvider_Interface__BASE__C                      
000072b0  xdc_runtime_IHeap_Interface__BASE__C                              
000072b4  xdc_runtime_IModule_Interface__BASE__C                            
000072b8  xdc_runtime_Log_L_error__C                                        
000072bc  xdc_runtime_Memory_defaultHeapInstance__C                         
000072c0  xdc_runtime_Startup_execImpl__C                                   
000072c4  xdc_runtime_Startup_maxPasses__C                                  
000072c8  xdc_runtime_Startup_sfxnRts__C                                    
000072cc  xdc_runtime_Startup_sfxnTab__C                                    
000072d0  xdc_runtime_SysMin_bufSize__C                                     
000072d4  xdc_runtime_SysMin_outputFunc__C                                  
000072d8  xdc_runtime_System_Module__gateObj__C                             
000072dc  xdc_runtime_System_abortFxn__C                                    
000072e0  xdc_runtime_System_exitFxn__C                                     
000072e4  xdc_runtime_System_extendFxn__C                                   
000072e8  xdc_runtime_System_maxAtexitHandlers__C                           
000072ec  xdc_runtime_Text_charTab__C                                       
000072f0  xdc_runtime_Text_nameEmpty__C                                     
000072f4  xdc_runtime_Text_nameStatic__C                                    
000072f8  xdc_runtime_Text_nameUnknown__C                                   
000072fc  xdc_runtime_Text_nodeTab__C                                       
00007300  xdc_runtime_Text_visitRopeFxn__C                                  
00007304  ti_catalog_arm_cortexm4_tiva_ce_Boot_Module__id__C                
00007306  ti_sysbios_family_arm_m3_Hwi_Module__id__C                        
00007308  ti_sysbios_gates_GateMutex_Module__id__C                          
0000730a  ti_sysbios_hal_Hwi_Module__id__C                                  
0000730c  ti_sysbios_heaps_HeapMem_Module__id__C                            
0000730e  ti_sysbios_knl_Semaphore_Module__id__C                            
00007310  ti_sysbios_knl_Task_Module__id__C                                 
00007312  xdc_runtime_Core_Module__id__C                                    
00007314  xdc_runtime_Error_Module__loggerDefined__C                        
00007316  xdc_runtime_Error_maxDepth__C                                     
00007318  xdc_runtime_Memory_Module__id__C                                  
0000731a  xdc_runtime_SysMin_flushAtExit__C                                 
0000731c  xdc_runtime_Text_charCnt__C                                       
0000731e  xdc_runtime_Text_isLoaded__C                                      
00007320  xdc_runtime_Text_registryModsLastId__C                            
00007322  xdc_runtime_Text_unnamedModsLastId__C                             
00007328  __TI_static_base__                                                
00007518  __TI_Handler_Table_Base                                           
00007524  __TI_Handler_Table_Limit                                          
00007538  __TI_CINIT_Base                                                   
00007550  __TI_CINIT_Limit                                                  
20000000  ti_sysbios_family_arm_m3_Hwi_ramVectors                           
20000360  ti_sysbios_knl_Task_Instance_State_0_stack__A                     
20000560  ti_sysbios_knl_Task_Instance_State_1_stack__A                     
20000760  ti_sysbios_heaps_HeapMem_Instance_State_0_buf__A                  
20000b60  ti_sysbios_family_arm_m3_Hwi_dispatchTable                        
20000ec0  __CIOBUF_                                                         
20001070  xdc_runtime_SysMin_Module_State_0_outbuf__A                       
200010f0  parmbuf                                                           
200010f8  first                                                             
20001100  period                                                            
20001104  ti_sysbios_knl_Task_Object__table__V                              
2000119c  ti_sysbios_knl_Swi_Module_State_0_readyQ__A                       
2000121c  ti_sysbios_knl_Task_Module_State_0_readyQ__A                      
2000129c  ti_sysbios_knl_Task_Module__state__V                              
200012e0  ti_sysbios_family_arm_lm4_Timer_Object__table__V                  
20001320  ti_sysbios_gates_GateMutex_Object__table__V                       
20001358  ti_sysbios_family_arm_m3_Hwi_Module__state__V                     
2000138c  ti_sysbios_family_arm_lm4_Timer_Module_State_0_device__A          
200013bc  ti_sysbios_family_arm_m3_Hwi_Object__table__V                     
200013ec  ti_sysbios_knl_Swi_Object__table__V                               
2000141c  ti_sysbios_knl_Clock_Module__state__V                             
20001448  ti_sysbios_BIOS_Module__state__V                                  
2000146c  ti_sysbios_knl_Swi_Module__state__V                               
20001488  ti_sysbios_family_arm_lm4_Timer_Module_State_0_handles__A         
200014a0  ti_sysbios_heaps_HeapMem_Object__table__V                         
200014b8  gpioPinConfigs                                                    
200014cc  ti_sysbios_family_arm_lm4_Timer_Module__state__V                  
200014d8  xdc_runtime_SysMin_Module__state__V                               
200014e4  _lock                                                             
200014e8  _unlock                                                           
200014ec  gpioCallbackFunctions                                             
200014f4  ti_sysbios_family_arm_m3_Hwi_Module__root__V                      
200014fc  ti_sysbios_gates_GateHwi_Module__root__V                          
20001504  ti_sysbios_gates_GateMutex_Module__root__V                        
2000150c  ti_sysbios_heaps_HeapMem_Module__root__V                          
20001514  ti_sysbios_knl_Queue_Module__root__V                              
2000151c  ti_sysbios_knl_Semaphore_Module__root__V                          
20001524  xdc_runtime_Registry_Module__state__V                             
2000152c  xdc_runtime_Startup_Module__state__V                              
20001534  xdc_runtime_System_Module_State_0_atexitHandlers__A               
2000153c  xdc_runtime_System_Module__state__V                               
2000154a  ti_sysbios_family_arm_m3_Hwi_Module_State_0_excActive__A          
2000154c  main_func_sp                                                      
20001550  ti_sysbios_family_arm_m3_Hwi_Module_State_0_excContext__A         
20001554  ti_sysbios_family_arm_m3_Hwi_Module_State_0_excStack__A           
20001558  ti_sysbios_gates_GateHwi_Object__table__V                         
2000155c  ti_sysbios_knl_Task_Module_State_0_idleTask__A                    
20001560  xdc_runtime_Memory_Module__state__V                               
20001564  xdc_runtime_Error_Module__state__V                                
20001568  __stack                                                           
20001868  __STACK_END                                                       
e000e000  ti_sysbios_family_arm_m3_Hwi_nvic                                 
ffffffff  __TI_pprof_out_hndl                                               
ffffffff  __TI_prof_data_size                                               
ffffffff  __TI_prof_data_start                                              
ffffffff  __binit__                                                         
ffffffff  __c_args__                                                        
ffffffff  binit                                                             
UNDEFED   SHT$$INIT_ARRAY$$Base                                             
UNDEFED   SHT$$INIT_ARRAY$$Limit                                            

[550 symbols]
